Archive member included to satisfy reference by file (symbol)

/home/yyyy/stm32f4_boot/tools/toolchain/gcc-arm-none-eabi-10.3-2021.10/bin/../lib/gcc/arm-none-eabi/10.3.1/../../../../arm-none-eabi/lib/thumb/v7e-m+fp/hard/libc_nano.a(lib_a-exit.o)
                              /home/yyyy/stm32f4_boot/tools/toolchain/gcc-arm-none-eabi-10.3-2021.10/bin/../lib/gcc/arm-none-eabi/10.3.1/../../../../arm-none-eabi/lib/thumb/v7e-m+fp/hard/crt0.o (exit)
/home/yyyy/stm32f4_boot/tools/toolchain/gcc-arm-none-eabi-10.3-2021.10/bin/../lib/gcc/arm-none-eabi/10.3.1/../../../../arm-none-eabi/lib/thumb/v7e-m+fp/hard/libc_nano.a(lib_a-impure.o)
                              /home/yyyy/stm32f4_boot/tools/toolchain/gcc-arm-none-eabi-10.3-2021.10/bin/../lib/gcc/arm-none-eabi/10.3.1/../../../../arm-none-eabi/lib/thumb/v7e-m+fp/hard/libc_nano.a(lib_a-exit.o) (_global_impure_ptr)
/home/yyyy/stm32f4_boot/tools/toolchain/gcc-arm-none-eabi-10.3-2021.10/bin/../lib/gcc/arm-none-eabi/10.3.1/../../../../arm-none-eabi/lib/thumb/v7e-m+fp/hard/libc_nano.a(lib_a-init.o)
                              /home/yyyy/stm32f4_boot/tools/toolchain/gcc-arm-none-eabi-10.3-2021.10/bin/../lib/gcc/arm-none-eabi/10.3.1/../../../../arm-none-eabi/lib/thumb/v7e-m+fp/hard/crt0.o (__libc_init_array)
/home/yyyy/stm32f4_boot/tools/toolchain/gcc-arm-none-eabi-10.3-2021.10/bin/../lib/gcc/arm-none-eabi/10.3.1/../../../../arm-none-eabi/lib/thumb/v7e-m+fp/hard/libc_nano.a(lib_a-memset.o)
                              /home/yyyy/stm32f4_boot/tools/toolchain/gcc-arm-none-eabi-10.3-2021.10/bin/../lib/gcc/arm-none-eabi/10.3.1/../../../../arm-none-eabi/lib/thumb/v7e-m+fp/hard/crt0.o (memset)

Discarded input sections

 .text          0x0000000000000000        0x0 /home/yyyy/stm32f4_boot/tools/toolchain/gcc-arm-none-eabi-10.3-2021.10/bin/../lib/gcc/arm-none-eabi/10.3.1/thumb/v7e-m+fp/hard/crti.o
 .data          0x0000000000000000        0x0 /home/yyyy/stm32f4_boot/tools/toolchain/gcc-arm-none-eabi-10.3-2021.10/bin/../lib/gcc/arm-none-eabi/10.3.1/thumb/v7e-m+fp/hard/crti.o
 .bss           0x0000000000000000        0x0 /home/yyyy/stm32f4_boot/tools/toolchain/gcc-arm-none-eabi-10.3-2021.10/bin/../lib/gcc/arm-none-eabi/10.3.1/thumb/v7e-m+fp/hard/crti.o
 .data          0x0000000000000000        0x4 /home/yyyy/stm32f4_boot/tools/toolchain/gcc-arm-none-eabi-10.3-2021.10/bin/../lib/gcc/arm-none-eabi/10.3.1/thumb/v7e-m+fp/hard/crtbegin.o
 .rodata        0x0000000000000000       0x24 /home/yyyy/stm32f4_boot/tools/toolchain/gcc-arm-none-eabi-10.3-2021.10/bin/../lib/gcc/arm-none-eabi/10.3.1/thumb/v7e-m+fp/hard/crtbegin.o
 .text          0x0000000000000000       0x7c /home/yyyy/stm32f4_boot/tools/toolchain/gcc-arm-none-eabi-10.3-2021.10/bin/../lib/gcc/arm-none-eabi/10.3.1/../../../../arm-none-eabi/lib/thumb/v7e-m+fp/hard/crt0.o
 .data          0x0000000000000000        0x0 /home/yyyy/stm32f4_boot/tools/toolchain/gcc-arm-none-eabi-10.3-2021.10/bin/../lib/gcc/arm-none-eabi/10.3.1/../../../../arm-none-eabi/lib/thumb/v7e-m+fp/hard/crt0.o
 .bss           0x0000000000000000        0x0 /home/yyyy/stm32f4_boot/tools/toolchain/gcc-arm-none-eabi-10.3-2021.10/bin/../lib/gcc/arm-none-eabi/10.3.1/../../../../arm-none-eabi/lib/thumb/v7e-m+fp/hard/crt0.o
 .ARM.extab     0x0000000000000000        0x0 /home/yyyy/stm32f4_boot/tools/toolchain/gcc-arm-none-eabi-10.3-2021.10/bin/../lib/gcc/arm-none-eabi/10.3.1/../../../../arm-none-eabi/lib/thumb/v7e-m+fp/hard/crt0.o
 .ARM.exidx     0x0000000000000000       0x10 /home/yyyy/stm32f4_boot/tools/toolchain/gcc-arm-none-eabi-10.3-2021.10/bin/../lib/gcc/arm-none-eabi/10.3.1/../../../../arm-none-eabi/lib/thumb/v7e-m+fp/hard/crt0.o
 .ARM.attributes
                0x0000000000000000       0x1c /home/yyyy/stm32f4_boot/tools/toolchain/gcc-arm-none-eabi-10.3-2021.10/bin/../lib/gcc/arm-none-eabi/10.3.1/../../../../arm-none-eabi/lib/thumb/v7e-m+fp/hard/crt0.o
 .text          0x0000000000000000        0x0 output/bulid_boot/boot/main.o
 .data          0x0000000000000000        0x0 output/bulid_boot/boot/main.o
 .bss           0x0000000000000000        0x0 output/bulid_boot/boot/main.o
 .text          0x0000000000000000        0x0 output/bulid_boot/driver/delay/delay.o
 .data          0x0000000000000000        0x0 output/bulid_boot/driver/delay/delay.o
 .bss           0x0000000000000000        0x0 output/bulid_boot/driver/delay/delay.o
 .text.TIM3_Init
                0x0000000000000000       0x34 output/bulid_boot/driver/delay/delay.o
 .text.Delay_Init
                0x0000000000000000        0xe output/bulid_boot/driver/delay/delay.o
 .text.Delay_Us
                0x0000000000000000       0x28 output/bulid_boot/driver/delay/delay.o
 .text.Delay_Ms
                0x0000000000000000       0x18 output/bulid_boot/driver/delay/delay.o
 .debug_info    0x0000000000000000      0x4bf output/bulid_boot/driver/delay/delay.o
 .debug_abbrev  0x0000000000000000      0x17b output/bulid_boot/driver/delay/delay.o
[...]
Memory Configuration

Name             Origin             Length             Attributes
RAM              0x0000000020000000 0x0000000000020000 xrw
CCMRAM           0x0000000010000000 0x0000000000010000 xrw
FLASH            0x0000000008000000 0x0000000000080000 xr
*default*        0x0000000000000000 0xffffffffffffffff

Linker script and memory map

LOAD /home/yyyy/stm32f4_boot/tools/toolchain/gcc-arm-none-eabi-10.3-2021.10/bin/../lib/gcc/arm-none-eabi/10.3.1/thumb/v7e-m+fp/hard/crti.o
LOAD /home/yyyy/stm32f4_boot/tools/toolchain/gcc-arm-none-eabi-10.3-2021.10/bin/../lib/gcc/arm-none-eabi/10.3.1/thumb/v7e-m+fp/hard/crtbegin.o
LOAD /home/yyyy/stm32f4_boot/tools/toolchain/gcc-arm-none-eabi-10.3-2021.10/bin/../lib/gcc/arm-none-eabi/10.3.1/../../../../arm-none-eabi/lib/thumb/v7e-m+fp/hard/crt0.o
START GROUP
LOAD /home/yyyy/stm32f4_boot/tools/toolchain/gcc-arm-none-eabi-10.3-2021.10/bin/../lib/gcc/arm-none-eabi/10.3.1/../../../../arm-none-eabi/lib/thumb/v7e-m+fp/hard/libm.a
END GROUP
LOAD output/bulid_boot/boot/main.o
LOAD output/bulid_boot/driver/delay/delay.o
LOAD output/bulid_boot/driver/led/led.o
LOAD output/bulid_boot/platform/cmsis/device/startup_stm32f40_41xxx.o
LOAD output/bulid_boot/platform/cmsis/device/system_stm32f4xx.o
LOAD output/bulid_boot/platform/driver/src/misc.o
LOAD output/bulid_boot/platform/driver/src/stm32f4xx_adc.o
LOAD output/bulid_boot/platform/driver/src/stm32f4xx_can.o
LOAD output/bulid_boot/platform/driver/src/stm32f4xx_cec.o
LOAD output/bulid_boot/platform/driver/src/stm32f4xx_crc.o
LOAD output/bulid_boot/platform/driver/src/stm32f4xx_cryp.o
LOAD output/bulid_boot/platform/driver/src/stm32f4xx_cryp_aes.o
LOAD output/bulid_boot/platform/driver/src/stm32f4xx_cryp_des.o
LOAD output/bulid_boot/platform/driver/src/stm32f4xx_cryp_tdes.o
LOAD output/bulid_boot/platform/driver/src/stm32f4xx_dac.o
LOAD output/bulid_boot/platform/driver/src/stm32f4xx_dbgmcu.o
LOAD output/bulid_boot/platform/driver/src/stm32f4xx_dcmi.o
LOAD output/bulid_boot/platform/driver/src/stm32f4xx_dfsdm.o
LOAD output/bulid_boot/platform/driver/src/stm32f4xx_dma.o
LOAD output/bulid_boot/platform/driver/src/stm32f4xx_dma2d.o
LOAD output/bulid_boot/platform/driver/src/stm32f4xx_dsi.o
LOAD output/bulid_boot/platform/driver/src/stm32f4xx_exti.o
LOAD output/bulid_boot/platform/driver/src/stm32f4xx_flash.o
LOAD output/bulid_boot/platform/driver/src/stm32f4xx_flash_ramfunc.o
LOAD output/bulid_boot/platform/driver/src/stm32f4xx_fmpi2c.o
LOAD output/bulid_boot/platform/driver/src/stm32f4xx_fsmc.o
LOAD output/bulid_boot/platform/driver/src/stm32f4xx_gpio.o
LOAD output/bulid_boot/platform/driver/src/stm32f4xx_hash.o
LOAD output/bulid_boot/platform/driver/src/stm32f4xx_hash_md5.o
LOAD output/bulid_boot/platform/driver/src/stm32f4xx_hash_sha1.o
LOAD output/bulid_boot/platform/driver/src/stm32f4xx_i2c.o
LOAD output/bulid_boot/platform/driver/src/stm32f4xx_iwdg.o
LOAD output/bulid_boot/platform/driver/src/stm32f4xx_lptim.o
LOAD output/bulid_boot/platform/driver/src/stm32f4xx_ltdc.o
LOAD output/bulid_boot/platform/driver/src/stm32f4xx_pwr.o
LOAD output/bulid_boot/platform/driver/src/stm32f4xx_qspi.o
LOAD output/bulid_boot/platform/driver/src/stm32f4xx_rcc.o
LOAD output/bulid_boot/platform/driver/src/stm32f4xx_rng.o
LOAD output/bulid_boot/platform/driver/src/stm32f4xx_rtc.o
LOAD output/bulid_boot/platform/driver/src/stm32f4xx_sai.o
LOAD output/bulid_boot/platform/driver/src/stm32f4xx_sdio.o
LOAD output/bulid_boot/platform/driver/src/stm32f4xx_spdifrx.o
LOAD output/bulid_boot/platform/driver/src/stm32f4xx_spi.o
LOAD output/bulid_boot/platform/driver/src/stm32f4xx_syscfg.o
LOAD output/bulid_boot/platform/driver/src/stm32f4xx_tim.o
LOAD output/bulid_boot/platform/driver/src/stm32f4xx_usart.o
LOAD output/bulid_boot/platform/driver/src/stm32f4xx_wwdg.o
START GROUP
LOAD /home/yyyy/stm32f4_boot/tools/toolchain/gcc-arm-none-eabi-10.3-2021.10/bin/../lib/gcc/arm-none-eabi/10.3.1/thumb/v7e-m+fp/hard/libgcc.a
LOAD /home/yyyy/stm32f4_boot/tools/toolchain/gcc-arm-none-eabi-10.3-2021.10/bin/../lib/gcc/arm-none-eabi/10.3.1/../../../../arm-none-eabi/lib/thumb/v7e-m+fp/hard/libc_nano.a
END GROUP
START GROUP
LOAD /home/yyyy/stm32f4_boot/tools/toolchain/gcc-arm-none-eabi-10.3-2021.10/bin/../lib/gcc/arm-none-eabi/10.3.1/thumb/v7e-m+fp/hard/libgcc.a
LOAD /home/yyyy/stm32f4_boot/tools/toolchain/gcc-arm-none-eabi-10.3-2021.10/bin/../lib/gcc/arm-none-eabi/10.3.1/../../../../arm-none-eabi/lib/thumb/v7e-m+fp/hard/libc_nano.a
END GROUP
LOAD /home/yyyy/stm32f4_boot/tools/toolchain/gcc-arm-none-eabi-10.3-2021.10/bin/../lib/gcc/arm-none-eabi/10.3.1/thumb/v7e-m+fp/hard/crtend.o
LOAD /home/yyyy/stm32f4_boot/tools/toolchain/gcc-arm-none-eabi-10.3-2021.10/bin/../lib/gcc/arm-none-eabi/10.3.1/thumb/v7e-m+fp/hard/crtn.o
                0x0000000020020000                _estack = (ORIGIN (RAM) + LENGTH (RAM))
                0x0000000000000200                _Min_Heap_Size = 0x200
                0x0000000000000400                _Min_Stack_Size = 0x400

.isr_vector     0x0000000008000000      0x188
                0x0000000008000000                . = ALIGN (0x4)
 *(.isr_vector)
 .isr_vector    0x0000000008000000      0x188 output/bulid_boot/platform/cmsis/device/startup_stm32f40_41xxx.o
                0x0000000008000000                g_pfnVectors
                0x0000000008000188                . = ALIGN (0x4)

.text           0x0000000008000188      0x198
                0x0000000008000188                . = ALIGN (0x4)
 *(.text)
 .text          0x0000000008000188       0x40 /home/yyyy/stm32f4_boot/tools/toolchain/gcc-arm-none-eabi-10.3-2021.10/bin/../lib/gcc/arm-none-eabi/10.3.1/thumb/v7e-m+fp/hard/crtbegin.o
 *(.text*)
 .text.startup.main
                0x00000000080001c8        0x2 output/bulid_boot/boot/main.o
                0x00000000080001c8                main
 *fill*         0x00000000080001ca        0x2 
 .text.Reset_Handler
                0x00000000080001cc       0x44 output/bulid_boot/platform/cmsis/device/startup_stm32f40_41xxx.o
                0x00000000080001cc                Reset_Handler
 .text.Default_Handler
                0x0000000008000210        0x2 output/bulid_boot/platform/cmsis/device/startup_stm32f40_41xxx.o
                0x0000000008000210                RTC_Alarm_IRQHandler
                0x0000000008000210                HASH_RNG_IRQHandler
                0x0000000008000210                EXTI2_IRQHandler
                0x0000000008000210                TIM8_CC_IRQHandler
                0x0000000008000210                DebugMon_Handler
                0x0000000008000210                TIM1_CC_IRQHandler
                0x0000000008000210                DMA2_Stream5_IRQHandler
                0x0000000008000210                HardFault_Handler
                0x0000000008000210                DMA1_Stream5_IRQHandler
                0x0000000008000210                SysTick_Handler
                0x0000000008000210                PVD_IRQHandler
                0x0000000008000210                SDIO_IRQHandler
                0x0000000008000210                TAMP_STAMP_IRQHandler
                0x0000000008000210                PendSV_Handler
                0x0000000008000210                NMI_Handler
                0x0000000008000210                CAN2_RX1_IRQHandler
                0x0000000008000210                EXTI3_IRQHandler
                0x0000000008000210                TIM8_TRG_COM_TIM14_IRQHandler
                0x0000000008000210                TIM1_UP_TIM10_IRQHandler
                0x0000000008000210                TIM8_UP_TIM13_IRQHandler
                0x0000000008000210                I2C3_ER_IRQHandler
                0x0000000008000210                EXTI0_IRQHandler
                0x0000000008000210                I2C2_EV_IRQHandler
                0x0000000008000210                DMA1_Stream2_IRQHandler
                0x0000000008000210                CAN1_RX0_IRQHandler
                0x0000000008000210                FPU_IRQHandler
                0x0000000008000210                OTG_HS_WKUP_IRQHandler
                0x0000000008000210                UsageFault_Handler
                0x0000000008000210                CAN2_SCE_IRQHandler
                0x0000000008000210                DMA2_Stream2_IRQHandler
                0x0000000008000210                SPI1_IRQHandler
                0x0000000008000210                TIM6_DAC_IRQHandler
                0x0000000008000210                TIM1_BRK_TIM9_IRQHandler
                0x0000000008000210                DCMI_IRQHandler
                0x0000000008000210                CAN2_RX0_IRQHandler
                0x0000000008000210                DMA2_Stream3_IRQHandler
                0x0000000008000210                USART6_IRQHandler
                0x0000000008000210                USART3_IRQHandler
                0x0000000008000210                CRYP_IRQHandler
                0x0000000008000210                CAN1_RX1_IRQHandler
                0x0000000008000210                UART5_IRQHandler
                0x0000000008000210                DMA2_Stream0_IRQHandler
                0x0000000008000210                TIM4_IRQHandler
                0x0000000008000210                I2C1_EV_IRQHandler
                0x0000000008000210                DMA1_Stream6_IRQHandler
                0x0000000008000210                DMA1_Stream1_IRQHandler
                0x0000000008000210                UART4_IRQHandler
                0x0000000008000210                TIM3_IRQHandler
                0x0000000008000210                RCC_IRQHandler
                0x0000000008000210                TIM8_BRK_TIM12_IRQHandler
                0x0000000008000210                Default_Handler
                0x0000000008000210                EXTI15_10_IRQHandler
                0x0000000008000210                ADC_IRQHandler
                0x0000000008000210                DMA1_Stream7_IRQHandler
                0x0000000008000210                TIM7_IRQHandler
                0x0000000008000210                CAN2_TX_IRQHandler
                0x0000000008000210                TIM5_IRQHandler
                0x0000000008000210                DMA2_Stream7_IRQHandler
                0x0000000008000210                I2C3_EV_IRQHandler
                0x0000000008000210                EXTI9_5_IRQHandler
                0x0000000008000210                RTC_WKUP_IRQHandler
                0x0000000008000210                ETH_WKUP_IRQHandler
                0x0000000008000210                SPI2_IRQHandler
                0x0000000008000210                OTG_HS_EP1_IN_IRQHandler
                0x0000000008000210                MemManage_Handler
                0x0000000008000210                DMA1_Stream0_IRQHandler
                0x0000000008000210                CAN1_TX_IRQHandler
                0x0000000008000210                SVC_Handler
                0x0000000008000210                EXTI4_IRQHandler
                0x0000000008000210                FSMC_IRQHandler
                0x0000000008000210                ETH_IRQHandler
                0x0000000008000210                OTG_HS_EP1_OUT_IRQHandler
                0x0000000008000210                WWDG_IRQHandler
                0x0000000008000210                TIM2_IRQHandler
                0x0000000008000210                OTG_FS_WKUP_IRQHandler
                0x0000000008000210                TIM1_TRG_COM_TIM11_IRQHandler
                0x0000000008000210                OTG_HS_IRQHandler
                0x0000000008000210                EXTI1_IRQHandler
                0x0000000008000210                USART2_IRQHandler
                0x0000000008000210                I2C2_ER_IRQHandler
                0x0000000008000210                DMA2_Stream1_IRQHandler
                0x0000000008000210                CAN1_SCE_IRQHandler
                0x0000000008000210                FLASH_IRQHandler
                0x0000000008000210                DMA2_Stream4_IRQHandler
                0x0000000008000210                BusFault_Handler
                0x0000000008000210                USART1_IRQHandler
                0x0000000008000210                OTG_FS_IRQHandler
                0x0000000008000210                SPI3_IRQHandler
                0x0000000008000210                DMA1_Stream4_IRQHandler
                0x0000000008000210                I2C1_ER_IRQHandler
                0x0000000008000210                DMA2_Stream6_IRQHandler
                0x0000000008000210                DMA1_Stream3_IRQHandler
 *fill*         0x0000000008000212        0x2 
 .text.SystemInit
                0x0000000008000214       0xf4 output/bulid_boot/platform/cmsis/device/system_stm32f4xx.o
                0x0000000008000214                SystemInit
 *(.glue_7)
 .glue_7        0x0000000008000308        0x0 linker stubs
 *(.glue_7t)
 .glue_7t       0x0000000008000308        0x0 linker stubs
 *(.eh_frame)
 .eh_frame      0x0000000008000308        0x0 /home/yyyy/stm32f4_boot/tools/toolchain/gcc-arm-none-eabi-10.3-2021.10/bin/../lib/gcc/arm-none-eabi/10.3.1/thumb/v7e-m+fp/hard/crtbegin.o
 *(.init)
 .init          0x0000000008000308        0x4 /home/yyyy/stm32f4_boot/tools/toolchain/gcc-arm-none-eabi-10.3-2021.10/bin/../lib/gcc/arm-none-eabi/10.3.1/thumb/v7e-m+fp/hard/crti.o
                0x0000000008000308                _init
 .init          0x000000000800030c        0x8 /home/yyyy/stm32f4_boot/tools/toolchain/gcc-arm-none-eabi-10.3-2021.10/bin/../lib/gcc/arm-none-eabi/10.3.1/thumb/v7e-m+fp/hard/crtn.o
 *(.fini)
 .fini          0x0000000008000314        0x4 /home/yyyy/stm32f4_boot/tools/toolchain/gcc-arm-none-eabi-10.3-2021.10/bin/../lib/gcc/arm-none-eabi/10.3.1/thumb/v7e-m+fp/hard/crti.o
                0x0000000008000314                _fini
 .fini          0x0000000008000318        0x8 /home/yyyy/stm32f4_boot/tools/toolchain/gcc-arm-none-eabi-10.3-2021.10/bin/../lib/gcc/arm-none-eabi/10.3.1/thumb/v7e-m+fp/hard/crtn.o
                0x0000000008000320                . = ALIGN (0x4)
                0x0000000008000320                _etext = .

.vfp11_veneer   0x0000000008000320        0x0
 .vfp11_veneer  0x0000000008000320        0x0 linker stubs

.v4_bx          0x0000000008000320        0x0
 .v4_bx         0x0000000008000320        0x0 linker stubs

.iplt           0x0000000008000320        0x0
 .iplt          0x0000000008000320        0x0 /home/yyyy/stm32f4_boot/tools/toolchain/gcc-arm-none-eabi-10.3-2021.10/bin/../lib/gcc/arm-none-eabi/10.3.1/thumb/v7e-m+fp/hard/crtbegin.o

.rel.dyn        0x0000000008000320        0x0
 .rel.iplt      0x0000000008000320        0x0 /home/yyyy/stm32f4_boot/tools/toolchain/gcc-arm-none-eabi-10.3-2021.10/bin/../lib/gcc/arm-none-eabi/10.3.1/thumb/v7e-m+fp/hard/crtbegin.o

.rodata         0x0000000008000320        0x0
                0x0000000008000320                . = ALIGN (0x4)
 *(.rodata)
 *(.rodata*)
                0x0000000008000320                . = ALIGN (0x4)

.ARM.extab
 *(.ARM.extab* .gnu.linkonce.armextab.*)

.ARM            0x0000000008000320        0x0
                0x0000000008000320                __exidx_start = .
 *(.ARM.exidx*)
                0x0000000008000320                __exidx_end = .

.preinit_array  0x0000000008000320        0x0
                0x0000000008000320                PROVIDE (__preinit_array_start = .)
 *(.preinit_array*)
                0x0000000008000320                PROVIDE (__preinit_array_end = .)

.init_array     0x0000000008000320        0x4
                0x0000000008000320                PROVIDE (__init_array_start = .)
 *(SORT_BY_NAME(.init_array.*))
 *(.init_array*)
 .init_array    0x0000000008000320        0x4 /home/yyyy/stm32f4_boot/tools/toolchain/gcc-arm-none-eabi-10.3-2021.10/bin/../lib/gcc/arm-none-eabi/10.3.1/thumb/v7e-m+fp/hard/crtbegin.o
                0x0000000008000324                PROVIDE (__init_array_end = .)

.fini_array     0x0000000008000324        0x4
                [!provide]                        PROVIDE (__fini_array_start = .)
 *(SORT_BY_NAME(.fini_array.*))
 *(.fini_array*)
 .fini_array    0x0000000008000324        0x4 /home/yyyy/stm32f4_boot/tools/toolchain/gcc-arm-none-eabi-10.3-2021.10/bin/../lib/gcc/arm-none-eabi/10.3.1/thumb/v7e-m+fp/hard/crtbegin.o
                [!provide]                        PROVIDE (__fini_array_end = .)
                0x0000000008000328                _sidata = LOADADDR (.data)

.data           0x0000000020000000        0x0 load address 0x0000000008000328
                0x0000000020000000                . = ALIGN (0x4)
                0x0000000020000000                _sdata = .
 *(.data)
 *(.data*)
                0x0000000020000000                . = ALIGN (0x4)
                0x0000000020000000                _edata = .
                0x0000000008000328                _siccmram = LOADADDR (.ccmram)

.igot.plt       0x0000000020000000        0x0 load address 0x0000000008000328
 .igot.plt      0x0000000020000000        0x0 /home/yyyy/stm32f4_boot/tools/toolchain/gcc-arm-none-eabi-10.3-2021.10/bin/../lib/gcc/arm-none-eabi/10.3.1/thumb/v7e-m+fp/hard/crtbegin.o

.ccmram         0x0000000010000000        0x0 load address 0x0000000008000328
                0x0000000010000000                . = ALIGN (0x4)
                0x0000000010000000                _sccmram = .
 *(.ccmram)
 *(.ccmram*)
                0x0000000010000000                . = ALIGN (0x4)
                0x0000000010000000                _eccmram = .
                0x0000000010000000                . = ALIGN (0x4)

.bss            0x0000000020000000       0x1c
                0x0000000020000000                _sbss = .
                0x0000000020000000                __bss_start__ = _sbss
 *(.bss)
 .bss           0x0000000020000000       0x1c /home/yyyy/stm32f4_boot/tools/toolchain/gcc-arm-none-eabi-10.3-2021.10/bin/../lib/gcc/arm-none-eabi/10.3.1/thumb/v7e-m+fp/hard/crtbegin.o
 *(.bss*)
 *(COMMON)
                0x000000002000001c                . = ALIGN (0x4)
                0x000000002000001c                _ebss = .
                0x000000002000001c                __bss_end__ = _ebss

._user_heap_stack
                0x000000002000001c      0x604
                0x0000000020000020                . = ALIGN (0x8)
 *fill*         0x000000002000001c        0x4 
                [!provide]                        PROVIDE (end = .)
                [!provide]                        PROVIDE (_end = .)
                0x0000000020000220                . = (. + _Min_Heap_Size)
 *fill*         0x0000000020000020      0x200 
                0x0000000020000620                . = (. + _Min_Stack_Size)
 *fill*         0x0000000020000220      0x400 
                0x0000000020000620                . = ALIGN (0x8)

/DISCARD/
 libc.a(*)
 libm.a(*)
 libgcc.a(*)

.ARM.attributes
                0x0000000000000000       0x30
 *(.ARM.attributes)
 .ARM.attributes
                0x0000000000000000       0x1e /home/yyyy/stm32f4_boot/tools/toolchain/gcc-arm-none-eabi-10.3-2021.10/bin/../lib/gcc/arm-none-eabi/10.3.1/thumb/v7e-m+fp/hard/crti.o
 .ARM.attributes
                0x000000000000001e       0x34 /home/yyyy/stm32f4_boot/tools/toolchain/gcc-arm-none-eabi-10.3-2021.10/bin/../lib/gcc/arm-none-eabi/10.3.1/thumb/v7e-m+fp/hard/crtbegin.o
 .ARM.attributes
                0x0000000000000052       0x34 output/bulid_boot/boot/main.o
 .ARM.attributes
                0x0000000000000086       0x21 output/bulid_boot/platform/cmsis/device/startup_stm32f40_41xxx.o
 .ARM.attributes
                0x00000000000000a7       0x34 output/bulid_boot/platform/cmsis/device/system_stm32f4xx.o
 .ARM.attributes
                0x00000000000000db       0x1e /home/yyyy/stm32f4_boot/tools/toolchain/gcc-arm-none-eabi-10.3-2021.10/bin/../lib/gcc/arm-none-eabi/10.3.1/thumb/v7e-m+fp/hard/crtn.o
OUTPUT(output/bulid_boot/boot.elf elf32-littlearm)
LOAD linker stubs
LOAD /home/yyyy/stm32f4_boot/tools/toolchain/gcc-arm-none-eabi-10.3-2021.10/bin/../lib/gcc/arm-none-eabi/10.3.1/../../../../arm-none-eabi/lib/thumb/v7e-m+fp/hard/libc.a
LOAD /home/yyyy/stm32f4_boot/tools/toolchain/gcc-arm-none-eabi-10.3-2021.10/bin/../lib/gcc/arm-none-eabi/10.3.1/../../../../arm-none-eabi/lib/thumb/v7e-m+fp/hard/libm.a
LOAD /home/yyyy/stm32f4_boot/tools/toolchain/gcc-arm-none-eabi-10.3-2021.10/bin/../lib/gcc/arm-none-eabi/10.3.1/thumb/v7e-m+fp/hard/libgcc.a

.debug_info     0x0000000000000000      0x722
 .debug_info    0x0000000000000000       0x90 output/bulid_boot/boot/main.o
 .debug_info    0x0000000000000090       0x22 output/bulid_boot/platform/cmsis/device/startup_stm32f40_41xxx.o
 .debug_info    0x00000000000000b2      0x670 output/bulid_boot/platform/cmsis/device/system_stm32f4xx.o

.debug_abbrev   0x0000000000000000      0x1ea
 .debug_abbrev  0x0000000000000000       0x46 output/bulid_boot/boot/main.o
 .debug_abbrev  0x0000000000000046       0x12 output/bulid_boot/platform/cmsis/device/startup_stm32f40_41xxx.o
 .debug_abbrev  0x0000000000000058      0x192 output/bulid_boot/platform/cmsis/device/system_stm32f4xx.o

.debug_aranges  0x0000000000000000       0x70
 .debug_aranges
                0x0000000000000000       0x20 output/bulid_boot/boot/main.o
 .debug_aranges
                0x0000000000000020       0x28 output/bulid_boot/platform/cmsis/device/startup_stm32f40_41xxx.o
 .debug_aranges
                0x0000000000000048       0x28 output/bulid_boot/platform/cmsis/device/system_stm32f4xx.o

.debug_ranges   0x0000000000000000       0x48
 .debug_ranges  0x0000000000000000       0x10 output/bulid_boot/boot/main.o
 .debug_ranges  0x0000000000000010       0x20 output/bulid_boot/platform/cmsis/device/startup_stm32f40_41xxx.o
 .debug_ranges  0x0000000000000030       0x18 output/bulid_boot/platform/cmsis/device/system_stm32f4xx.o

.debug_line     0x0000000000000000      0x453
 .debug_line    0x0000000000000000       0x50 output/bulid_boot/boot/main.o
 .debug_line    0x0000000000000050       0x89 output/bulid_boot/platform/cmsis/device/startup_stm32f40_41xxx.o
 .debug_line    0x00000000000000d9      0x37a output/bulid_boot/platform/cmsis/device/system_stm32f4xx.o

.debug_str      0x0000000000000000      0x3f7
 .debug_str     0x0000000000000000      0x14d output/bulid_boot/boot/main.o
                                        0x186 (size before relaxing)
 .debug_str     0x000000000000014d       0x3d output/bulid_boot/platform/cmsis/device/startup_stm32f40_41xxx.o
                                         0x55 (size before relaxing)
 .debug_str     0x000000000000018a      0x26d output/bulid_boot/platform/cmsis/device/system_stm32f4xx.o
                                        0x3f5 (size before relaxing)

.comment        0x0000000000000000       0x49
 .comment       0x0000000000000000       0x49 output/bulid_boot/boot/main.o
                                         0x4a (size before relaxing)
 .comment       0x0000000000000049       0x4a output/bulid_boot/platform/cmsis/device/system_stm32f4xx.o

.debug_frame    0x0000000000000000       0x58
 .debug_frame   0x0000000000000000       0x20 output/bulid_boot/boot/main.o
 .debug_frame   0x0000000000000020       0x38 output/bulid_boot/platform/cmsis/device/system_stm32f4xx.o

.debug_loc      0x0000000000000000      0x107
 .debug_loc     0x0000000000000000      0x107 output/bulid_boot/platform/cmsis/device/system_stm32f4xx.o

Cross Reference Table

Symbol                                            File
ADC_AnalogWatchdogCmd                             output/bulid_boot/platform/driver/src/stm32f4xx_adc.o
ADC_AnalogWatchdogSingleChannelConfig             output/bulid_boot/platform/driver/src/stm32f4xx_adc.o
ADC_AnalogWatchdogThresholdsConfig                output/bulid_boot/platform/driver/src/stm32f4xx_adc.o
ADC_AutoInjectedConvCmd                           output/bulid_boot/platform/driver/src/stm32f4xx_adc.o
ADC_ClearFlag                                     output/bulid_boot/platform/driver/src/stm32f4xx_adc.o
ADC_ClearITPendingBit                             output/bulid_boot/platform/driver/src/stm32f4xx_adc.o
ADC_Cmd                                           output/bulid_boot/platform/driver/src/stm32f4xx_adc.o
ADC_CommonInit                                    output/bulid_boot/platform/driver/src/stm32f4xx_adc.o
ADC_CommonStructInit                              output/bulid_boot/platform/driver/src/stm32f4xx_adc.o
ADC_ContinuousModeCmd                             output/bulid_boot/platform/driver/src/stm32f4xx_adc.o
ADC_DMACmd                                        output/bulid_boot/platform/driver/src/stm32f4xx_adc.o
ADC_DMARequestAfterLastTransferCmd                output/bulid_boot/platform/driver/src/stm32f4xx_adc.o
ADC_DeInit                                        output/bulid_boot/platform/driver/src/stm32f4xx_adc.o
ADC_DiscModeChannelCountConfig                    output/bulid_boot/platform/driver/src/stm32f4xx_adc.o
ADC_DiscModeCmd                                   output/bulid_boot/platform/driver/src/stm32f4xx_adc.o
ADC_EOCOnEachRegularChannelCmd                    output/bulid_boot/platform/driver/src/stm32f4xx_adc.o
ADC_ExternalTrigInjectedConvConfig                output/bulid_boot/platform/driver/src/stm32f4xx_adc.o
ADC_ExternalTrigInjectedConvEdgeConfig            output/bulid_boot/platform/driver/src/stm32f4xx_adc.o
ADC_GetConversionValue                            output/bulid_boot/platform/driver/src/stm32f4xx_adc.o
ADC_GetFlagStatus                                 output/bulid_boot/platform/driver/src/stm32f4xx_adc.o
ADC_GetITStatus                                   output/bulid_boot/platform/driver/src/stm32f4xx_adc.o
ADC_GetInjectedConversionValue                    output/bulid_boot/platform/driver/src/stm32f4xx_adc.o
ADC_GetMultiModeConversionValue                   output/bulid_boot/platform/driver/src/stm32f4xx_adc.o
ADC_GetSoftwareStartConvStatus                    output/bulid_boot/platform/driver/src/stm32f4xx_adc.o
ADC_GetSoftwareStartInjectedConvCmdStatus         output/bulid_boot/platform/driver/src/stm32f4xx_adc.o
ADC_IRQHandler                                    output/bulid_boot/platform/cmsis/device/startup_stm32f40_41xxx.o
ADC_ITConfig                                      output/bulid_boot/platform/driver/src/stm32f4xx_adc.o
ADC_Init                                          output/bulid_boot/platform/driver/src/stm32f4xx_adc.o
ADC_InjectedChannelConfig                         output/bulid_boot/platform/driver/src/stm32f4xx_adc.o
ADC_InjectedDiscModeCmd                           output/bulid_boot/platform/driver/src/stm32f4xx_adc.o
ADC_InjectedSequencerLengthConfig                 output/bulid_boot/platform/driver/src/stm32f4xx_adc.o
ADC_MultiModeDMARequestAfterLastTransferCmd       output/bulid_boot/platform/driver/src/stm32f4xx_adc.o
ADC_RegularChannelConfig                          output/bulid_boot/platform/driver/src/stm32f4xx_adc.o
ADC_SetInjectedOffset                             output/bulid_boot/platform/driver/src/stm32f4xx_adc.o
ADC_SoftwareStartConv                             output/bulid_boot/platform/driver/src/stm32f4xx_adc.o
ADC_SoftwareStartInjectedConv                     output/bulid_boot/platform/driver/src/stm32f4xx_adc.o
ADC_StructInit                                    output/bulid_boot/platform/driver/src/stm32f4xx_adc.o
ADC_TempSensorVrefintCmd                          output/bulid_boot/platform/driver/src/stm32f4xx_adc.o
ADC_VBATCmd                                       output/bulid_boot/platform/driver/src/stm32f4xx_adc.o
AHBPrescTable                                     output/bulid_boot/platform/cmsis/device/system_stm32f4xx.o
BusFault_Handler                                  output/bulid_boot/platform/cmsis/device/startup_stm32f40_41xxx.o
CAN1_RX0_IRQHandler                               output/bulid_boot/platform/cmsis/device/startup_stm32f40_41xxx.o
CAN1_RX1_IRQHandler                               output/bulid_boot/platform/cmsis/device/startup_stm32f40_41xxx.o
CAN1_SCE_IRQHandler                               output/bulid_boot/platform/cmsis/device/startup_stm32f40_41xxx.o
CAN1_TX_IRQHandler                                output/bulid_boot/platform/cmsis/device/startup_stm32f40_41xxx.o
CAN2_RX0_IRQHandler                               output/bulid_boot/platform/cmsis/device/startup_stm32f40_41xxx.o
CAN2_RX1_IRQHandler                               output/bulid_boot/platform/cmsis/device/startup_stm32f40_41xxx.o
CAN2_SCE_IRQHandler                               output/bulid_boot/platform/cmsis/device/startup_stm32f40_41xxx.o
CAN2_TX_IRQHandler                                output/bulid_boot/platform/cmsis/device/startup_stm32f40_41xxx.o
CAN_CancelTransmit                                output/bulid_boot/platform/driver/src/stm32f4xx_can.o
CAN_ClearFlag                                     output/bulid_boot/platform/driver/src/stm32f4xx_can.o
CAN_ClearITPendingBit                             output/bulid_boot/platform/driver/src/stm32f4xx_can.o
CAN_DBGFreeze                                     output/bulid_boot/platform/driver/src/stm32f4xx_can.o
CAN_DeInit                                        output/bulid_boot/platform/driver/src/stm32f4xx_can.o
CAN_FIFORelease                                   output/bulid_boot/platform/driver/src/stm32f4xx_can.o
CAN_FilterInit                                    output/bulid_boot/platform/driver/src/stm32f4xx_can.o
CAN_GetFlagStatus                                 output/bulid_boot/platform/driver/src/stm32f4xx_can.o
CAN_GetITStatus                                   output/bulid_boot/platform/driver/src/stm32f4xx_can.o
CAN_GetLSBTransmitErrorCounter                    output/bulid_boot/platform/driver/src/stm32f4xx_can.o
CAN_GetLastErrorCode                              output/bulid_boot/platform/driver/src/stm32f4xx_can.o
CAN_GetReceiveErrorCounter                        output/bulid_boot/platform/driver/src/stm32f4xx_can.o
CAN_ITConfig                                      output/bulid_boot/platform/driver/src/stm32f4xx_can.o
CAN_Init                                          output/bulid_boot/platform/driver/src/stm32f4xx_can.o
CAN_MessagePending                                output/bulid_boot/platform/driver/src/stm32f4xx_can.o
CAN_OperatingModeRequest                          output/bulid_boot/platform/driver/src/stm32f4xx_can.o
CAN_Receive                                       output/bulid_boot/platform/driver/src/stm32f4xx_can.o
CAN_SlaveStartBank                                output/bulid_boot/platform/driver/src/stm32f4xx_can.o
CAN_Sleep                                         output/bulid_boot/platform/driver/src/stm32f4xx_can.o
CAN_StructInit                                    output/bulid_boot/platform/driver/src/stm32f4xx_can.o
CAN_TTComModeCmd                                  output/bulid_boot/platform/driver/src/stm32f4xx_can.o
CAN_Transmit                                      output/bulid_boot/platform/driver/src/stm32f4xx_can.o
CAN_TransmitStatus                                output/bulid_boot/platform/driver/src/stm32f4xx_can.o
CAN_WakeUp                                        output/bulid_boot/platform/driver/src/stm32f4xx_can.o
CRC_CalcBlockCRC                                  output/bulid_boot/platform/driver/src/stm32f4xx_crc.o
CRC_CalcCRC                                       output/bulid_boot/platform/driver/src/stm32f4xx_crc.o
CRC_GetCRC                                        output/bulid_boot/platform/driver/src/stm32f4xx_crc.o
CRC_GetIDRegister                                 output/bulid_boot/platform/driver/src/stm32f4xx_crc.o
CRC_ResetDR                                       output/bulid_boot/platform/driver/src/stm32f4xx_crc.o
CRC_SetIDRegister                                 output/bulid_boot/platform/driver/src/stm32f4xx_crc.o
CRYP_AES_CBC                                      output/bulid_boot/platform/driver/src/stm32f4xx_cryp_aes.o
CRYP_AES_CCM                                      output/bulid_boot/platform/driver/src/stm32f4xx_cryp_aes.o
CRYP_AES_CTR                                      output/bulid_boot/platform/driver/src/stm32f4xx_cryp_aes.o
CRYP_AES_ECB                                      output/bulid_boot/platform/driver/src/stm32f4xx_cryp_aes.o
CRYP_AES_GCM                                      output/bulid_boot/platform/driver/src/stm32f4xx_cryp_aes.o
CRYP_Cmd                                          output/bulid_boot/platform/driver/src/stm32f4xx_cryp.o
                                                  output/bulid_boot/platform/driver/src/stm32f4xx_cryp_tdes.o
                                                  output/bulid_boot/platform/driver/src/stm32f4xx_cryp_des.o
                                                  output/bulid_boot/platform/driver/src/stm32f4xx_cryp_aes.o
CRYP_DES_CBC                                      output/bulid_boot/platform/driver/src/stm32f4xx_cryp_des.o
CRYP_DES_ECB                                      output/bulid_boot/platform/driver/src/stm32f4xx_cryp_des.o
CRYP_DMACmd                                       output/bulid_boot/platform/driver/src/stm32f4xx_cryp.o
CRYP_DataIn                                       output/bulid_boot/platform/driver/src/stm32f4xx_cryp.o
                                                  output/bulid_boot/platform/driver/src/stm32f4xx_cryp_tdes.o
                                                  output/bulid_boot/platform/driver/src/stm32f4xx_cryp_des.o
                                                  output/bulid_boot/platform/driver/src/stm32f4xx_cryp_aes.o
CRYP_DataOut                                      output/bulid_boot/platform/driver/src/stm32f4xx_cryp.o
                                                  output/bulid_boot/platform/driver/src/stm32f4xx_cryp_tdes.o
                                                  output/bulid_boot/platform/driver/src/stm32f4xx_cryp_des.o
                                                  output/bulid_boot/platform/driver/src/stm32f4xx_cryp_aes.o
CRYP_DeInit                                       output/bulid_boot/platform/driver/src/stm32f4xx_cryp.o
CRYP_FIFOFlush                                    output/bulid_boot/platform/driver/src/stm32f4xx_cryp.o
                                                  output/bulid_boot/platform/driver/src/stm32f4xx_cryp_tdes.o
                                                  output/bulid_boot/platform/driver/src/stm32f4xx_cryp_des.o
                                                  output/bulid_boot/platform/driver/src/stm32f4xx_cryp_aes.o
CRYP_GetCmdStatus                                 output/bulid_boot/platform/driver/src/stm32f4xx_cryp.o
                                                  output/bulid_boot/platform/driver/src/stm32f4xx_cryp_tdes.o
                                                  output/bulid_boot/platform/driver/src/stm32f4xx_cryp_des.o
                                                  output/bulid_boot/platform/driver/src/stm32f4xx_cryp_aes.o
CRYP_GetFlagStatus                                output/bulid_boot/platform/driver/src/stm32f4xx_cryp.o
                                                  output/bulid_boot/platform/driver/src/stm32f4xx_cryp_tdes.o
                                                  output/bulid_boot/platform/driver/src/stm32f4xx_cryp_des.o
                                                  output/bulid_boot/platform/driver/src/stm32f4xx_cryp_aes.o
CRYP_GetITStatus                                  output/bulid_boot/platform/driver/src/stm32f4xx_cryp.o
CRYP_IRQHandler                                   output/bulid_boot/platform/cmsis/device/startup_stm32f40_41xxx.o
CRYP_ITConfig                                     output/bulid_boot/platform/driver/src/stm32f4xx_cryp.o
CRYP_IVInit                                       output/bulid_boot/platform/driver/src/stm32f4xx_cryp.o
                                                  output/bulid_boot/platform/driver/src/stm32f4xx_cryp_tdes.o
                                                  output/bulid_boot/platform/driver/src/stm32f4xx_cryp_des.o
                                                  output/bulid_boot/platform/driver/src/stm32f4xx_cryp_aes.o
CRYP_IVStructInit                                 output/bulid_boot/platform/driver/src/stm32f4xx_cryp.o
CRYP_Init                                         output/bulid_boot/platform/driver/src/stm32f4xx_cryp.o
                                                  output/bulid_boot/platform/driver/src/stm32f4xx_cryp_tdes.o
                                                  output/bulid_boot/platform/driver/src/stm32f4xx_cryp_des.o
                                                  output/bulid_boot/platform/driver/src/stm32f4xx_cryp_aes.o
CRYP_KeyInit                                      output/bulid_boot/platform/driver/src/stm32f4xx_cryp.o
                                                  output/bulid_boot/platform/driver/src/stm32f4xx_cryp_tdes.o
                                                  output/bulid_boot/platform/driver/src/stm32f4xx_cryp_des.o
                                                  output/bulid_boot/platform/driver/src/stm32f4xx_cryp_aes.o
CRYP_KeyStructInit                                output/bulid_boot/platform/driver/src/stm32f4xx_cryp.o
                                                  output/bulid_boot/platform/driver/src/stm32f4xx_cryp_tdes.o
                                                  output/bulid_boot/platform/driver/src/stm32f4xx_cryp_des.o
                                                  output/bulid_boot/platform/driver/src/stm32f4xx_cryp_aes.o
CRYP_PhaseConfig                                  output/bulid_boot/platform/driver/src/stm32f4xx_cryp.o
                                                  output/bulid_boot/platform/driver/src/stm32f4xx_cryp_aes.o
CRYP_RestoreContext                               output/bulid_boot/platform/driver/src/stm32f4xx_cryp.o
CRYP_SaveContext                                  output/bulid_boot/platform/driver/src/stm32f4xx_cryp.o
CRYP_StructInit                                   output/bulid_boot/platform/driver/src/stm32f4xx_cryp.o
CRYP_TDES_CBC                                     output/bulid_boot/platform/driver/src/stm32f4xx_cryp_tdes.o
CRYP_TDES_ECB                                     output/bulid_boot/platform/driver/src/stm32f4xx_cryp_tdes.o
DAC_ClearFlag                                     output/bulid_boot/platform/driver/src/stm32f4xx_dac.o
DAC_ClearITPendingBit                             output/bulid_boot/platform/driver/src/stm32f4xx_dac.o
DAC_Cmd                                           output/bulid_boot/platform/driver/src/stm32f4xx_dac.o
DAC_DMACmd                                        output/bulid_boot/platform/driver/src/stm32f4xx_dac.o
DAC_DeInit                                        output/bulid_boot/platform/driver/src/stm32f4xx_dac.o
DAC_DualSoftwareTriggerCmd                        output/bulid_boot/platform/driver/src/stm32f4xx_dac.o
DAC_GetDataOutputValue                            output/bulid_boot/platform/driver/src/stm32f4xx_dac.o
DAC_GetFlagStatus                                 output/bulid_boot/platform/driver/src/stm32f4xx_dac.o
DAC_GetITStatus                                   output/bulid_boot/platform/driver/src/stm32f4xx_dac.o
DAC_ITConfig                                      output/bulid_boot/platform/driver/src/stm32f4xx_dac.o
DAC_Init                                          output/bulid_boot/platform/driver/src/stm32f4xx_dac.o
DAC_SetChannel1Data                               output/bulid_boot/platform/driver/src/stm32f4xx_dac.o
DAC_SetChannel2Data                               output/bulid_boot/platform/driver/src/stm32f4xx_dac.o
DAC_SetDualChannelData                            output/bulid_boot/platform/driver/src/stm32f4xx_dac.o
DAC_SoftwareTriggerCmd                            output/bulid_boot/platform/driver/src/stm32f4xx_dac.o
DAC_StructInit                                    output/bulid_boot/platform/driver/src/stm32f4xx_dac.o
DAC_WaveGenerationCmd                             output/bulid_boot/platform/driver/src/stm32f4xx_dac.o
DBGMCU_APB1PeriphConfig                           output/bulid_boot/platform/driver/src/stm32f4xx_dbgmcu.o
DBGMCU_APB2PeriphConfig                           output/bulid_boot/platform/driver/src/stm32f4xx_dbgmcu.o
DBGMCU_Config                                     output/bulid_boot/platform/driver/src/stm32f4xx_dbgmcu.o
DBGMCU_GetDEVID                                   output/bulid_boot/platform/driver/src/stm32f4xx_dbgmcu.o
DBGMCU_GetREVID                                   output/bulid_boot/platform/driver/src/stm32f4xx_dbgmcu.o
DCMI_CROPCmd                                      output/bulid_boot/platform/driver/src/stm32f4xx_dcmi.o
DCMI_CROPConfig                                   output/bulid_boot/platform/driver/src/stm32f4xx_dcmi.o
DCMI_CaptureCmd                                   output/bulid_boot/platform/driver/src/stm32f4xx_dcmi.o
DCMI_ClearFlag                                    output/bulid_boot/platform/driver/src/stm32f4xx_dcmi.o
DCMI_ClearITPendingBit                            output/bulid_boot/platform/driver/src/stm32f4xx_dcmi.o
DCMI_Cmd                                          output/bulid_boot/platform/driver/src/stm32f4xx_dcmi.o
DCMI_DeInit                                       output/bulid_boot/platform/driver/src/stm32f4xx_dcmi.o
DCMI_GetFlagStatus                                output/bulid_boot/platform/driver/src/stm32f4xx_dcmi.o
DCMI_GetITStatus                                  output/bulid_boot/platform/driver/src/stm32f4xx_dcmi.o
DCMI_IRQHandler                                   output/bulid_boot/platform/cmsis/device/startup_stm32f40_41xxx.o
DCMI_ITConfig                                     output/bulid_boot/platform/driver/src/stm32f4xx_dcmi.o
DCMI_Init                                         output/bulid_boot/platform/driver/src/stm32f4xx_dcmi.o
DCMI_JPEGCmd                                      output/bulid_boot/platform/driver/src/stm32f4xx_dcmi.o
DCMI_ReadData                                     output/bulid_boot/platform/driver/src/stm32f4xx_dcmi.o
DCMI_SetEmbeddedSynchroCodes                      output/bulid_boot/platform/driver/src/stm32f4xx_dcmi.o
DCMI_StructInit                                   output/bulid_boot/platform/driver/src/stm32f4xx_dcmi.o
DMA1_Stream0_IRQHandler                           output/bulid_boot/platform/cmsis/device/startup_stm32f40_41xxx.o
DMA1_Stream1_IRQHandler                           output/bulid_boot/platform/cmsis/device/startup_stm32f40_41xxx.o
DMA1_Stream2_IRQHandler                           output/bulid_boot/platform/cmsis/device/startup_stm32f40_41xxx.o
DMA1_Stream3_IRQHandler                           output/bulid_boot/platform/cmsis/device/startup_stm32f40_41xxx.o
DMA1_Stream4_IRQHandler                           output/bulid_boot/platform/cmsis/device/startup_stm32f40_41xxx.o
DMA1_Stream5_IRQHandler                           output/bulid_boot/platform/cmsis/device/startup_stm32f40_41xxx.o
DMA1_Stream6_IRQHandler                           output/bulid_boot/platform/cmsis/device/startup_stm32f40_41xxx.o
DMA1_Stream7_IRQHandler                           output/bulid_boot/platform/cmsis/device/startup_stm32f40_41xxx.o
DMA2D_AbortTransfer                               output/bulid_boot/platform/driver/src/stm32f4xx_dma2d.o
DMA2D_BGConfig                                    output/bulid_boot/platform/driver/src/stm32f4xx_dma2d.o
DMA2D_BGStart                                     output/bulid_boot/platform/driver/src/stm32f4xx_dma2d.o
DMA2D_BG_StructInit                               output/bulid_boot/platform/driver/src/stm32f4xx_dma2d.o
DMA2D_ClearFlag                                   output/bulid_boot/platform/driver/src/stm32f4xx_dma2d.o
DMA2D_ClearITPendingBit                           output/bulid_boot/platform/driver/src/stm32f4xx_dma2d.o
DMA2D_DeInit                                      output/bulid_boot/platform/driver/src/stm32f4xx_dma2d.o
DMA2D_DeadTimeConfig                              output/bulid_boot/platform/driver/src/stm32f4xx_dma2d.o
DMA2D_FGConfig                                    output/bulid_boot/platform/driver/src/stm32f4xx_dma2d.o
DMA2D_FGStart                                     output/bulid_boot/platform/driver/src/stm32f4xx_dma2d.o
DMA2D_FG_StructInit                               output/bulid_boot/platform/driver/src/stm32f4xx_dma2d.o
DMA2D_GetFlagStatus                               output/bulid_boot/platform/driver/src/stm32f4xx_dma2d.o
DMA2D_GetITStatus                                 output/bulid_boot/platform/driver/src/stm32f4xx_dma2d.o
DMA2D_ITConfig                                    output/bulid_boot/platform/driver/src/stm32f4xx_dma2d.o
DMA2D_Init                                        output/bulid_boot/platform/driver/src/stm32f4xx_dma2d.o
DMA2D_LineWatermarkConfig                         output/bulid_boot/platform/driver/src/stm32f4xx_dma2d.o
DMA2D_StartTransfer                               output/bulid_boot/platform/driver/src/stm32f4xx_dma2d.o
DMA2D_StructInit                                  output/bulid_boot/platform/driver/src/stm32f4xx_dma2d.o
DMA2D_Suspend                                     output/bulid_boot/platform/driver/src/stm32f4xx_dma2d.o
DMA2_Stream0_IRQHandler                           output/bulid_boot/platform/cmsis/device/startup_stm32f40_41xxx.o
DMA2_Stream1_IRQHandler                           output/bulid_boot/platform/cmsis/device/startup_stm32f40_41xxx.o
DMA2_Stream2_IRQHandler                           output/bulid_boot/platform/cmsis/device/startup_stm32f40_41xxx.o
DMA2_Stream3_IRQHandler                           output/bulid_boot/platform/cmsis/device/startup_stm32f40_41xxx.o
DMA2_Stream4_IRQHandler                           output/bulid_boot/platform/cmsis/device/startup_stm32f40_41xxx.o
DMA2_Stream5_IRQHandler                           output/bulid_boot/platform/cmsis/device/startup_stm32f40_41xxx.o
DMA2_Stream6_IRQHandler                           output/bulid_boot/platform/cmsis/device/startup_stm32f40_41xxx.o
DMA2_Stream7_IRQHandler                           output/bulid_boot/platform/cmsis/device/startup_stm32f40_41xxx.o
DMA_ClearFlag                                     output/bulid_boot/platform/driver/src/stm32f4xx_dma.o
DMA_ClearITPendingBit                             output/bulid_boot/platform/driver/src/stm32f4xx_dma.o
DMA_Cmd                                           output/bulid_boot/platform/driver/src/stm32f4xx_dma.o
DMA_DeInit                                        output/bulid_boot/platform/driver/src/stm32f4xx_dma.o
DMA_DoubleBufferModeCmd                           output/bulid_boot/platform/driver/src/stm32f4xx_dma.o
DMA_DoubleBufferModeConfig                        output/bulid_boot/platform/driver/src/stm32f4xx_dma.o
DMA_FlowControllerConfig                          output/bulid_boot/platform/driver/src/stm32f4xx_dma.o
DMA_GetCmdStatus                                  output/bulid_boot/platform/driver/src/stm32f4xx_dma.o
DMA_GetCurrDataCounter                            output/bulid_boot/platform/driver/src/stm32f4xx_dma.o
DMA_GetCurrentMemoryTarget                        output/bulid_boot/platform/driver/src/stm32f4xx_dma.o
DMA_GetFIFOStatus                                 output/bulid_boot/platform/driver/src/stm32f4xx_dma.o
DMA_GetFlagStatus                                 output/bulid_boot/platform/driver/src/stm32f4xx_dma.o
DMA_GetITStatus                                   output/bulid_boot/platform/driver/src/stm32f4xx_dma.o
DMA_ITConfig                                      output/bulid_boot/platform/driver/src/stm32f4xx_dma.o
DMA_Init                                          output/bulid_boot/platform/driver/src/stm32f4xx_dma.o
DMA_MemoryTargetConfig                            output/bulid_boot/platform/driver/src/stm32f4xx_dma.o
DMA_PeriphIncOffsetSizeConfig                     output/bulid_boot/platform/driver/src/stm32f4xx_dma.o
DMA_SetCurrDataCounter                            output/bulid_boot/platform/driver/src/stm32f4xx_dma.o
DMA_StructInit                                    output/bulid_boot/platform/driver/src/stm32f4xx_dma.o
DebugMon_Handler                                  output/bulid_boot/platform/cmsis/device/startup_stm32f40_41xxx.o
Default_Handler                                   output/bulid_boot/platform/cmsis/device/startup_stm32f40_41xxx.o
Delay_Init                                        output/bulid_boot/driver/delay/delay.o
Delay_Ms                                          output/bulid_boot/driver/delay/delay.o
Delay_Us                                          output/bulid_boot/driver/delay/delay.o
ETH_IRQHandler                                    output/bulid_boot/platform/cmsis/device/startup_stm32f40_41xxx.o
ETH_WKUP_IRQHandler                               output/bulid_boot/platform/cmsis/device/startup_stm32f40_41xxx.o
EXTI0_IRQHandler                                  output/bulid_boot/platform/cmsis/device/startup_stm32f40_41xxx.o
EXTI15_10_IRQHandler                              output/bulid_boot/platform/cmsis/device/startup_stm32f40_41xxx.o
EXTI1_IRQHandler                                  output/bulid_boot/platform/cmsis/device/startup_stm32f40_41xxx.o
EXTI2_IRQHandler                                  output/bulid_boot/platform/cmsis/device/startup_stm32f40_41xxx.o
EXTI3_IRQHandler                                  output/bulid_boot/platform/cmsis/device/startup_stm32f40_41xxx.o
EXTI4_IRQHandler                                  output/bulid_boot/platform/cmsis/device/startup_stm32f40_41xxx.o
EXTI9_5_IRQHandler                                output/bulid_boot/platform/cmsis/device/startup_stm32f40_41xxx.o
EXTI_ClearFlag                                    output/bulid_boot/platform/driver/src/stm32f4xx_exti.o
EXTI_ClearITPendingBit                            output/bulid_boot/platform/driver/src/stm32f4xx_exti.o
EXTI_DeInit                                       output/bulid_boot/platform/driver/src/stm32f4xx_exti.o
EXTI_GenerateSWInterrupt                          output/bulid_boot/platform/driver/src/stm32f4xx_exti.o
EXTI_GetFlagStatus                                output/bulid_boot/platform/driver/src/stm32f4xx_exti.o
EXTI_GetITStatus                                  output/bulid_boot/platform/driver/src/stm32f4xx_exti.o
EXTI_Init                                         output/bulid_boot/platform/driver/src/stm32f4xx_exti.o
EXTI_StructInit                                   output/bulid_boot/platform/driver/src/stm32f4xx_exti.o
FLASH_ClearFlag                                   output/bulid_boot/platform/driver/src/stm32f4xx_flash.o
FLASH_DataCacheCmd                                output/bulid_boot/platform/driver/src/stm32f4xx_flash.o
FLASH_DataCacheReset                              output/bulid_boot/platform/driver/src/stm32f4xx_flash.o
FLASH_EraseAllBank1Sectors                        output/bulid_boot/platform/driver/src/stm32f4xx_flash.o
FLASH_EraseAllBank2Sectors                        output/bulid_boot/platform/driver/src/stm32f4xx_flash.o
FLASH_EraseAllSectors                             output/bulid_boot/platform/driver/src/stm32f4xx_flash.o
FLASH_EraseSector                                 output/bulid_boot/platform/driver/src/stm32f4xx_flash.o
FLASH_FlashInterfaceCmd                           output/bulid_boot/platform/driver/src/stm32f4xx_flash_ramfunc.o
FLASH_FlashSleepModeCmd                           output/bulid_boot/platform/driver/src/stm32f4xx_flash_ramfunc.o
FLASH_GetFlagStatus                               output/bulid_boot/platform/driver/src/stm32f4xx_flash.o
FLASH_GetStatus                                   output/bulid_boot/platform/driver/src/stm32f4xx_flash.o
FLASH_IRQHandler                                  output/bulid_boot/platform/cmsis/device/startup_stm32f40_41xxx.o
FLASH_ITConfig                                    output/bulid_boot/platform/driver/src/stm32f4xx_flash.o
FLASH_InstructionCacheCmd                         output/bulid_boot/platform/driver/src/stm32f4xx_flash.o
FLASH_InstructionCacheReset                       output/bulid_boot/platform/driver/src/stm32f4xx_flash.o
FLASH_Lock                                        output/bulid_boot/platform/driver/src/stm32f4xx_flash.o
FLASH_OB_BORConfig                                output/bulid_boot/platform/driver/src/stm32f4xx_flash.o
FLASH_OB_BootConfig                               output/bulid_boot/platform/driver/src/stm32f4xx_flash.o
FLASH_OB_GetBOR                                   output/bulid_boot/platform/driver/src/stm32f4xx_flash.o
FLASH_OB_GetPCROP                                 output/bulid_boot/platform/driver/src/stm32f4xx_flash.o
FLASH_OB_GetPCROP1                                output/bulid_boot/platform/driver/src/stm32f4xx_flash.o
FLASH_OB_GetRDP                                   output/bulid_boot/platform/driver/src/stm32f4xx_flash.o
FLASH_OB_GetUser                                  output/bulid_boot/platform/driver/src/stm32f4xx_flash.o
FLASH_OB_GetWRP                                   output/bulid_boot/platform/driver/src/stm32f4xx_flash.o
FLASH_OB_GetWRP1                                  output/bulid_boot/platform/driver/src/stm32f4xx_flash.o
FLASH_OB_Launch                                   output/bulid_boot/platform/driver/src/stm32f4xx_flash.o
FLASH_OB_Lock                                     output/bulid_boot/platform/driver/src/stm32f4xx_flash.o
FLASH_OB_PCROP1Config                             output/bulid_boot/platform/driver/src/stm32f4xx_flash.o
FLASH_OB_PCROPConfig                              output/bulid_boot/platform/driver/src/stm32f4xx_flash.o
FLASH_OB_PCROPSelectionConfig                     output/bulid_boot/platform/driver/src/stm32f4xx_flash.o
FLASH_OB_RDPConfig                                output/bulid_boot/platform/driver/src/stm32f4xx_flash.o
FLASH_OB_Unlock                                   output/bulid_boot/platform/driver/src/stm32f4xx_flash.o
FLASH_OB_UserConfig                               output/bulid_boot/platform/driver/src/stm32f4xx_flash.o
FLASH_OB_WRP1Config                               output/bulid_boot/platform/driver/src/stm32f4xx_flash.o
FLASH_OB_WRPConfig                                output/bulid_boot/platform/driver/src/stm32f4xx_flash.o
FLASH_PrefetchBufferCmd                           output/bulid_boot/platform/driver/src/stm32f4xx_flash.o
FLASH_ProgramByte                                 output/bulid_boot/platform/driver/src/stm32f4xx_flash.o
FLASH_ProgramDoubleWord                           output/bulid_boot/platform/driver/src/stm32f4xx_flash.o
FLASH_ProgramHalfWord                             output/bulid_boot/platform/driver/src/stm32f4xx_flash.o
FLASH_ProgramWord                                 output/bulid_boot/platform/driver/src/stm32f4xx_flash.o
FLASH_SetLatency                                  output/bulid_boot/platform/driver/src/stm32f4xx_flash.o
FLASH_Unlock                                      output/bulid_boot/platform/driver/src/stm32f4xx_flash.o
FLASH_WaitForLastOperation                        output/bulid_boot/platform/driver/src/stm32f4xx_flash.o
FPU_IRQHandler                                    output/bulid_boot/platform/cmsis/device/startup_stm32f40_41xxx.o
FSMC_ClearFlag                                    output/bulid_boot/platform/driver/src/stm32f4xx_fsmc.o
FSMC_ClearITPendingBit                            output/bulid_boot/platform/driver/src/stm32f4xx_fsmc.o
FSMC_DefaultTimingStruct                          output/bulid_boot/platform/driver/src/stm32f4xx_fsmc.o
FSMC_GetECC                                       output/bulid_boot/platform/driver/src/stm32f4xx_fsmc.o
FSMC_GetFlagStatus                                output/bulid_boot/platform/driver/src/stm32f4xx_fsmc.o
FSMC_GetITStatus                                  output/bulid_boot/platform/driver/src/stm32f4xx_fsmc.o
FSMC_IRQHandler                                   output/bulid_boot/platform/cmsis/device/startup_stm32f40_41xxx.o
FSMC_ITConfig                                     output/bulid_boot/platform/driver/src/stm32f4xx_fsmc.o
FSMC_NANDCmd                                      output/bulid_boot/platform/driver/src/stm32f4xx_fsmc.o
FSMC_NANDDeInit                                   output/bulid_boot/platform/driver/src/stm32f4xx_fsmc.o
FSMC_NANDECCCmd                                   output/bulid_boot/platform/driver/src/stm32f4xx_fsmc.o
FSMC_NANDInit                                     output/bulid_boot/platform/driver/src/stm32f4xx_fsmc.o
FSMC_NANDStructInit                               output/bulid_boot/platform/driver/src/stm32f4xx_fsmc.o
FSMC_NORSRAMCmd                                   output/bulid_boot/platform/driver/src/stm32f4xx_fsmc.o
FSMC_NORSRAMDeInit                                output/bulid_boot/platform/driver/src/stm32f4xx_fsmc.o
FSMC_NORSRAMInit                                  output/bulid_boot/platform/driver/src/stm32f4xx_fsmc.o
FSMC_NORSRAMStructInit                            output/bulid_boot/platform/driver/src/stm32f4xx_fsmc.o
FSMC_PCCARDCmd                                    output/bulid_boot/platform/driver/src/stm32f4xx_fsmc.o
FSMC_PCCARDDeInit                                 output/bulid_boot/platform/driver/src/stm32f4xx_fsmc.o
FSMC_PCCARDInit                                   output/bulid_boot/platform/driver/src/stm32f4xx_fsmc.o
FSMC_PCCARDStructInit                             output/bulid_boot/platform/driver/src/stm32f4xx_fsmc.o
GPIO_DeInit                                       output/bulid_boot/platform/driver/src/stm32f4xx_gpio.o
GPIO_Init                                         output/bulid_boot/platform/driver/src/stm32f4xx_gpio.o
                                                  output/bulid_boot/driver/led/led.o
GPIO_PinAFConfig                                  output/bulid_boot/platform/driver/src/stm32f4xx_gpio.o
GPIO_PinLockConfig                                output/bulid_boot/platform/driver/src/stm32f4xx_gpio.o
GPIO_ReadInputData                                output/bulid_boot/platform/driver/src/stm32f4xx_gpio.o
GPIO_ReadInputDataBit                             output/bulid_boot/platform/driver/src/stm32f4xx_gpio.o
GPIO_ReadOutputData                               output/bulid_boot/platform/driver/src/stm32f4xx_gpio.o
GPIO_ReadOutputDataBit                            output/bulid_boot/platform/driver/src/stm32f4xx_gpio.o
GPIO_ResetBits                                    output/bulid_boot/platform/driver/src/stm32f4xx_gpio.o
                                                  output/bulid_boot/driver/led/led.o
GPIO_SetBits                                      output/bulid_boot/platform/driver/src/stm32f4xx_gpio.o
                                                  output/bulid_boot/driver/led/led.o
GPIO_StructInit                                   output/bulid_boot/platform/driver/src/stm32f4xx_gpio.o
GPIO_ToggleBits                                   output/bulid_boot/platform/driver/src/stm32f4xx_gpio.o
GPIO_Write                                        output/bulid_boot/platform/driver/src/stm32f4xx_gpio.o
GPIO_WriteBit                                     output/bulid_boot/platform/driver/src/stm32f4xx_gpio.o
HASH_AutoStartDigest                              output/bulid_boot/platform/driver/src/stm32f4xx_hash.o
HASH_ClearFlag                                    output/bulid_boot/platform/driver/src/stm32f4xx_hash.o
HASH_ClearITPendingBit                            output/bulid_boot/platform/driver/src/stm32f4xx_hash.o
HASH_DMACmd                                       output/bulid_boot/platform/driver/src/stm32f4xx_hash.o
HASH_DataIn                                       output/bulid_boot/platform/driver/src/stm32f4xx_hash.o
                                                  output/bulid_boot/platform/driver/src/stm32f4xx_hash_sha1.o
                                                  output/bulid_boot/platform/driver/src/stm32f4xx_hash_md5.o
HASH_DeInit                                       output/bulid_boot/platform/driver/src/stm32f4xx_hash.o
                                                  output/bulid_boot/platform/driver/src/stm32f4xx_hash_sha1.o
                                                  output/bulid_boot/platform/driver/src/stm32f4xx_hash_md5.o
HASH_GetDigest                                    output/bulid_boot/platform/driver/src/stm32f4xx_hash.o
                                                  output/bulid_boot/platform/driver/src/stm32f4xx_hash_sha1.o
                                                  output/bulid_boot/platform/driver/src/stm32f4xx_hash_md5.o
HASH_GetFlagStatus                                output/bulid_boot/platform/driver/src/stm32f4xx_hash.o
                                                  output/bulid_boot/platform/driver/src/stm32f4xx_hash_sha1.o
                                                  output/bulid_boot/platform/driver/src/stm32f4xx_hash_md5.o
HASH_GetITStatus                                  output/bulid_boot/platform/driver/src/stm32f4xx_hash.o
HASH_GetInFIFOWordsNbr                            output/bulid_boot/platform/driver/src/stm32f4xx_hash.o
HASH_ITConfig                                     output/bulid_boot/platform/driver/src/stm32f4xx_hash.o
HASH_Init                                         output/bulid_boot/platform/driver/src/stm32f4xx_hash.o
                                                  output/bulid_boot/platform/driver/src/stm32f4xx_hash_sha1.o
                                                  output/bulid_boot/platform/driver/src/stm32f4xx_hash_md5.o
HASH_MD5                                          output/bulid_boot/platform/driver/src/stm32f4xx_hash_md5.o
HASH_RNG_IRQHandler                               output/bulid_boot/platform/cmsis/device/startup_stm32f40_41xxx.o
HASH_Reset                                        output/bulid_boot/platform/driver/src/stm32f4xx_hash.o
HASH_RestoreContext                               output/bulid_boot/platform/driver/src/stm32f4xx_hash.o
HASH_SHA1                                         output/bulid_boot/platform/driver/src/stm32f4xx_hash_sha1.o
HASH_SaveContext                                  output/bulid_boot/platform/driver/src/stm32f4xx_hash.o
HASH_SetLastWordValidBitsNbr                      output/bulid_boot/platform/driver/src/stm32f4xx_hash.o
                                                  output/bulid_boot/platform/driver/src/stm32f4xx_hash_sha1.o
                                                  output/bulid_boot/platform/driver/src/stm32f4xx_hash_md5.o
HASH_StartDigest                                  output/bulid_boot/platform/driver/src/stm32f4xx_hash.o
                                                  output/bulid_boot/platform/driver/src/stm32f4xx_hash_sha1.o
                                                  output/bulid_boot/platform/driver/src/stm32f4xx_hash_md5.o
HASH_StructInit                                   output/bulid_boot/platform/driver/src/stm32f4xx_hash.o
HMAC_MD5                                          output/bulid_boot/platform/driver/src/stm32f4xx_hash_md5.o
HMAC_SHA1                                         output/bulid_boot/platform/driver/src/stm32f4xx_hash_sha1.o
HardFault_Handler                                 output/bulid_boot/platform/cmsis/device/startup_stm32f40_41xxx.o
I2C1_ER_IRQHandler                                output/bulid_boot/platform/cmsis/device/startup_stm32f40_41xxx.o
I2C1_EV_IRQHandler                                output/bulid_boot/platform/cmsis/device/startup_stm32f40_41xxx.o
I2C2_ER_IRQHandler                                output/bulid_boot/platform/cmsis/device/startup_stm32f40_41xxx.o
I2C2_EV_IRQHandler                                output/bulid_boot/platform/cmsis/device/startup_stm32f40_41xxx.o
I2C3_ER_IRQHandler                                output/bulid_boot/platform/cmsis/device/startup_stm32f40_41xxx.o
I2C3_EV_IRQHandler                                output/bulid_boot/platform/cmsis/device/startup_stm32f40_41xxx.o
I2C_ARPCmd                                        output/bulid_boot/platform/driver/src/stm32f4xx_i2c.o
I2C_AcknowledgeConfig                             output/bulid_boot/platform/driver/src/stm32f4xx_i2c.o
I2C_AnalogFilterCmd                               output/bulid_boot/platform/driver/src/stm32f4xx_i2c.o
I2C_CalculatePEC                                  output/bulid_boot/platform/driver/src/stm32f4xx_i2c.o
I2C_CheckEvent                                    output/bulid_boot/platform/driver/src/stm32f4xx_i2c.o
I2C_ClearFlag                                     output/bulid_boot/platform/driver/src/stm32f4xx_i2c.o
I2C_ClearITPendingBit                             output/bulid_boot/platform/driver/src/stm32f4xx_i2c.o
I2C_Cmd                                           output/bulid_boot/platform/driver/src/stm32f4xx_i2c.o
I2C_DMACmd                                        output/bulid_boot/platform/driver/src/stm32f4xx_i2c.o
I2C_DMALastTransferCmd                            output/bulid_boot/platform/driver/src/stm32f4xx_i2c.o
I2C_DeInit                                        output/bulid_boot/platform/driver/src/stm32f4xx_i2c.o
I2C_DigitalFilterConfig                           output/bulid_boot/platform/driver/src/stm32f4xx_i2c.o
I2C_DualAddressCmd                                output/bulid_boot/platform/driver/src/stm32f4xx_i2c.o
I2C_FastModeDutyCycleConfig                       output/bulid_boot/platform/driver/src/stm32f4xx_i2c.o
I2C_GeneralCallCmd                                output/bulid_boot/platform/driver/src/stm32f4xx_i2c.o
I2C_GenerateSTART                                 output/bulid_boot/platform/driver/src/stm32f4xx_i2c.o
I2C_GenerateSTOP                                  output/bulid_boot/platform/driver/src/stm32f4xx_i2c.o
I2C_GetFlagStatus                                 output/bulid_boot/platform/driver/src/stm32f4xx_i2c.o
I2C_GetITStatus                                   output/bulid_boot/platform/driver/src/stm32f4xx_i2c.o
I2C_GetLastEvent                                  output/bulid_boot/platform/driver/src/stm32f4xx_i2c.o
I2C_GetPEC                                        output/bulid_boot/platform/driver/src/stm32f4xx_i2c.o
I2C_ITConfig                                      output/bulid_boot/platform/driver/src/stm32f4xx_i2c.o
I2C_Init                                          output/bulid_boot/platform/driver/src/stm32f4xx_i2c.o
I2C_NACKPositionConfig                            output/bulid_boot/platform/driver/src/stm32f4xx_i2c.o
I2C_OwnAddress2Config                             output/bulid_boot/platform/driver/src/stm32f4xx_i2c.o
I2C_PECPositionConfig                             output/bulid_boot/platform/driver/src/stm32f4xx_i2c.o
I2C_ReadRegister                                  output/bulid_boot/platform/driver/src/stm32f4xx_i2c.o
I2C_ReceiveData                                   output/bulid_boot/platform/driver/src/stm32f4xx_i2c.o
I2C_SMBusAlertConfig                              output/bulid_boot/platform/driver/src/stm32f4xx_i2c.o
I2C_Send7bitAddress                               output/bulid_boot/platform/driver/src/stm32f4xx_i2c.o
I2C_SendData                                      output/bulid_boot/platform/driver/src/stm32f4xx_i2c.o
I2C_SoftwareResetCmd                              output/bulid_boot/platform/driver/src/stm32f4xx_i2c.o
I2C_StretchClockCmd                               output/bulid_boot/platform/driver/src/stm32f4xx_i2c.o
I2C_StructInit                                    output/bulid_boot/platform/driver/src/stm32f4xx_i2c.o
I2C_TransmitPEC                                   output/bulid_boot/platform/driver/src/stm32f4xx_i2c.o
I2S_Cmd                                           output/bulid_boot/platform/driver/src/stm32f4xx_spi.o
I2S_FullDuplexConfig                              output/bulid_boot/platform/driver/src/stm32f4xx_spi.o
I2S_Init                                          output/bulid_boot/platform/driver/src/stm32f4xx_spi.o
I2S_StructInit                                    output/bulid_boot/platform/driver/src/stm32f4xx_spi.o
IWDG_Enable                                       output/bulid_boot/platform/driver/src/stm32f4xx_iwdg.o
IWDG_GetFlagStatus                                output/bulid_boot/platform/driver/src/stm32f4xx_iwdg.o
IWDG_ReloadCounter                                output/bulid_boot/platform/driver/src/stm32f4xx_iwdg.o
IWDG_SetPrescaler                                 output/bulid_boot/platform/driver/src/stm32f4xx_iwdg.o
IWDG_SetReload                                    output/bulid_boot/platform/driver/src/stm32f4xx_iwdg.o
IWDG_WriteAccessCmd                               output/bulid_boot/platform/driver/src/stm32f4xx_iwdg.o
LED_Init                                          output/bulid_boot/driver/led/led.o
LED_Off                                           output/bulid_boot/driver/led/led.o
LED_On                                            output/bulid_boot/driver/led/led.o
LTDC_CLUTCmd                                      output/bulid_boot/platform/driver/src/stm32f4xx_ltdc.o
LTDC_CLUTInit                                     output/bulid_boot/platform/driver/src/stm32f4xx_ltdc.o
LTDC_CLUTStructInit                               output/bulid_boot/platform/driver/src/stm32f4xx_ltdc.o
LTDC_ClearFlag                                    output/bulid_boot/platform/driver/src/stm32f4xx_ltdc.o
LTDC_ClearITPendingBit                            output/bulid_boot/platform/driver/src/stm32f4xx_ltdc.o
LTDC_Cmd                                          output/bulid_boot/platform/driver/src/stm32f4xx_ltdc.o
LTDC_ColorKeyingConfig                            output/bulid_boot/platform/driver/src/stm32f4xx_ltdc.o
LTDC_ColorKeyingStructInit                        output/bulid_boot/platform/driver/src/stm32f4xx_ltdc.o
LTDC_DeInit                                       output/bulid_boot/platform/driver/src/stm32f4xx_ltdc.o
LTDC_DitherCmd                                    output/bulid_boot/platform/driver/src/stm32f4xx_ltdc.o
LTDC_GetCDStatus                                  output/bulid_boot/platform/driver/src/stm32f4xx_ltdc.o
LTDC_GetFlagStatus                                output/bulid_boot/platform/driver/src/stm32f4xx_ltdc.o
LTDC_GetITStatus                                  output/bulid_boot/platform/driver/src/stm32f4xx_ltdc.o
LTDC_GetPosStatus                                 output/bulid_boot/platform/driver/src/stm32f4xx_ltdc.o
LTDC_GetRGBWidth                                  output/bulid_boot/platform/driver/src/stm32f4xx_ltdc.o
LTDC_ITConfig                                     output/bulid_boot/platform/driver/src/stm32f4xx_ltdc.o
LTDC_Init                                         output/bulid_boot/platform/driver/src/stm32f4xx_ltdc.o
LTDC_LIPConfig                                    output/bulid_boot/platform/driver/src/stm32f4xx_ltdc.o
LTDC_LayerAddress                                 output/bulid_boot/platform/driver/src/stm32f4xx_ltdc.o
LTDC_LayerAlpha                                   output/bulid_boot/platform/driver/src/stm32f4xx_ltdc.o
LTDC_LayerCmd                                     output/bulid_boot/platform/driver/src/stm32f4xx_ltdc.o
LTDC_LayerInit                                    output/bulid_boot/platform/driver/src/stm32f4xx_ltdc.o
LTDC_LayerPixelFormat                             output/bulid_boot/platform/driver/src/stm32f4xx_ltdc.o
LTDC_LayerPosition                                output/bulid_boot/platform/driver/src/stm32f4xx_ltdc.o
LTDC_LayerSize                                    output/bulid_boot/platform/driver/src/stm32f4xx_ltdc.o
LTDC_LayerStructInit                              output/bulid_boot/platform/driver/src/stm32f4xx_ltdc.o
LTDC_PosStructInit                                output/bulid_boot/platform/driver/src/stm32f4xx_ltdc.o
LTDC_RGBStructInit                                output/bulid_boot/platform/driver/src/stm32f4xx_ltdc.o
LTDC_ReloadConfig                                 output/bulid_boot/platform/driver/src/stm32f4xx_ltdc.o
LTDC_StructInit                                   output/bulid_boot/platform/driver/src/stm32f4xx_ltdc.o
MemManage_Handler                                 output/bulid_boot/platform/cmsis/device/startup_stm32f40_41xxx.o
NMI_Handler                                       output/bulid_boot/platform/cmsis/device/startup_stm32f40_41xxx.o
NVIC_Init                                         output/bulid_boot/platform/driver/src/misc.o
NVIC_PriorityGroupConfig                          output/bulid_boot/platform/driver/src/misc.o
NVIC_SetVectorTable                               output/bulid_boot/platform/driver/src/misc.o
NVIC_SystemLPConfig                               output/bulid_boot/platform/driver/src/misc.o
OTG_FS_IRQHandler                                 output/bulid_boot/platform/cmsis/device/startup_stm32f40_41xxx.o
OTG_FS_WKUP_IRQHandler                            output/bulid_boot/platform/cmsis/device/startup_stm32f40_41xxx.o
OTG_HS_EP1_IN_IRQHandler                          output/bulid_boot/platform/cmsis/device/startup_stm32f40_41xxx.o
OTG_HS_EP1_OUT_IRQHandler                         output/bulid_boot/platform/cmsis/device/startup_stm32f40_41xxx.o
OTG_HS_IRQHandler                                 output/bulid_boot/platform/cmsis/device/startup_stm32f40_41xxx.o
OTG_HS_WKUP_IRQHandler                            output/bulid_boot/platform/cmsis/device/startup_stm32f40_41xxx.o
PVD_IRQHandler                                    output/bulid_boot/platform/cmsis/device/startup_stm32f40_41xxx.o
PWR_BackupAccessCmd                               output/bulid_boot/platform/driver/src/stm32f4xx_pwr.o
PWR_BackupRegulatorCmd                            output/bulid_boot/platform/driver/src/stm32f4xx_pwr.o
PWR_ClearFlag                                     output/bulid_boot/platform/driver/src/stm32f4xx_pwr.o
PWR_DeInit                                        output/bulid_boot/platform/driver/src/stm32f4xx_pwr.o
PWR_EnterSTANDBYMode                              output/bulid_boot/platform/driver/src/stm32f4xx_pwr.o
PWR_EnterSTOPMode                                 output/bulid_boot/platform/driver/src/stm32f4xx_pwr.o
PWR_EnterUnderDriveSTOPMode                       output/bulid_boot/platform/driver/src/stm32f4xx_pwr.o
PWR_FlashPowerDownCmd                             output/bulid_boot/platform/driver/src/stm32f4xx_pwr.o
PWR_GetFlagStatus                                 output/bulid_boot/platform/driver/src/stm32f4xx_pwr.o
PWR_MainRegulatorModeConfig                       output/bulid_boot/platform/driver/src/stm32f4xx_pwr.o
PWR_OverDriveCmd                                  output/bulid_boot/platform/driver/src/stm32f4xx_pwr.o
PWR_OverDriveSWCmd                                output/bulid_boot/platform/driver/src/stm32f4xx_pwr.o
PWR_PVDCmd                                        output/bulid_boot/platform/driver/src/stm32f4xx_pwr.o
PWR_PVDLevelConfig                                output/bulid_boot/platform/driver/src/stm32f4xx_pwr.o
PWR_UnderDriveCmd                                 output/bulid_boot/platform/driver/src/stm32f4xx_pwr.o
PWR_WakeUpPinCmd                                  output/bulid_boot/platform/driver/src/stm32f4xx_pwr.o
PendSV_Handler                                    output/bulid_boot/platform/cmsis/device/startup_stm32f40_41xxx.o
RCC_AHB1PeriphClockCmd                            output/bulid_boot/platform/driver/src/stm32f4xx_rcc.o
                                                  output/bulid_boot/driver/led/led.o
RCC_AHB1PeriphClockLPModeCmd                      output/bulid_boot/platform/driver/src/stm32f4xx_rcc.o
RCC_AHB1PeriphResetCmd                            output/bulid_boot/platform/driver/src/stm32f4xx_rcc.o
                                                  output/bulid_boot/platform/driver/src/stm32f4xx_gpio.o
                                                  output/bulid_boot/platform/driver/src/stm32f4xx_dma2d.o
RCC_AHB2PeriphClockCmd                            output/bulid_boot/platform/driver/src/stm32f4xx_rcc.o
RCC_AHB2PeriphClockLPModeCmd                      output/bulid_boot/platform/driver/src/stm32f4xx_rcc.o
RCC_AHB2PeriphResetCmd                            output/bulid_boot/platform/driver/src/stm32f4xx_rcc.o
                                                  output/bulid_boot/platform/driver/src/stm32f4xx_rng.o
                                                  output/bulid_boot/platform/driver/src/stm32f4xx_hash.o
                                                  output/bulid_boot/platform/driver/src/stm32f4xx_cryp.o
RCC_AHB3PeriphClockCmd                            output/bulid_boot/platform/driver/src/stm32f4xx_rcc.o
RCC_AHB3PeriphClockLPModeCmd                      output/bulid_boot/platform/driver/src/stm32f4xx_rcc.o
RCC_AHB3PeriphResetCmd                            output/bulid_boot/platform/driver/src/stm32f4xx_rcc.o
RCC_APB1PeriphClockCmd                            output/bulid_boot/platform/driver/src/stm32f4xx_rcc.o
                                                  output/bulid_boot/driver/delay/delay.o
RCC_APB1PeriphClockLPModeCmd                      output/bulid_boot/platform/driver/src/stm32f4xx_rcc.o
RCC_APB1PeriphResetCmd                            output/bulid_boot/platform/driver/src/stm32f4xx_rcc.o
                                                  output/bulid_boot/platform/driver/src/stm32f4xx_wwdg.o
                                                  output/bulid_boot/platform/driver/src/stm32f4xx_usart.o
                                                  output/bulid_boot/platform/driver/src/stm32f4xx_tim.o
                                                  output/bulid_boot/platform/driver/src/stm32f4xx_spi.o
                                                  output/bulid_boot/platform/driver/src/stm32f4xx_pwr.o
                                                  output/bulid_boot/platform/driver/src/stm32f4xx_i2c.o
                                                  output/bulid_boot/platform/driver/src/stm32f4xx_dac.o
                                                  output/bulid_boot/platform/driver/src/stm32f4xx_can.o
RCC_APB2PeriphClockCmd                            output/bulid_boot/platform/driver/src/stm32f4xx_rcc.o
RCC_APB2PeriphClockLPModeCmd                      output/bulid_boot/platform/driver/src/stm32f4xx_rcc.o
RCC_APB2PeriphResetCmd                            output/bulid_boot/platform/driver/src/stm32f4xx_rcc.o
                                                  output/bulid_boot/platform/driver/src/stm32f4xx_usart.o
                                                  output/bulid_boot/platform/driver/src/stm32f4xx_tim.o
                                                  output/bulid_boot/platform/driver/src/stm32f4xx_syscfg.o
                                                  output/bulid_boot/platform/driver/src/stm32f4xx_spi.o
                                                  output/bulid_boot/platform/driver/src/stm32f4xx_sdio.o
                                                  output/bulid_boot/platform/driver/src/stm32f4xx_sai.o
                                                  output/bulid_boot/platform/driver/src/stm32f4xx_ltdc.o
                                                  output/bulid_boot/platform/driver/src/stm32f4xx_adc.o
RCC_AdjustHSICalibrationValue                     output/bulid_boot/platform/driver/src/stm32f4xx_rcc.o
RCC_BackupResetCmd                                output/bulid_boot/platform/driver/src/stm32f4xx_rcc.o
RCC_ClearFlag                                     output/bulid_boot/platform/driver/src/stm32f4xx_rcc.o
RCC_ClearITPendingBit                             output/bulid_boot/platform/driver/src/stm32f4xx_rcc.o
RCC_ClockSecuritySystemCmd                        output/bulid_boot/platform/driver/src/stm32f4xx_rcc.o
RCC_DeInit                                        output/bulid_boot/platform/driver/src/stm32f4xx_rcc.o
RCC_GetClocksFreq                                 output/bulid_boot/platform/driver/src/stm32f4xx_rcc.o
                                                  output/bulid_boot/platform/driver/src/stm32f4xx_usart.o
                                                  output/bulid_boot/platform/driver/src/stm32f4xx_i2c.o
RCC_GetFlagStatus                                 output/bulid_boot/platform/driver/src/stm32f4xx_rcc.o
RCC_GetITStatus                                   output/bulid_boot/platform/driver/src/stm32f4xx_rcc.o
RCC_GetSYSCLKSource                               output/bulid_boot/platform/driver/src/stm32f4xx_rcc.o
RCC_HCLKConfig                                    output/bulid_boot/platform/driver/src/stm32f4xx_rcc.o
RCC_HSEConfig                                     output/bulid_boot/platform/driver/src/stm32f4xx_rcc.o
RCC_HSICmd                                        output/bulid_boot/platform/driver/src/stm32f4xx_rcc.o
RCC_I2SCLKConfig                                  output/bulid_boot/platform/driver/src/stm32f4xx_rcc.o
RCC_IRQHandler                                    output/bulid_boot/platform/cmsis/device/startup_stm32f40_41xxx.o
RCC_ITConfig                                      output/bulid_boot/platform/driver/src/stm32f4xx_rcc.o
RCC_LSEConfig                                     output/bulid_boot/platform/driver/src/stm32f4xx_rcc.o
RCC_LSEModeConfig                                 output/bulid_boot/platform/driver/src/stm32f4xx_rcc.o
RCC_LSICmd                                        output/bulid_boot/platform/driver/src/stm32f4xx_rcc.o
RCC_LTDCCLKDivConfig                              output/bulid_boot/platform/driver/src/stm32f4xx_rcc.o
RCC_MCO1Config                                    output/bulid_boot/platform/driver/src/stm32f4xx_rcc.o
RCC_MCO2Config                                    output/bulid_boot/platform/driver/src/stm32f4xx_rcc.o
RCC_PCLK1Config                                   output/bulid_boot/platform/driver/src/stm32f4xx_rcc.o
RCC_PCLK2Config                                   output/bulid_boot/platform/driver/src/stm32f4xx_rcc.o
RCC_PLLCmd                                        output/bulid_boot/platform/driver/src/stm32f4xx_rcc.o
RCC_PLLConfig                                     output/bulid_boot/platform/driver/src/stm32f4xx_rcc.o
RCC_PLLI2SCmd                                     output/bulid_boot/platform/driver/src/stm32f4xx_rcc.o
RCC_PLLI2SConfig                                  output/bulid_boot/platform/driver/src/stm32f4xx_rcc.o
RCC_PLLSAICmd                                     output/bulid_boot/platform/driver/src/stm32f4xx_rcc.o
RCC_PLLSAIConfig                                  output/bulid_boot/platform/driver/src/stm32f4xx_rcc.o
RCC_RTCCLKCmd                                     output/bulid_boot/platform/driver/src/stm32f4xx_rcc.o
RCC_RTCCLKConfig                                  output/bulid_boot/platform/driver/src/stm32f4xx_rcc.o
RCC_SAIBlockACLKConfig                            output/bulid_boot/platform/driver/src/stm32f4xx_rcc.o
RCC_SAIBlockBCLKConfig                            output/bulid_boot/platform/driver/src/stm32f4xx_rcc.o
RCC_SAIPLLI2SClkDivConfig                         output/bulid_boot/platform/driver/src/stm32f4xx_rcc.o
RCC_SAIPLLSAIClkDivConfig                         output/bulid_boot/platform/driver/src/stm32f4xx_rcc.o
RCC_SYSCLKConfig                                  output/bulid_boot/platform/driver/src/stm32f4xx_rcc.o
RCC_TIMCLKPresConfig                              output/bulid_boot/platform/driver/src/stm32f4xx_rcc.o
RCC_WaitForHSEStartUp                             output/bulid_boot/platform/driver/src/stm32f4xx_rcc.o
RNG_ClearFlag                                     output/bulid_boot/platform/driver/src/stm32f4xx_rng.o
RNG_ClearITPendingBit                             output/bulid_boot/platform/driver/src/stm32f4xx_rng.o
RNG_Cmd                                           output/bulid_boot/platform/driver/src/stm32f4xx_rng.o
RNG_DeInit                                        output/bulid_boot/platform/driver/src/stm32f4xx_rng.o
RNG_GetFlagStatus                                 output/bulid_boot/platform/driver/src/stm32f4xx_rng.o
RNG_GetITStatus                                   output/bulid_boot/platform/driver/src/stm32f4xx_rng.o
RNG_GetRandomNumber                               output/bulid_boot/platform/driver/src/stm32f4xx_rng.o
RNG_ITConfig                                      output/bulid_boot/platform/driver/src/stm32f4xx_rng.o
RTC_AlarmCmd                                      output/bulid_boot/platform/driver/src/stm32f4xx_rtc.o
RTC_AlarmStructInit                               output/bulid_boot/platform/driver/src/stm32f4xx_rtc.o
RTC_AlarmSubSecondConfig                          output/bulid_boot/platform/driver/src/stm32f4xx_rtc.o
RTC_Alarm_IRQHandler                              output/bulid_boot/platform/cmsis/device/startup_stm32f40_41xxx.o
RTC_BypassShadowCmd                               output/bulid_boot/platform/driver/src/stm32f4xx_rtc.o
RTC_CalibOutputCmd                                output/bulid_boot/platform/driver/src/stm32f4xx_rtc.o
RTC_CalibOutputConfig                             output/bulid_boot/platform/driver/src/stm32f4xx_rtc.o
RTC_ClearFlag                                     output/bulid_boot/platform/driver/src/stm32f4xx_rtc.o
RTC_ClearITPendingBit                             output/bulid_boot/platform/driver/src/stm32f4xx_rtc.o
RTC_CoarseCalibCmd                                output/bulid_boot/platform/driver/src/stm32f4xx_rtc.o
RTC_CoarseCalibConfig                             output/bulid_boot/platform/driver/src/stm32f4xx_rtc.o
RTC_DateStructInit                                output/bulid_boot/platform/driver/src/stm32f4xx_rtc.o
RTC_DayLightSavingConfig                          output/bulid_boot/platform/driver/src/stm32f4xx_rtc.o
RTC_DeInit                                        output/bulid_boot/platform/driver/src/stm32f4xx_rtc.o
RTC_EnterInitMode                                 output/bulid_boot/platform/driver/src/stm32f4xx_rtc.o
RTC_ExitInitMode                                  output/bulid_boot/platform/driver/src/stm32f4xx_rtc.o
RTC_GetAlarm                                      output/bulid_boot/platform/driver/src/stm32f4xx_rtc.o
RTC_GetAlarmSubSecond                             output/bulid_boot/platform/driver/src/stm32f4xx_rtc.o
RTC_GetDate                                       output/bulid_boot/platform/driver/src/stm32f4xx_rtc.o
RTC_GetFlagStatus                                 output/bulid_boot/platform/driver/src/stm32f4xx_rtc.o
RTC_GetITStatus                                   output/bulid_boot/platform/driver/src/stm32f4xx_rtc.o
RTC_GetStoreOperation                             output/bulid_boot/platform/driver/src/stm32f4xx_rtc.o
RTC_GetSubSecond                                  output/bulid_boot/platform/driver/src/stm32f4xx_rtc.o
RTC_GetTime                                       output/bulid_boot/platform/driver/src/stm32f4xx_rtc.o
RTC_GetTimeStamp                                  output/bulid_boot/platform/driver/src/stm32f4xx_rtc.o
RTC_GetTimeStampSubSecond                         output/bulid_boot/platform/driver/src/stm32f4xx_rtc.o
RTC_GetWakeUpCounter                              output/bulid_boot/platform/driver/src/stm32f4xx_rtc.o
RTC_ITConfig                                      output/bulid_boot/platform/driver/src/stm32f4xx_rtc.o
RTC_Init                                          output/bulid_boot/platform/driver/src/stm32f4xx_rtc.o
RTC_OutputConfig                                  output/bulid_boot/platform/driver/src/stm32f4xx_rtc.o
RTC_OutputTypeConfig                              output/bulid_boot/platform/driver/src/stm32f4xx_rtc.o
RTC_ReadBackupRegister                            output/bulid_boot/platform/driver/src/stm32f4xx_rtc.o
RTC_RefClockCmd                                   output/bulid_boot/platform/driver/src/stm32f4xx_rtc.o
RTC_SetAlarm                                      output/bulid_boot/platform/driver/src/stm32f4xx_rtc.o
RTC_SetDate                                       output/bulid_boot/platform/driver/src/stm32f4xx_rtc.o
RTC_SetTime                                       output/bulid_boot/platform/driver/src/stm32f4xx_rtc.o
RTC_SetWakeUpCounter                              output/bulid_boot/platform/driver/src/stm32f4xx_rtc.o
RTC_SmoothCalibConfig                             output/bulid_boot/platform/driver/src/stm32f4xx_rtc.o
RTC_StructInit                                    output/bulid_boot/platform/driver/src/stm32f4xx_rtc.o
RTC_SynchroShiftConfig                            output/bulid_boot/platform/driver/src/stm32f4xx_rtc.o
RTC_TamperCmd                                     output/bulid_boot/platform/driver/src/stm32f4xx_rtc.o
RTC_TamperFilterConfig                            output/bulid_boot/platform/driver/src/stm32f4xx_rtc.o
RTC_TamperPinSelection                            output/bulid_boot/platform/driver/src/stm32f4xx_rtc.o
RTC_TamperPinsPrechargeDuration                   output/bulid_boot/platform/driver/src/stm32f4xx_rtc.o
RTC_TamperPullUpCmd                               output/bulid_boot/platform/driver/src/stm32f4xx_rtc.o
RTC_TamperSamplingFreqConfig                      output/bulid_boot/platform/driver/src/stm32f4xx_rtc.o
RTC_TamperTriggerConfig                           output/bulid_boot/platform/driver/src/stm32f4xx_rtc.o
RTC_TimeStampCmd                                  output/bulid_boot/platform/driver/src/stm32f4xx_rtc.o
RTC_TimeStampOnTamperDetectionCmd                 output/bulid_boot/platform/driver/src/stm32f4xx_rtc.o
RTC_TimeStampPinSelection                         output/bulid_boot/platform/driver/src/stm32f4xx_rtc.o
RTC_TimeStructInit                                output/bulid_boot/platform/driver/src/stm32f4xx_rtc.o
RTC_WKUP_IRQHandler                               output/bulid_boot/platform/cmsis/device/startup_stm32f40_41xxx.o
RTC_WaitForSynchro                                output/bulid_boot/platform/driver/src/stm32f4xx_rtc.o
RTC_WakeUpClockConfig                             output/bulid_boot/platform/driver/src/stm32f4xx_rtc.o
RTC_WakeUpCmd                                     output/bulid_boot/platform/driver/src/stm32f4xx_rtc.o
RTC_WriteBackupRegister                           output/bulid_boot/platform/driver/src/stm32f4xx_rtc.o
RTC_WriteProtectionCmd                            output/bulid_boot/platform/driver/src/stm32f4xx_rtc.o
Reset_Handler                                     output/bulid_boot/platform/cmsis/device/startup_stm32f40_41xxx.o
SAI_ClearFlag                                     output/bulid_boot/platform/driver/src/stm32f4xx_sai.o
SAI_ClearITPendingBit                             output/bulid_boot/platform/driver/src/stm32f4xx_sai.o
SAI_Cmd                                           output/bulid_boot/platform/driver/src/stm32f4xx_sai.o
SAI_CompandingModeConfig                          output/bulid_boot/platform/driver/src/stm32f4xx_sai.o
SAI_DMACmd                                        output/bulid_boot/platform/driver/src/stm32f4xx_sai.o
SAI_DeInit                                        output/bulid_boot/platform/driver/src/stm32f4xx_sai.o
SAI_FlushFIFO                                     output/bulid_boot/platform/driver/src/stm32f4xx_sai.o
SAI_FrameInit                                     output/bulid_boot/platform/driver/src/stm32f4xx_sai.o
SAI_FrameStructInit                               output/bulid_boot/platform/driver/src/stm32f4xx_sai.o
SAI_GetCmdStatus                                  output/bulid_boot/platform/driver/src/stm32f4xx_sai.o
SAI_GetFIFOStatus                                 output/bulid_boot/platform/driver/src/stm32f4xx_sai.o
SAI_GetFlagStatus                                 output/bulid_boot/platform/driver/src/stm32f4xx_sai.o
SAI_GetITStatus                                   output/bulid_boot/platform/driver/src/stm32f4xx_sai.o
SAI_ITConfig                                      output/bulid_boot/platform/driver/src/stm32f4xx_sai.o
SAI_Init                                          output/bulid_boot/platform/driver/src/stm32f4xx_sai.o
SAI_MonoModeConfig                                output/bulid_boot/platform/driver/src/stm32f4xx_sai.o
SAI_MuteFrameCounterConfig                        output/bulid_boot/platform/driver/src/stm32f4xx_sai.o
SAI_MuteModeCmd                                   output/bulid_boot/platform/driver/src/stm32f4xx_sai.o
SAI_MuteValueConfig                               output/bulid_boot/platform/driver/src/stm32f4xx_sai.o
SAI_ReceiveData                                   output/bulid_boot/platform/driver/src/stm32f4xx_sai.o
SAI_SendData                                      output/bulid_boot/platform/driver/src/stm32f4xx_sai.o
SAI_SlotInit                                      output/bulid_boot/platform/driver/src/stm32f4xx_sai.o
SAI_SlotStructInit                                output/bulid_boot/platform/driver/src/stm32f4xx_sai.o
SAI_StructInit                                    output/bulid_boot/platform/driver/src/stm32f4xx_sai.o
SAI_TRIStateConfig                                output/bulid_boot/platform/driver/src/stm32f4xx_sai.o
SDIO_CEATAITCmd                                   output/bulid_boot/platform/driver/src/stm32f4xx_sdio.o
SDIO_ClearFlag                                    output/bulid_boot/platform/driver/src/stm32f4xx_sdio.o
SDIO_ClearITPendingBit                            output/bulid_boot/platform/driver/src/stm32f4xx_sdio.o
SDIO_ClockCmd                                     output/bulid_boot/platform/driver/src/stm32f4xx_sdio.o
SDIO_CmdStructInit                                output/bulid_boot/platform/driver/src/stm32f4xx_sdio.o
SDIO_CommandCompletionCmd                         output/bulid_boot/platform/driver/src/stm32f4xx_sdio.o
SDIO_DMACmd                                       output/bulid_boot/platform/driver/src/stm32f4xx_sdio.o
SDIO_DataConfig                                   output/bulid_boot/platform/driver/src/stm32f4xx_sdio.o
SDIO_DataStructInit                               output/bulid_boot/platform/driver/src/stm32f4xx_sdio.o
SDIO_DeInit                                       output/bulid_boot/platform/driver/src/stm32f4xx_sdio.o
SDIO_GetCommandResponse                           output/bulid_boot/platform/driver/src/stm32f4xx_sdio.o
SDIO_GetDataCounter                               output/bulid_boot/platform/driver/src/stm32f4xx_sdio.o
SDIO_GetFIFOCount                                 output/bulid_boot/platform/driver/src/stm32f4xx_sdio.o
SDIO_GetFlagStatus                                output/bulid_boot/platform/driver/src/stm32f4xx_sdio.o
SDIO_GetITStatus                                  output/bulid_boot/platform/driver/src/stm32f4xx_sdio.o
SDIO_GetPowerState                                output/bulid_boot/platform/driver/src/stm32f4xx_sdio.o
SDIO_GetResponse                                  output/bulid_boot/platform/driver/src/stm32f4xx_sdio.o
SDIO_IRQHandler                                   output/bulid_boot/platform/cmsis/device/startup_stm32f40_41xxx.o
SDIO_ITConfig                                     output/bulid_boot/platform/driver/src/stm32f4xx_sdio.o