Archive member included to satisfy reference by file (symbol)

/home/yy/stm32f4_boot/tools/toolchain/gcc-arm-none-eabi-10.3-2021.10/bin/../lib/gcc/arm-none-eabi/10.3.1/../../../../arm-none-eabi/lib/thumb/v7e-m+fp/hard/libc_nano.a(lib_a-exit.o)
                              /home/yy/stm32f4_boot/tools/toolchain/gcc-arm-none-eabi-10.3-2021.10/bin/../lib/gcc/arm-none-eabi/10.3.1/../../../../arm-none-eabi/lib/thumb/v7e-m+fp/hard/crt0.o (exit)
/home/yy/stm32f4_boot/tools/toolchain/gcc-arm-none-eabi-10.3-2021.10/bin/../lib/gcc/arm-none-eabi/10.3.1/../../../../arm-none-eabi/lib/thumb/v7e-m+fp/hard/libc_nano.a(lib_a-impure.o)
                              /home/yy/stm32f4_boot/tools/toolchain/gcc-arm-none-eabi-10.3-2021.10/bin/../lib/gcc/arm-none-eabi/10.3.1/../../../../arm-none-eabi/lib/thumb/v7e-m+fp/hard/libc_nano.a(lib_a-exit.o) (_global_impure_ptr)
/home/yy/stm32f4_boot/tools/toolchain/gcc-arm-none-eabi-10.3-2021.10/bin/../lib/gcc/arm-none-eabi/10.3.1/../../../../arm-none-eabi/lib/thumb/v7e-m+fp/hard/libc_nano.a(lib_a-init.o)
                              /home/yy/stm32f4_boot/tools/toolchain/gcc-arm-none-eabi-10.3-2021.10/bin/../lib/gcc/arm-none-eabi/10.3.1/../../../../arm-none-eabi/lib/thumb/v7e-m+fp/hard/crt0.o (__libc_init_array)
/home/yy/stm32f4_boot/tools/toolchain/gcc-arm-none-eabi-10.3-2021.10/bin/../lib/gcc/arm-none-eabi/10.3.1/../../../../arm-none-eabi/lib/thumb/v7e-m+fp/hard/libc_nano.a(lib_a-memset.o)
                              /home/yy/stm32f4_boot/tools/toolchain/gcc-arm-none-eabi-10.3-2021.10/bin/../lib/gcc/arm-none-eabi/10.3.1/../../../../arm-none-eabi/lib/thumb/v7e-m+fp/hard/crt0.o (memset)

Discarded input sections

 .text          0x0000000000000000        0x0 /home/yy/stm32f4_boot/tools/toolchain/gcc-arm-none-eabi-10.3-2021.10/bin/../lib/gcc/arm-none-eabi/10.3.1/thumb/v7e-m+fp/hard/crti.o
 .data          0x0000000000000000        0x0 /home/yy/stm32f4_boot/tools/toolchain/gcc-arm-none-eabi-10.3-2021.10/bin/../lib/gcc/arm-none-eabi/10.3.1/thumb/v7e-m+fp/hard/crti.o
 .bss           0x0000000000000000        0x0 /home/yy/stm32f4_boot/tools/toolchain/gcc-arm-none-eabi-10.3-2021.10/bin/../lib/gcc/arm-none-eabi/10.3.1/thumb/v7e-m+fp/hard/crti.o
 .data          0x0000000000000000        0x4 /home/yy/stm32f4_boot/tools/toolchain/gcc-arm-none-eabi-10.3-2021.10/bin/../lib/gcc/arm-none-eabi/10.3.1/thumb/v7e-m+fp/hard/crtbegin.o
 .rodata        0x0000000000000000       0x24 /home/yy/stm32f4_boot/tools/toolchain/gcc-arm-none-eabi-10.3-2021.10/bin/../lib/gcc/arm-none-eabi/10.3.1/thumb/v7e-m+fp/hard/crtbegin.o
 .text          0x0000000000000000       0x7c /home/yy/stm32f4_boot/tools/toolchain/gcc-arm-none-eabi-10.3-2021.10/bin/../lib/gcc/arm-none-eabi/10.3.1/../../../../arm-none-eabi/lib/thumb/v7e-m+fp/hard/crt0.o
 .data          0x0000000000000000        0x0 /home/yy/stm32f4_boot/tools/toolchain/gcc-arm-none-eabi-10.3-2021.10/bin/../lib/gcc/arm-none-eabi/10.3.1/../../../../arm-none-eabi/lib/thumb/v7e-m+fp/hard/crt0.o
 .bss           0x0000000000000000        0x0 /home/yy/stm32f4_boot/tools/toolchain/gcc-arm-none-eabi-10.3-2021.10/bin/../lib/gcc/arm-none-eabi/10.3.1/../../../../arm-none-eabi/lib/thumb/v7e-m+fp/hard/crt0.o
 .ARM.extab     0x0000000000000000        0x0 /home/yy/stm32f4_boot/tools/toolchain/gcc-arm-none-eabi-10.3-2021.10/bin/../lib/gcc/arm-none-eabi/10.3.1/../../../../arm-none-eabi/lib/thumb/v7e-m+fp/hard/crt0.o
 .ARM.exidx     0x0000000000000000       0x10 /home/yy/stm32f4_boot/tools/toolchain/gcc-arm-none-eabi-10.3-2021.10/bin/../lib/gcc/arm-none-eabi/10.3.1/../../../../arm-none-eabi/lib/thumb/v7e-m+fp/hard/crt0.o
 .ARM.attributes
                0x0000000000000000       0x1c /home/yy/stm32f4_boot/tools/toolchain/gcc-arm-none-eabi-10.3-2021.10/bin/../lib/gcc/arm-none-eabi/10.3.1/../../../../arm-none-eabi/lib/thumb/v7e-m+fp/hard/crt0.o
 .text          0x0000000000000000        0x0 output/bulid/boot/main.o
 .data          0x0000000000000000        0x0 output/bulid/boot/main.o
 .bss           0x0000000000000000        0x0 output/bulid/boot/main.o
 .text          0x0000000000000000        0x0 output/bulid/driver/LCD/lcd.o
 .data          0x0000000000000000        0x0 output/bulid/driver/LCD/lcd.o
 .bss           0x0000000000000000        0x0 output/bulid/driver/LCD/lcd.o
 .text.LCD_WriteRAM
                0x0000000000000000       0x20 output/bulid/driver/LCD/lcd.o
 .text.LCD_BGR2RGB
                0x0000000000000000       0x48 output/bulid/driver/LCD/lcd.o
 .text.opt_delay
                0x0000000000000000       0x24 output/bulid/driver/LCD/lcd.o
 .text.LCD_ReadPoint
                0x0000000000000000      0x1a0 output/bulid/driver/LCD/lcd.o
 .text.LCD_DisplayOff
                0x0000000000000000       0x58 output/bulid/driver/LCD/lcd.o
 .text.LCD_DrawPoint
                0x0000000000000000       0x38 output/bulid/driver/LCD/lcd.o
 .text.LCD_Set_Window
                0x0000000000000000      0x244 output/bulid/driver/LCD/lcd.o
 .text.LCD_Fill
[...]
Memory Configuration

Name             Origin             Length             Attributes
RAM              0x0000000020000000 0x0000000000020000 xrw
CCMRAM           0x0000000010000000 0x0000000000010000 xrw
FLASH            0x0000000008000000 0x0000000000080000 xr
*default*        0x0000000000000000 0xffffffffffffffff

Linker script and memory map

LOAD /home/yy/stm32f4_boot/tools/toolchain/gcc-arm-none-eabi-10.3-2021.10/bin/../lib/gcc/arm-none-eabi/10.3.1/thumb/v7e-m+fp/hard/crti.o
LOAD /home/yy/stm32f4_boot/tools/toolchain/gcc-arm-none-eabi-10.3-2021.10/bin/../lib/gcc/arm-none-eabi/10.3.1/thumb/v7e-m+fp/hard/crtbegin.o
LOAD /home/yy/stm32f4_boot/tools/toolchain/gcc-arm-none-eabi-10.3-2021.10/bin/../lib/gcc/arm-none-eabi/10.3.1/../../../../arm-none-eabi/lib/thumb/v7e-m+fp/hard/crt0.o
START GROUP
LOAD /home/yy/stm32f4_boot/tools/toolchain/gcc-arm-none-eabi-10.3-2021.10/bin/../lib/gcc/arm-none-eabi/10.3.1/../../../../arm-none-eabi/lib/thumb/v7e-m+fp/hard/libm.a
END GROUP
LOAD output/bulid/boot/main.o
LOAD output/bulid/driver/LCD/lcd.o
LOAD output/bulid/driver/delay/delay.o
LOAD output/bulid/driver/i2c/i2c.o
LOAD output/bulid/driver/i2c/mpu6050.o
LOAD output/bulid/driver/led/led.o
LOAD output/bulid/driver/usart/usart.o
LOAD output/bulid/platform/cmsis/device/startup_stm32f40_41xxx.o
LOAD output/bulid/platform/cmsis/device/system_stm32f4xx.o
LOAD output/bulid/platform/driver/src/misc.o
LOAD output/bulid/platform/driver/src/stm32f4xx_adc.o
LOAD output/bulid/platform/driver/src/stm32f4xx_can.o
LOAD output/bulid/platform/driver/src/stm32f4xx_cec.o
LOAD output/bulid/platform/driver/src/stm32f4xx_crc.o
LOAD output/bulid/platform/driver/src/stm32f4xx_cryp.o
LOAD output/bulid/platform/driver/src/stm32f4xx_cryp_aes.o
LOAD output/bulid/platform/driver/src/stm32f4xx_cryp_des.o
LOAD output/bulid/platform/driver/src/stm32f4xx_cryp_tdes.o
LOAD output/bulid/platform/driver/src/stm32f4xx_dac.o
LOAD output/bulid/platform/driver/src/stm32f4xx_dbgmcu.o
LOAD output/bulid/platform/driver/src/stm32f4xx_dcmi.o
LOAD output/bulid/platform/driver/src/stm32f4xx_dfsdm.o
LOAD output/bulid/platform/driver/src/stm32f4xx_dma.o
LOAD output/bulid/platform/driver/src/stm32f4xx_dma2d.o
LOAD output/bulid/platform/driver/src/stm32f4xx_dsi.o
LOAD output/bulid/platform/driver/src/stm32f4xx_exti.o
LOAD output/bulid/platform/driver/src/stm32f4xx_flash.o
LOAD output/bulid/platform/driver/src/stm32f4xx_flash_ramfunc.o
LOAD output/bulid/platform/driver/src/stm32f4xx_fmpi2c.o
LOAD output/bulid/platform/driver/src/stm32f4xx_fsmc.o
LOAD output/bulid/platform/driver/src/stm32f4xx_gpio.o
LOAD output/bulid/platform/driver/src/stm32f4xx_hash.o
LOAD output/bulid/platform/driver/src/stm32f4xx_hash_md5.o
LOAD output/bulid/platform/driver/src/stm32f4xx_hash_sha1.o
LOAD output/bulid/platform/driver/src/stm32f4xx_i2c.o
LOAD output/bulid/platform/driver/src/stm32f4xx_iwdg.o
LOAD output/bulid/platform/driver/src/stm32f4xx_lptim.o
LOAD output/bulid/platform/driver/src/stm32f4xx_ltdc.o
LOAD output/bulid/platform/driver/src/stm32f4xx_pwr.o
LOAD output/bulid/platform/driver/src/stm32f4xx_qspi.o
LOAD output/bulid/platform/driver/src/stm32f4xx_rcc.o
LOAD output/bulid/platform/driver/src/stm32f4xx_rng.o
LOAD output/bulid/platform/driver/src/stm32f4xx_rtc.o
LOAD output/bulid/platform/driver/src/stm32f4xx_sai.o
LOAD output/bulid/platform/driver/src/stm32f4xx_sdio.o
LOAD output/bulid/platform/driver/src/stm32f4xx_spdifrx.o
LOAD output/bulid/platform/driver/src/stm32f4xx_spi.o
LOAD output/bulid/platform/driver/src/stm32f4xx_syscfg.o
LOAD output/bulid/platform/driver/src/stm32f4xx_tim.o
LOAD output/bulid/platform/driver/src/stm32f4xx_usart.o
LOAD output/bulid/platform/driver/src/stm32f4xx_wwdg.o
START GROUP
LOAD /home/yy/stm32f4_boot/tools/toolchain/gcc-arm-none-eabi-10.3-2021.10/bin/../lib/gcc/arm-none-eabi/10.3.1/thumb/v7e-m+fp/hard/libgcc.a
LOAD /home/yy/stm32f4_boot/tools/toolchain/gcc-arm-none-eabi-10.3-2021.10/bin/../lib/gcc/arm-none-eabi/10.3.1/../../../../arm-none-eabi/lib/thumb/v7e-m+fp/hard/libc_nano.a
END GROUP
START GROUP
LOAD /home/yy/stm32f4_boot/tools/toolchain/gcc-arm-none-eabi-10.3-2021.10/bin/../lib/gcc/arm-none-eabi/10.3.1/thumb/v7e-m+fp/hard/libgcc.a
LOAD /home/yy/stm32f4_boot/tools/toolchain/gcc-arm-none-eabi-10.3-2021.10/bin/../lib/gcc/arm-none-eabi/10.3.1/../../../../arm-none-eabi/lib/thumb/v7e-m+fp/hard/libc_nano.a
END GROUP
LOAD /home/yy/stm32f4_boot/tools/toolchain/gcc-arm-none-eabi-10.3-2021.10/bin/../lib/gcc/arm-none-eabi/10.3.1/thumb/v7e-m+fp/hard/crtend.o
LOAD /home/yy/stm32f4_boot/tools/toolchain/gcc-arm-none-eabi-10.3-2021.10/bin/../lib/gcc/arm-none-eabi/10.3.1/thumb/v7e-m+fp/hard/crtn.o
                0x0000000020020000                _estack = (ORIGIN (RAM) + LENGTH (RAM))
                0x0000000000000200                _Min_Heap_Size = 0x200
                0x0000000000000400                _Min_Stack_Size = 0x400

.isr_vector     0x0000000008000000      0x188
                0x0000000008000000                . = ALIGN (0x4)
 *(.isr_vector)
 .isr_vector    0x0000000008000000      0x188 output/bulid/platform/cmsis/device/startup_stm32f40_41xxx.o
                0x0000000008000000                g_pfnVectors
                0x0000000008000188                . = ALIGN (0x4)

.text           0x0000000008000188     0x4f7c
                0x0000000008000188                . = ALIGN (0x4)
 *(.text)
 .text          0x0000000008000188       0x40 /home/yy/stm32f4_boot/tools/toolchain/gcc-arm-none-eabi-10.3-2021.10/bin/../lib/gcc/arm-none-eabi/10.3.1/thumb/v7e-m+fp/hard/crtbegin.o
 *(.text*)
 .text.board_lowlevel_init
                0x00000000080001c8       0x1a output/bulid/boot/main.o
                0x00000000080001c8                board_lowlevel_init
 *fill*         0x00000000080001e2        0x2 
 .text.main     0x00000000080001e4       0x3c output/bulid/boot/main.o
                0x00000000080001e4                main
 .text.LCD_WR_REG
                0x0000000008000220       0x28 output/bulid/driver/LCD/lcd.o
                0x0000000008000220                LCD_WR_REG
 .text.LCD_WR_DATA
                0x0000000008000248       0x28 output/bulid/driver/LCD/lcd.o
                0x0000000008000248                LCD_WR_DATA
 .text.LCD_RD_DATA
                0x0000000008000270       0x20 output/bulid/driver/LCD/lcd.o
                0x0000000008000270                LCD_RD_DATA
 .text.LCD_WriteReg
                0x0000000008000290       0x30 output/bulid/driver/LCD/lcd.o
                0x0000000008000290                LCD_WriteReg
 .text.LCD_ReadReg
                0x00000000080002c0       0x28 output/bulid/driver/LCD/lcd.o
                0x00000000080002c0                LCD_ReadReg
 .text.LCD_WriteRAM_Prepare
                0x00000000080002e8       0x20 output/bulid/driver/LCD/lcd.o
                0x00000000080002e8                LCD_WriteRAM_Prepare
 .text.LCD_DisplayOn
                0x0000000008000308       0x58 output/bulid/driver/LCD/lcd.o
                0x0000000008000308                LCD_DisplayOn
 .text.LCD_SetCursor
                0x0000000008000360      0x184 output/bulid/driver/LCD/lcd.o
                0x0000000008000360                LCD_SetCursor
 .text.LCD_Scan_Dir
                0x00000000080004e4      0x3f4 output/bulid/driver/LCD/lcd.o
                0x00000000080004e4                LCD_Scan_Dir
 .text.LCD_Fast_DrawPoint
                0x00000000080008d8      0x198 output/bulid/driver/LCD/lcd.o
                0x00000000080008d8                LCD_Fast_DrawPoint
 .text.LCD_Display_Dir
                0x0000000008000a70      0x1b8 output/bulid/driver/LCD/lcd.o
                0x0000000008000a70                LCD_Display_Dir
 .text.LCD_Init
                0x0000000008000c28     0x3798 output/bulid/driver/LCD/lcd.o
                0x0000000008000c28                LCD_Init
 .text.LCD_Clear
                0x00000000080043c0       0x9c output/bulid/driver/LCD/lcd.o
                0x00000000080043c0                LCD_Clear
 .text.LCD_ShowChar
                0x000000000800445c      0x15c output/bulid/driver/LCD/lcd.o
                0x000000000800445c                LCD_ShowChar
 .text.LCD_ShowString
                0x00000000080045b8       0x9a output/bulid/driver/LCD/lcd.o
                0x00000000080045b8                LCD_ShowString
 *fill*         0x0000000008004652        0x2 
 .text.Delay_Us
                0x0000000008004654       0x3c output/bulid/driver/delay/delay.o
                0x0000000008004654                Delay_Us
 .text.Delay_Ms
                0x0000000008004690       0x2e output/bulid/driver/delay/delay.o
                0x0000000008004690                Delay_Ms
 *fill*         0x00000000080046be        0x2 
 .text.i2c_gpio_init
                0x00000000080046c0       0x44 output/bulid/driver/i2c/i2c.o
 .text.i2c_base_init
                0x0000000008004704       0x38 output/bulid/driver/i2c/i2c.o
 .text.i2c_init
                0x000000000800473c       0x10 output/bulid/driver/i2c/i2c.o
                0x000000000800473c                i2c_init
 .text.i2c_start
                0x000000000800474c       0x14 output/bulid/driver/i2c/i2c.o
                0x000000000800474c                i2c_start
 .text.Reset_Handler
                0x0000000008004760       0x44 output/bulid/platform/cmsis/device/startup_stm32f40_41xxx.o
                0x0000000008004760                Reset_Handler
 .text.Default_Handler
                0x00000000080047a4        0x2 output/bulid/platform/cmsis/device/startup_stm32f40_41xxx.o
                0x00000000080047a4                RTC_Alarm_IRQHandler
                0x00000000080047a4                HASH_RNG_IRQHandler
                0x00000000080047a4                EXTI2_IRQHandler
                0x00000000080047a4                TIM8_CC_IRQHandler
                0x00000000080047a4                DebugMon_Handler
                0x00000000080047a4                TIM1_CC_IRQHandler
                0x00000000080047a4                DMA2_Stream5_IRQHandler
                0x00000000080047a4                HardFault_Handler
                0x00000000080047a4                DMA1_Stream5_IRQHandler
                0x00000000080047a4                SysTick_Handler
                0x00000000080047a4                PVD_IRQHandler
                0x00000000080047a4                SDIO_IRQHandler
                0x00000000080047a4                TAMP_STAMP_IRQHandler
                0x00000000080047a4                PendSV_Handler
                0x00000000080047a4                NMI_Handler
                0x00000000080047a4                CAN2_RX1_IRQHandler
                0x00000000080047a4                EXTI3_IRQHandler
                0x00000000080047a4                TIM8_TRG_COM_TIM14_IRQHandler
                0x00000000080047a4                TIM1_UP_TIM10_IRQHandler
                0x00000000080047a4                TIM8_UP_TIM13_IRQHandler
                0x00000000080047a4                I2C3_ER_IRQHandler
                0x00000000080047a4                EXTI0_IRQHandler
                0x00000000080047a4                I2C2_EV_IRQHandler
                0x00000000080047a4                DMA1_Stream2_IRQHandler
                0x00000000080047a4                CAN1_RX0_IRQHandler
                0x00000000080047a4                FPU_IRQHandler
                0x00000000080047a4                OTG_HS_WKUP_IRQHandler
                0x00000000080047a4                UsageFault_Handler
                0x00000000080047a4                CAN2_SCE_IRQHandler
                0x00000000080047a4                DMA2_Stream2_IRQHandler
                0x00000000080047a4                SPI1_IRQHandler
                0x00000000080047a4                TIM6_DAC_IRQHandler
                0x00000000080047a4                TIM1_BRK_TIM9_IRQHandler
                0x00000000080047a4                DCMI_IRQHandler
                0x00000000080047a4                CAN2_RX0_IRQHandler
                0x00000000080047a4                DMA2_Stream3_IRQHandler
                0x00000000080047a4                USART6_IRQHandler
                0x00000000080047a4                USART3_IRQHandler
                0x00000000080047a4                CRYP_IRQHandler
                0x00000000080047a4                CAN1_RX1_IRQHandler
                0x00000000080047a4                UART5_IRQHandler
                0x00000000080047a4                DMA2_Stream0_IRQHandler
                0x00000000080047a4                TIM4_IRQHandler
                0x00000000080047a4                I2C1_EV_IRQHandler
                0x00000000080047a4                DMA1_Stream6_IRQHandler
                0x00000000080047a4                DMA1_Stream1_IRQHandler
                0x00000000080047a4                UART4_IRQHandler
                0x00000000080047a4                TIM3_IRQHandler
                0x00000000080047a4                RCC_IRQHandler
                0x00000000080047a4                TIM8_BRK_TIM12_IRQHandler
                0x00000000080047a4                Default_Handler
                0x00000000080047a4                EXTI15_10_IRQHandler
                0x00000000080047a4                ADC_IRQHandler
                0x00000000080047a4                DMA1_Stream7_IRQHandler
                0x00000000080047a4                TIM7_IRQHandler
                0x00000000080047a4                CAN2_TX_IRQHandler
                0x00000000080047a4                TIM5_IRQHandler
                0x00000000080047a4                DMA2_Stream7_IRQHandler
                0x00000000080047a4                I2C3_EV_IRQHandler
                0x00000000080047a4                EXTI9_5_IRQHandler
                0x00000000080047a4                RTC_WKUP_IRQHandler
                0x00000000080047a4                ETH_WKUP_IRQHandler
                0x00000000080047a4                SPI2_IRQHandler
                0x00000000080047a4                OTG_HS_EP1_IN_IRQHandler
                0x00000000080047a4                MemManage_Handler
                0x00000000080047a4                DMA1_Stream0_IRQHandler
                0x00000000080047a4                CAN1_TX_IRQHandler
                0x00000000080047a4                SVC_Handler
                0x00000000080047a4                EXTI4_IRQHandler
                0x00000000080047a4                FSMC_IRQHandler
                0x00000000080047a4                ETH_IRQHandler
                0x00000000080047a4                OTG_HS_EP1_OUT_IRQHandler
                0x00000000080047a4                WWDG_IRQHandler
                0x00000000080047a4                TIM2_IRQHandler
                0x00000000080047a4                OTG_FS_WKUP_IRQHandler
                0x00000000080047a4                TIM1_TRG_COM_TIM11_IRQHandler
                0x00000000080047a4                OTG_HS_IRQHandler
                0x00000000080047a4                EXTI1_IRQHandler
                0x00000000080047a4                USART2_IRQHandler
                0x00000000080047a4                I2C2_ER_IRQHandler
                0x00000000080047a4                DMA2_Stream1_IRQHandler
                0x00000000080047a4                CAN1_SCE_IRQHandler
                0x00000000080047a4                FLASH_IRQHandler
                0x00000000080047a4                DMA2_Stream4_IRQHandler
                0x00000000080047a4                BusFault_Handler
                0x00000000080047a4                USART1_IRQHandler
                0x00000000080047a4                OTG_FS_IRQHandler
                0x00000000080047a4                SPI3_IRQHandler
                0x00000000080047a4                DMA1_Stream4_IRQHandler
                0x00000000080047a4                I2C1_ER_IRQHandler
                0x00000000080047a4                DMA2_Stream6_IRQHandler
                0x00000000080047a4                DMA1_Stream3_IRQHandler
 *fill*         0x00000000080047a6        0x2 
 .text.SystemInit
                0x00000000080047a8       0x6c output/bulid/platform/cmsis/device/system_stm32f4xx.o
                0x00000000080047a8                SystemInit
 .text.SetSysClock
                0x0000000008004814       0xf8 output/bulid/platform/cmsis/device/system_stm32f4xx.o
 .text.FSMC_NORSRAMInit
                0x000000000800490c      0x19c output/bulid/platform/driver/src/stm32f4xx_fsmc.o
                0x000000000800490c                FSMC_NORSRAMInit
 .text.FSMC_NORSRAMCmd
                0x0000000008004aa8       0x54 output/bulid/platform/driver/src/stm32f4xx_fsmc.o
                0x0000000008004aa8                FSMC_NORSRAMCmd
 .text.GPIO_Init
                0x0000000008004afc      0x11e output/bulid/platform/driver/src/stm32f4xx_gpio.o
                0x0000000008004afc                GPIO_Init
 .text.GPIO_SetBits
                0x0000000008004c1a       0x1e output/bulid/platform/driver/src/stm32f4xx_gpio.o
                0x0000000008004c1a                GPIO_SetBits
 .text.GPIO_PinAFConfig
                0x0000000008004c38       0x92 output/bulid/platform/driver/src/stm32f4xx_gpio.o
                0x0000000008004c38                GPIO_PinAFConfig
 *fill*         0x0000000008004cca        0x2 
 .text.I2C_Init
                0x0000000008004ccc      0x184 output/bulid/platform/driver/src/stm32f4xx_i2c.o
                0x0000000008004ccc                I2C_Init
 .text.I2C_GenerateSTART
                0x0000000008004e50       0x40 output/bulid/platform/driver/src/stm32f4xx_i2c.o
                0x0000000008004e50                I2C_GenerateSTART
 .text.RCC_GetClocksFreq
                0x0000000008004e90      0x15c output/bulid/platform/driver/src/stm32f4xx_rcc.o
                0x0000000008004e90                RCC_GetClocksFreq
 .text.RCC_AHB1PeriphClockCmd
                0x0000000008004fec       0x40 output/bulid/platform/driver/src/stm32f4xx_rcc.o
                0x0000000008004fec                RCC_AHB1PeriphClockCmd
 .text.RCC_AHB3PeriphClockCmd
                0x000000000800502c       0x40 output/bulid/platform/driver/src/stm32f4xx_rcc.o
                0x000000000800502c                RCC_AHB3PeriphClockCmd
 .text.RCC_APB1PeriphClockCmd
                0x000000000800506c       0x40 output/bulid/platform/driver/src/stm32f4xx_rcc.o
                0x000000000800506c                RCC_APB1PeriphClockCmd
 .text.TIM_Cmd  0x00000000080050ac       0x40 output/bulid/platform/driver/src/stm32f4xx_tim.o
                0x00000000080050ac                TIM_Cmd
 *(.glue_7)
 .glue_7        0x00000000080050ec        0x0 linker stubs
 *(.glue_7t)
 .glue_7t       0x00000000080050ec        0x0 linker stubs
 *(.eh_frame)
 .eh_frame      0x00000000080050ec        0x0 /home/yy/stm32f4_boot/tools/toolchain/gcc-arm-none-eabi-10.3-2021.10/bin/../lib/gcc/arm-none-eabi/10.3.1/thumb/v7e-m+fp/hard/crtbegin.o
 *(.init)
 .init          0x00000000080050ec        0x4 /home/yy/stm32f4_boot/tools/toolchain/gcc-arm-none-eabi-10.3-2021.10/bin/../lib/gcc/arm-none-eabi/10.3.1/thumb/v7e-m+fp/hard/crti.o
                0x00000000080050ec                _init
 .init          0x00000000080050f0        0x8 /home/yy/stm32f4_boot/tools/toolchain/gcc-arm-none-eabi-10.3-2021.10/bin/../lib/gcc/arm-none-eabi/10.3.1/thumb/v7e-m+fp/hard/crtn.o
 *(.fini)
 .fini          0x00000000080050f8        0x4 /home/yy/stm32f4_boot/tools/toolchain/gcc-arm-none-eabi-10.3-2021.10/bin/../lib/gcc/arm-none-eabi/10.3.1/thumb/v7e-m+fp/hard/crti.o
                0x00000000080050f8                _fini
 .fini          0x00000000080050fc        0x8 /home/yy/stm32f4_boot/tools/toolchain/gcc-arm-none-eabi-10.3-2021.10/bin/../lib/gcc/arm-none-eabi/10.3.1/thumb/v7e-m+fp/hard/crtn.o
                0x0000000008005104                . = ALIGN (0x4)
                0x0000000008005104                _etext = .

.vfp11_veneer   0x0000000008005104        0x0
 .vfp11_veneer  0x0000000008005104        0x0 linker stubs

.v4_bx          0x0000000008005104        0x0
 .v4_bx         0x0000000008005104        0x0 linker stubs

.iplt           0x0000000008005104        0x0
 .iplt          0x0000000008005104        0x0 /home/yy/stm32f4_boot/tools/toolchain/gcc-arm-none-eabi-10.3-2021.10/bin/../lib/gcc/arm-none-eabi/10.3.1/thumb/v7e-m+fp/hard/crtbegin.o

.rodata         0x0000000008005104     0x17d0
                0x0000000008005104                . = ALIGN (0x4)
 *(.rodata)
 .rodata        0x0000000008005104        0xe output/bulid/boot/main.o
 *(.rodata*)
 *fill*         0x0000000008005112        0x2 
 .rodata.asc2_1206
                0x0000000008005114      0x474 output/bulid/driver/LCD/lcd.o
                0x0000000008005114                asc2_1206
 .rodata.asc2_1608
                0x0000000008005588      0x5f0 output/bulid/driver/LCD/lcd.o
                0x0000000008005588                asc2_1608
 .rodata.asc2_2412
                0x0000000008005b78      0xd5c output/bulid/driver/LCD/lcd.o
                0x0000000008005b78                asc2_2412
                0x00000000080068d4                . = ALIGN (0x4)

.rel.dyn        0x00000000080068d4        0x0
 .rel.iplt      0x00000000080068d4        0x0 /home/yy/stm32f4_boot/tools/toolchain/gcc-arm-none-eabi-10.3-2021.10/bin/../lib/gcc/arm-none-eabi/10.3.1/thumb/v7e-m+fp/hard/crtbegin.o

.ARM.extab
 *(.ARM.extab* .gnu.linkonce.armextab.*)

.ARM            0x00000000080068d4        0x0
                0x00000000080068d4                __exidx_start = .
 *(.ARM.exidx*)
                0x00000000080068d4                __exidx_end = .

.preinit_array  0x00000000080068d4        0x0
                0x00000000080068d4                PROVIDE (__preinit_array_start = .)
 *(.preinit_array*)
                0x00000000080068d4                PROVIDE (__preinit_array_end = .)

.init_array     0x00000000080068d4        0x4
                0x00000000080068d4                PROVIDE (__init_array_start = .)
 *(SORT_BY_NAME(.init_array.*))
 *(.init_array*)
 .init_array    0x00000000080068d4        0x4 /home/yy/stm32f4_boot/tools/toolchain/gcc-arm-none-eabi-10.3-2021.10/bin/../lib/gcc/arm-none-eabi/10.3.1/thumb/v7e-m+fp/hard/crtbegin.o
                0x00000000080068d8                PROVIDE (__init_array_end = .)

.fini_array     0x00000000080068d8        0x4
                [!provide]                        PROVIDE (__fini_array_start = .)
 *(SORT_BY_NAME(.fini_array.*))
 *(.fini_array*)
 .fini_array    0x00000000080068d8        0x4 /home/yy/stm32f4_boot/tools/toolchain/gcc-arm-none-eabi-10.3-2021.10/bin/../lib/gcc/arm-none-eabi/10.3.1/thumb/v7e-m+fp/hard/crtbegin.o
                [!provide]                        PROVIDE (__fini_array_end = .)
                0x00000000080068dc                _sidata = LOADADDR (.data)

.data           0x0000000020000000       0x14 load address 0x00000000080068dc
                0x0000000020000000                . = ALIGN (0x4)
                0x0000000020000000                _sdata = .
 *(.data)
 *(.data*)
 .data.BACK_COLOR
                0x0000000020000000        0x2 output/bulid/driver/LCD/lcd.o
                0x0000000020000000                BACK_COLOR
 *fill*         0x0000000020000002        0x2 
 .data.APBAHBPrescTable
                0x0000000020000004       0x10 output/bulid/platform/driver/src/stm32f4xx_rcc.o
                0x0000000020000014                . = ALIGN (0x4)
                0x0000000020000014                _edata = .
                0x00000000080068f0                _siccmram = LOADADDR (.ccmram)

.igot.plt       0x0000000020000014        0x0 load address 0x00000000080068f0
 .igot.plt      0x0000000020000014        0x0 /home/yy/stm32f4_boot/tools/toolchain/gcc-arm-none-eabi-10.3-2021.10/bin/../lib/gcc/arm-none-eabi/10.3.1/thumb/v7e-m+fp/hard/crtbegin.o

.ccmram         0x0000000010000000        0x0 load address 0x00000000080068f0
                0x0000000010000000                . = ALIGN (0x4)
                0x0000000010000000                _sccmram = .
 *(.ccmram)
 *(.ccmram*)
                0x0000000010000000                . = ALIGN (0x4)
                0x0000000010000000                _eccmram = .
                0x0000000010000000                . = ALIGN (0x4)

.bss            0x0000000020000014       0x30
                0x0000000020000014                _sbss = .
                0x0000000020000014                __bss_start__ = _sbss
 *(.bss)
 .bss           0x0000000020000014       0x1c /home/yy/stm32f4_boot/tools/toolchain/gcc-arm-none-eabi-10.3-2021.10/bin/../lib/gcc/arm-none-eabi/10.3.1/thumb/v7e-m+fp/hard/crtbegin.o
 *(.bss*)
 .bss.POINT_COLOR
                0x0000000020000030        0x2 output/bulid/driver/LCD/lcd.o
                0x0000000020000030                POINT_COLOR
 *fill*         0x0000000020000032        0x2 
 .bss.lcddev    0x0000000020000034        0xe output/bulid/driver/LCD/lcd.o
                0x0000000020000034                lcddev
 *(COMMON)
                0x0000000020000044                . = ALIGN (0x4)
 *fill*         0x0000000020000042        0x2 
                0x0000000020000044                _ebss = .
                0x0000000020000044                __bss_end__ = _ebss

._user_heap_stack
                0x0000000020000044      0x604
                0x0000000020000048                . = ALIGN (0x8)
 *fill*         0x0000000020000044        0x4 
                [!provide]                        PROVIDE (end = .)
                [!provide]                        PROVIDE (_end = .)
                0x0000000020000248                . = (. + _Min_Heap_Size)
 *fill*         0x0000000020000048      0x200 
                0x0000000020000648                . = (. + _Min_Stack_Size)
 *fill*         0x0000000020000248      0x400 
                0x0000000020000648                . = ALIGN (0x8)

/DISCARD/
 libc.a(*)
 libm.a(*)
 libgcc.a(*)

.ARM.attributes
                0x0000000000000000       0x30
 *(.ARM.attributes)
 .ARM.attributes
                0x0000000000000000       0x1e /home/yy/stm32f4_boot/tools/toolchain/gcc-arm-none-eabi-10.3-2021.10/bin/../lib/gcc/arm-none-eabi/10.3.1/thumb/v7e-m+fp/hard/crti.o
 .ARM.attributes
                0x000000000000001e       0x34 /home/yy/stm32f4_boot/tools/toolchain/gcc-arm-none-eabi-10.3-2021.10/bin/../lib/gcc/arm-none-eabi/10.3.1/thumb/v7e-m+fp/hard/crtbegin.o
 .ARM.attributes
                0x0000000000000052       0x34 output/bulid/boot/main.o
 .ARM.attributes
                0x0000000000000086       0x34 output/bulid/driver/LCD/lcd.o
 .ARM.attributes
                0x00000000000000ba       0x34 output/bulid/driver/delay/delay.o
 .ARM.attributes
                0x00000000000000ee       0x34 output/bulid/driver/i2c/i2c.o
 .ARM.attributes
                0x0000000000000122       0x21 output/bulid/platform/cmsis/device/startup_stm32f40_41xxx.o
 .ARM.attributes
                0x0000000000000143       0x34 output/bulid/platform/cmsis/device/system_stm32f4xx.o
 .ARM.attributes
                0x0000000000000177       0x34 output/bulid/platform/driver/src/stm32f4xx_fsmc.o
 .ARM.attributes
                0x00000000000001ab       0x34 output/bulid/platform/driver/src/stm32f4xx_gpio.o
 .ARM.attributes
                0x00000000000001df       0x34 output/bulid/platform/driver/src/stm32f4xx_i2c.o
 .ARM.attributes
                0x0000000000000213       0x34 output/bulid/platform/driver/src/stm32f4xx_rcc.o
 .ARM.attributes
                0x0000000000000247       0x34 output/bulid/platform/driver/src/stm32f4xx_tim.o
 .ARM.attributes
                0x000000000000027b       0x1e /home/yy/stm32f4_boot/tools/toolchain/gcc-arm-none-eabi-10.3-2021.10/bin/../lib/gcc/arm-none-eabi/10.3.1/thumb/v7e-m+fp/hard/crtn.o
OUTPUT(output/bulid/app.elf elf32-littlearm)
LOAD linker stubs
LOAD /home/yy/stm32f4_boot/tools/toolchain/gcc-arm-none-eabi-10.3-2021.10/bin/../lib/gcc/arm-none-eabi/10.3.1/../../../../arm-none-eabi/lib/thumb/v7e-m+fp/hard/libc.a
LOAD /home/yy/stm32f4_boot/tools/toolchain/gcc-arm-none-eabi-10.3-2021.10/bin/../lib/gcc/arm-none-eabi/10.3.1/../../../../arm-none-eabi/lib/thumb/v7e-m+fp/hard/libm.a
LOAD /home/yy/stm32f4_boot/tools/toolchain/gcc-arm-none-eabi-10.3-2021.10/bin/../lib/gcc/arm-none-eabi/10.3.1/thumb/v7e-m+fp/hard/libgcc.a

.debug_info     0x0000000000000000     0x6a33
 .debug_info    0x0000000000000000       0xee output/bulid/boot/main.o
 .debug_info    0x00000000000000ee     0x1049 output/bulid/driver/LCD/lcd.o
 .debug_info    0x0000000000001137      0x3f6 output/bulid/driver/delay/delay.o
 .debug_info    0x000000000000152d      0x581 output/bulid/driver/i2c/i2c.o
 .debug_info    0x0000000000001aae       0x22 output/bulid/platform/cmsis/device/startup_stm32f40_41xxx.o
 .debug_info    0x0000000000001ad0      0x63e output/bulid/platform/cmsis/device/system_stm32f4xx.o
 .debug_info    0x000000000000210e      0x9e8 output/bulid/platform/driver/src/stm32f4xx_fsmc.o
 .debug_info    0x0000000000002af6      0x636 output/bulid/platform/driver/src/stm32f4xx_gpio.o
 .debug_info    0x000000000000312c      0xc15 output/bulid/platform/driver/src/stm32f4xx_i2c.o
 .debug_info    0x0000000000003d41      0xf02 output/bulid/platform/driver/src/stm32f4xx_rcc.o
 .debug_info    0x0000000000004c43     0x1df0 output/bulid/platform/driver/src/stm32f4xx_tim.o

.debug_abbrev   0x0000000000000000     0x1046
 .debug_abbrev  0x0000000000000000       0x8b output/bulid/boot/main.o
 .debug_abbrev  0x000000000000008b      0x2d1 output/bulid/driver/LCD/lcd.o
 .debug_abbrev  0x000000000000035c      0x14a output/bulid/driver/delay/delay.o
 .debug_abbrev  0x00000000000004a6      0x19f output/bulid/driver/i2c/i2c.o
 .debug_abbrev  0x0000000000000645       0x12 output/bulid/platform/cmsis/device/startup_stm32f40_41xxx.o
 .debug_abbrev  0x0000000000000657      0x165 output/bulid/platform/cmsis/device/system_stm32f4xx.o
 .debug_abbrev  0x00000000000007bc      0x1c8 output/bulid/platform/driver/src/stm32f4xx_fsmc.o
 .debug_abbrev  0x0000000000000984      0x1c0 output/bulid/platform/driver/src/stm32f4xx_gpio.o
 .debug_abbrev  0x0000000000000b44      0x193 output/bulid/platform/driver/src/stm32f4xx_i2c.o
 .debug_abbrev  0x0000000000000cd7      0x1d3 output/bulid/platform/driver/src/stm32f4xx_rcc.o
 .debug_abbrev  0x0000000000000eaa      0x19c output/bulid/platform/driver/src/stm32f4xx_tim.o

.debug_aranges  0x0000000000000000      0x930
 .debug_aranges
                0x0000000000000000       0x28 output/bulid/boot/main.o
 .debug_aranges
                0x0000000000000028      0x108 output/bulid/driver/LCD/lcd.o
 .debug_aranges
                0x0000000000000130       0x38 output/bulid/driver/delay/delay.o
 .debug_aranges
                0x0000000000000168       0x50 output/bulid/driver/i2c/i2c.o
 .debug_aranges
                0x00000000000001b8       0x28 output/bulid/platform/cmsis/device/startup_stm32f40_41xxx.o
 .debug_aranges
                0x00000000000001e0       0x30 output/bulid/platform/cmsis/device/system_stm32f4xx.o
 .debug_aranges
                0x0000000000000210       0xb0 output/bulid/platform/driver/src/stm32f4xx_fsmc.o
 .debug_aranges
                0x00000000000002c0       0x88 output/bulid/platform/driver/src/stm32f4xx_gpio.o
 .debug_aranges
                0x0000000000000348      0x130 output/bulid/platform/driver/src/stm32f4xx_i2c.o
 .debug_aranges
                0x0000000000000478      0x1c0 output/bulid/platform/driver/src/stm32f4xx_rcc.o
 .debug_aranges
                0x0000000000000638      0x2f8 output/bulid/platform/driver/src/stm32f4xx_tim.o

.debug_ranges   0x0000000000000000      0x888
 .debug_ranges  0x0000000000000000       0x18 output/bulid/boot/main.o
 .debug_ranges  0x0000000000000018       0xf8 output/bulid/driver/LCD/lcd.o
 .debug_ranges  0x0000000000000110       0x28 output/bulid/driver/delay/delay.o
 .debug_ranges  0x0000000000000138       0x40 output/bulid/driver/i2c/i2c.o
 .debug_ranges  0x0000000000000178       0x20 output/bulid/platform/cmsis/device/startup_stm32f40_41xxx.o
 .debug_ranges  0x0000000000000198       0x20 output/bulid/platform/cmsis/device/system_stm32f4xx.o
 .debug_ranges  0x00000000000001b8       0xa0 output/bulid/platform/driver/src/stm32f4xx_fsmc.o
 .debug_ranges  0x0000000000000258       0x78 output/bulid/platform/driver/src/stm32f4xx_gpio.o
 .debug_ranges  0x00000000000002d0      0x120 output/bulid/platform/driver/src/stm32f4xx_i2c.o
 .debug_ranges  0x00000000000003f0      0x1b0 output/bulid/platform/driver/src/stm32f4xx_rcc.o
 .debug_ranges  0x00000000000005a0      0x2e8 output/bulid/platform/driver/src/stm32f4xx_tim.o

.debug_line     0x0000000000000000     0x5042
 .debug_line    0x0000000000000000      0x180 output/bulid/boot/main.o
 .debug_line    0x0000000000000180     0x1674 output/bulid/driver/LCD/lcd.o
 .debug_line    0x00000000000017f4      0x212 output/bulid/driver/delay/delay.o
 .debug_line    0x0000000000001a06      0x30f output/bulid/driver/i2c/i2c.o
 .debug_line    0x0000000000001d15       0x89 output/bulid/platform/cmsis/device/startup_stm32f40_41xxx.o
 .debug_line    0x0000000000001d9e      0x2fd output/bulid/platform/cmsis/device/system_stm32f4xx.o
 .debug_line    0x000000000000209b      0x8e9 output/bulid/platform/driver/src/stm32f4xx_fsmc.o
 .debug_line    0x0000000000002984      0x49c output/bulid/platform/driver/src/stm32f4xx_gpio.o
 .debug_line    0x0000000000002e20      0x743 output/bulid/platform/driver/src/stm32f4xx_i2c.o
 .debug_line    0x0000000000003563      0xa42 output/bulid/platform/driver/src/stm32f4xx_rcc.o
 .debug_line    0x0000000000003fa5     0x109d output/bulid/platform/driver/src/stm32f4xx_tim.o

.debug_str      0x0000000000000000     0x273c
 .debug_str     0x0000000000000000      0x183 output/bulid/boot/main.o
                                        0x1cd (size before relaxing)
 .debug_str     0x0000000000000183      0x6e3 output/bulid/driver/LCD/lcd.o
                                        0x899 (size before relaxing)
 .debug_str     0x0000000000000866      0x195 output/bulid/driver/delay/delay.o
                                        0x34a (size before relaxing)
 .debug_str     0x00000000000009fb      0x115 output/bulid/driver/i2c/i2c.o
                                        0x4a4 (size before relaxing)
 .debug_str     0x0000000000000b10       0x3d output/bulid/platform/cmsis/device/startup_stm32f40_41xxx.o
                                         0x53 (size before relaxing)
 .debug_str     0x0000000000000b4d      0x1f3 output/bulid/platform/cmsis/device/system_stm32f4xx.o
                                        0x3f3 (size before relaxing)
 .debug_str     0x0000000000000d40      0x42d output/bulid/platform/driver/src/stm32f4xx_fsmc.o
                                        0x7ef (size before relaxing)
 .debug_str     0x000000000000116d      0x179 output/bulid/platform/driver/src/stm32f4xx_gpio.o
                                        0x4ae (size before relaxing)
 .debug_str     0x00000000000012e6      0x3d9 output/bulid/platform/driver/src/stm32f4xx_i2c.o
                                        0x6c7 (size before relaxing)
 .debug_str     0x00000000000016bf      0x625 output/bulid/platform/driver/src/stm32f4xx_rcc.o
                                        0x9d7 (size before relaxing)
 .debug_str     0x0000000000001ce4      0xa58 output/bulid/platform/driver/src/stm32f4xx_tim.o
                                        0xde5 (size before relaxing)

.comment        0x0000000000000000       0x49
 .comment       0x0000000000000000       0x49 output/bulid/boot/main.o
                                         0x4a (size before relaxing)
 .comment       0x0000000000000049       0x4a output/bulid/driver/LCD/lcd.o
 .comment       0x0000000000000049       0x4a output/bulid/driver/delay/delay.o
 .comment       0x0000000000000049       0x4a output/bulid/driver/i2c/i2c.o
 .comment       0x0000000000000049       0x4a output/bulid/platform/cmsis/device/system_stm32f4xx.o
 .comment       0x0000000000000049       0x4a output/bulid/platform/driver/src/stm32f4xx_fsmc.o
 .comment       0x0000000000000049       0x4a output/bulid/platform/driver/src/stm32f4xx_gpio.o
 .comment       0x0000000000000049       0x4a output/bulid/platform/driver/src/stm32f4xx_i2c.o
 .comment       0x0000000000000049       0x4a output/bulid/platform/driver/src/stm32f4xx_rcc.o
 .comment       0x0000000000000049       0x4a output/bulid/platform/driver/src/stm32f4xx_tim.o

.debug_frame    0x0000000000000000     0x2824
 .debug_frame   0x0000000000000000       0x4c output/bulid/boot/main.o
 .debug_frame   0x000000000000004c      0x480 output/bulid/driver/LCD/lcd.o
 .debug_frame   0x00000000000004cc       0x98 output/bulid/driver/delay/delay.o
 .debug_frame   0x0000000000000564       0xf8 output/bulid/driver/i2c/i2c.o
 .debug_frame   0x000000000000065c       0x7c output/bulid/platform/cmsis/device/system_stm32f4xx.o
 .debug_frame   0x00000000000006d8      0x300 output/bulid/platform/driver/src/stm32f4xx_fsmc.o
 .debug_frame   0x00000000000009d8      0x23c output/bulid/platform/driver/src/stm32f4xx_gpio.o
 .debug_frame   0x0000000000000c14      0x580 output/bulid/platform/driver/src/stm32f4xx_i2c.o
 .debug_frame   0x0000000000001194      0x83c output/bulid/platform/driver/src/stm32f4xx_rcc.o
 .debug_frame   0x00000000000019d0      0xe54 output/bulid/platform/driver/src/stm32f4xx_tim.o

Cross Reference Table

Symbol                                            File
ADC_AnalogWatchdogCmd                             output/bulid/platform/driver/src/stm32f4xx_adc.o
ADC_AnalogWatchdogSingleChannelConfig             output/bulid/platform/driver/src/stm32f4xx_adc.o
ADC_AnalogWatchdogThresholdsConfig                output/bulid/platform/driver/src/stm32f4xx_adc.o
ADC_AutoInjectedConvCmd                           output/bulid/platform/driver/src/stm32f4xx_adc.o
ADC_ClearFlag                                     output/bulid/platform/driver/src/stm32f4xx_adc.o
ADC_ClearITPendingBit                             output/bulid/platform/driver/src/stm32f4xx_adc.o
ADC_Cmd                                           output/bulid/platform/driver/src/stm32f4xx_adc.o
ADC_CommonInit                                    output/bulid/platform/driver/src/stm32f4xx_adc.o
ADC_CommonStructInit                              output/bulid/platform/driver/src/stm32f4xx_adc.o
ADC_ContinuousModeCmd                             output/bulid/platform/driver/src/stm32f4xx_adc.o
ADC_DMACmd                                        output/bulid/platform/driver/src/stm32f4xx_adc.o
ADC_DMARequestAfterLastTransferCmd                output/bulid/platform/driver/src/stm32f4xx_adc.o
ADC_DeInit                                        output/bulid/platform/driver/src/stm32f4xx_adc.o
ADC_DiscModeChannelCountConfig                    output/bulid/platform/driver/src/stm32f4xx_adc.o
ADC_DiscModeCmd                                   output/bulid/platform/driver/src/stm32f4xx_adc.o
ADC_EOCOnEachRegularChannelCmd                    output/bulid/platform/driver/src/stm32f4xx_adc.o
ADC_ExternalTrigInjectedConvConfig                output/bulid/platform/driver/src/stm32f4xx_adc.o
ADC_ExternalTrigInjectedConvEdgeConfig            output/bulid/platform/driver/src/stm32f4xx_adc.o
ADC_GetConversionValue                            output/bulid/platform/driver/src/stm32f4xx_adc.o
ADC_GetFlagStatus                                 output/bulid/platform/driver/src/stm32f4xx_adc.o
ADC_GetITStatus                                   output/bulid/platform/driver/src/stm32f4xx_adc.o
ADC_GetInjectedConversionValue                    output/bulid/platform/driver/src/stm32f4xx_adc.o
ADC_GetMultiModeConversionValue                   output/bulid/platform/driver/src/stm32f4xx_adc.o
ADC_GetSoftwareStartConvStatus                    output/bulid/platform/driver/src/stm32f4xx_adc.o
ADC_GetSoftwareStartInjectedConvCmdStatus         output/bulid/platform/driver/src/stm32f4xx_adc.o
ADC_IRQHandler                                    output/bulid/platform/cmsis/device/startup_stm32f40_41xxx.o
ADC_ITConfig                                      output/bulid/platform/driver/src/stm32f4xx_adc.o
ADC_Init                                          output/bulid/platform/driver/src/stm32f4xx_adc.o
ADC_InjectedChannelConfig                         output/bulid/platform/driver/src/stm32f4xx_adc.o
ADC_InjectedDiscModeCmd                           output/bulid/platform/driver/src/stm32f4xx_adc.o
ADC_InjectedSequencerLengthConfig                 output/bulid/platform/driver/src/stm32f4xx_adc.o
ADC_MultiModeDMARequestAfterLastTransferCmd       output/bulid/platform/driver/src/stm32f4xx_adc.o
ADC_RegularChannelConfig                          output/bulid/platform/driver/src/stm32f4xx_adc.o
ADC_SetInjectedOffset                             output/bulid/platform/driver/src/stm32f4xx_adc.o
ADC_SoftwareStartConv                             output/bulid/platform/driver/src/stm32f4xx_adc.o
ADC_SoftwareStartInjectedConv                     output/bulid/platform/driver/src/stm32f4xx_adc.o
ADC_StructInit                                    output/bulid/platform/driver/src/stm32f4xx_adc.o
ADC_TempSensorVrefintCmd                          output/bulid/platform/driver/src/stm32f4xx_adc.o
ADC_VBATCmd                                       output/bulid/platform/driver/src/stm32f4xx_adc.o
AHBPrescTable                                     output/bulid/platform/cmsis/device/system_stm32f4xx.o
BACK_COLOR                                        output/bulid/driver/LCD/lcd.o
BusFault_Handler                                  output/bulid/platform/cmsis/device/startup_stm32f40_41xxx.o
CAN1_RX0_IRQHandler                               output/bulid/platform/cmsis/device/startup_stm32f40_41xxx.o
CAN1_RX1_IRQHandler                               output/bulid/platform/cmsis/device/startup_stm32f40_41xxx.o
CAN1_SCE_IRQHandler                               output/bulid/platform/cmsis/device/startup_stm32f40_41xxx.o
CAN1_TX_IRQHandler                                output/bulid/platform/cmsis/device/startup_stm32f40_41xxx.o
CAN2_RX0_IRQHandler                               output/bulid/platform/cmsis/device/startup_stm32f40_41xxx.o
CAN2_RX1_IRQHandler                               output/bulid/platform/cmsis/device/startup_stm32f40_41xxx.o
CAN2_SCE_IRQHandler                               output/bulid/platform/cmsis/device/startup_stm32f40_41xxx.o
CAN2_TX_IRQHandler                                output/bulid/platform/cmsis/device/startup_stm32f40_41xxx.o
CAN_CancelTransmit                                output/bulid/platform/driver/src/stm32f4xx_can.o
CAN_ClearFlag                                     output/bulid/platform/driver/src/stm32f4xx_can.o
CAN_ClearITPendingBit                             output/bulid/platform/driver/src/stm32f4xx_can.o
CAN_DBGFreeze                                     output/bulid/platform/driver/src/stm32f4xx_can.o
CAN_DeInit                                        output/bulid/platform/driver/src/stm32f4xx_can.o
CAN_FIFORelease                                   output/bulid/platform/driver/src/stm32f4xx_can.o
CAN_FilterInit                                    output/bulid/platform/driver/src/stm32f4xx_can.o
CAN_GetFlagStatus                                 output/bulid/platform/driver/src/stm32f4xx_can.o
CAN_GetITStatus                                   output/bulid/platform/driver/src/stm32f4xx_can.o
CAN_GetLSBTransmitErrorCounter                    output/bulid/platform/driver/src/stm32f4xx_can.o
CAN_GetLastErrorCode                              output/bulid/platform/driver/src/stm32f4xx_can.o
CAN_GetReceiveErrorCounter                        output/bulid/platform/driver/src/stm32f4xx_can.o
CAN_ITConfig                                      output/bulid/platform/driver/src/stm32f4xx_can.o
CAN_Init                                          output/bulid/platform/driver/src/stm32f4xx_can.o
CAN_MessagePending                                output/bulid/platform/driver/src/stm32f4xx_can.o
CAN_OperatingModeRequest                          output/bulid/platform/driver/src/stm32f4xx_can.o
CAN_Receive                                       output/bulid/platform/driver/src/stm32f4xx_can.o
CAN_SlaveStartBank                                output/bulid/platform/driver/src/stm32f4xx_can.o
CAN_Sleep                                         output/bulid/platform/driver/src/stm32f4xx_can.o
CAN_StructInit                                    output/bulid/platform/driver/src/stm32f4xx_can.o
CAN_TTComModeCmd                                  output/bulid/platform/driver/src/stm32f4xx_can.o
CAN_Transmit                                      output/bulid/platform/driver/src/stm32f4xx_can.o
CAN_TransmitStatus                                output/bulid/platform/driver/src/stm32f4xx_can.o
CAN_WakeUp                                        output/bulid/platform/driver/src/stm32f4xx_can.o
CRC_CalcBlockCRC                                  output/bulid/platform/driver/src/stm32f4xx_crc.o
CRC_CalcCRC                                       output/bulid/platform/driver/src/stm32f4xx_crc.o
CRC_GetCRC                                        output/bulid/platform/driver/src/stm32f4xx_crc.o
CRC_GetIDRegister                                 output/bulid/platform/driver/src/stm32f4xx_crc.o
CRC_ResetDR                                       output/bulid/platform/driver/src/stm32f4xx_crc.o
CRC_SetIDRegister                                 output/bulid/platform/driver/src/stm32f4xx_crc.o
CRYP_AES_CBC                                      output/bulid/platform/driver/src/stm32f4xx_cryp_aes.o
CRYP_AES_CCM                                      output/bulid/platform/driver/src/stm32f4xx_cryp_aes.o
CRYP_AES_CTR                                      output/bulid/platform/driver/src/stm32f4xx_cryp_aes.o
CRYP_AES_ECB                                      output/bulid/platform/driver/src/stm32f4xx_cryp_aes.o
CRYP_AES_GCM                                      output/bulid/platform/driver/src/stm32f4xx_cryp_aes.o
CRYP_Cmd                                          output/bulid/platform/driver/src/stm32f4xx_cryp.o
                                                  output/bulid/platform/driver/src/stm32f4xx_cryp_tdes.o
                                                  output/bulid/platform/driver/src/stm32f4xx_cryp_des.o
                                                  output/bulid/platform/driver/src/stm32f4xx_cryp_aes.o
CRYP_DES_CBC                                      output/bulid/platform/driver/src/stm32f4xx_cryp_des.o
CRYP_DES_ECB                                      output/bulid/platform/driver/src/stm32f4xx_cryp_des.o
CRYP_DMACmd                                       output/bulid/platform/driver/src/stm32f4xx_cryp.o
CRYP_DataIn                                       output/bulid/platform/driver/src/stm32f4xx_cryp.o
                                                  output/bulid/platform/driver/src/stm32f4xx_cryp_tdes.o
                                                  output/bulid/platform/driver/src/stm32f4xx_cryp_des.o
                                                  output/bulid/platform/driver/src/stm32f4xx_cryp_aes.o
CRYP_DataOut                                      output/bulid/platform/driver/src/stm32f4xx_cryp.o
                                                  output/bulid/platform/driver/src/stm32f4xx_cryp_tdes.o
                                                  output/bulid/platform/driver/src/stm32f4xx_cryp_des.o
                                                  output/bulid/platform/driver/src/stm32f4xx_cryp_aes.o
CRYP_DeInit                                       output/bulid/platform/driver/src/stm32f4xx_cryp.o
CRYP_FIFOFlush                                    output/bulid/platform/driver/src/stm32f4xx_cryp.o
                                                  output/bulid/platform/driver/src/stm32f4xx_cryp_tdes.o
                                                  output/bulid/platform/driver/src/stm32f4xx_cryp_des.o
                                                  output/bulid/platform/driver/src/stm32f4xx_cryp_aes.o
CRYP_GetCmdStatus                                 output/bulid/platform/driver/src/stm32f4xx_cryp.o
                                                  output/bulid/platform/driver/src/stm32f4xx_cryp_tdes.o
                                                  output/bulid/platform/driver/src/stm32f4xx_cryp_des.o
                                                  output/bulid/platform/driver/src/stm32f4xx_cryp_aes.o
CRYP_GetFlagStatus                                output/bulid/platform/driver/src/stm32f4xx_cryp.o
                                                  output/bulid/platform/driver/src/stm32f4xx_cryp_tdes.o
                                                  output/bulid/platform/driver/src/stm32f4xx_cryp_des.o
                                                  output/bulid/platform/driver/src/stm32f4xx_cryp_aes.o
CRYP_GetITStatus                                  output/bulid/platform/driver/src/stm32f4xx_cryp.o
CRYP_IRQHandler                                   output/bulid/platform/cmsis/device/startup_stm32f40_41xxx.o
CRYP_ITConfig                                     output/bulid/platform/driver/src/stm32f4xx_cryp.o
CRYP_IVInit                                       output/bulid/platform/driver/src/stm32f4xx_cryp.o
                                                  output/bulid/platform/driver/src/stm32f4xx_cryp_tdes.o
                                                  output/bulid/platform/driver/src/stm32f4xx_cryp_des.o
                                                  output/bulid/platform/driver/src/stm32f4xx_cryp_aes.o
CRYP_IVStructInit                                 output/bulid/platform/driver/src/stm32f4xx_cryp.o
CRYP_Init                                         output/bulid/platform/driver/src/stm32f4xx_cryp.o
                                                  output/bulid/platform/driver/src/stm32f4xx_cryp_tdes.o
                                                  output/bulid/platform/driver/src/stm32f4xx_cryp_des.o
                                                  output/bulid/platform/driver/src/stm32f4xx_cryp_aes.o
CRYP_KeyInit                                      output/bulid/platform/driver/src/stm32f4xx_cryp.o
                                                  output/bulid/platform/driver/src/stm32f4xx_cryp_tdes.o
                                                  output/bulid/platform/driver/src/stm32f4xx_cryp_des.o
                                                  output/bulid/platform/driver/src/stm32f4xx_cryp_aes.o
CRYP_KeyStructInit                                output/bulid/platform/driver/src/stm32f4xx_cryp.o
                                                  output/bulid/platform/driver/src/stm32f4xx_cryp_tdes.o
                                                  output/bulid/platform/driver/src/stm32f4xx_cryp_des.o
                                                  output/bulid/platform/driver/src/stm32f4xx_cryp_aes.o
CRYP_PhaseConfig                                  output/bulid/platform/driver/src/stm32f4xx_cryp.o
                                                  output/bulid/platform/driver/src/stm32f4xx_cryp_aes.o
CRYP_RestoreContext                               output/bulid/platform/driver/src/stm32f4xx_cryp.o
CRYP_SaveContext                                  output/bulid/platform/driver/src/stm32f4xx_cryp.o
CRYP_StructInit                                   output/bulid/platform/driver/src/stm32f4xx_cryp.o
CRYP_TDES_CBC                                     output/bulid/platform/driver/src/stm32f4xx_cryp_tdes.o
CRYP_TDES_ECB                                     output/bulid/platform/driver/src/stm32f4xx_cryp_tdes.o
DAC_ClearFlag                                     output/bulid/platform/driver/src/stm32f4xx_dac.o
DAC_ClearITPendingBit                             output/bulid/platform/driver/src/stm32f4xx_dac.o
DAC_Cmd                                           output/bulid/platform/driver/src/stm32f4xx_dac.o
DAC_DMACmd                                        output/bulid/platform/driver/src/stm32f4xx_dac.o
DAC_DeInit                                        output/bulid/platform/driver/src/stm32f4xx_dac.o
DAC_DualSoftwareTriggerCmd                        output/bulid/platform/driver/src/stm32f4xx_dac.o
DAC_GetDataOutputValue                            output/bulid/platform/driver/src/stm32f4xx_dac.o
DAC_GetFlagStatus                                 output/bulid/platform/driver/src/stm32f4xx_dac.o
DAC_GetITStatus                                   output/bulid/platform/driver/src/stm32f4xx_dac.o
DAC_ITConfig                                      output/bulid/platform/driver/src/stm32f4xx_dac.o
DAC_Init                                          output/bulid/platform/driver/src/stm32f4xx_dac.o
DAC_SetChannel1Data                               output/bulid/platform/driver/src/stm32f4xx_dac.o
DAC_SetChannel2Data                               output/bulid/platform/driver/src/stm32f4xx_dac.o
DAC_SetDualChannelData                            output/bulid/platform/driver/src/stm32f4xx_dac.o
DAC_SoftwareTriggerCmd                            output/bulid/platform/driver/src/stm32f4xx_dac.o
DAC_StructInit                                    output/bulid/platform/driver/src/stm32f4xx_dac.o
DAC_WaveGenerationCmd                             output/bulid/platform/driver/src/stm32f4xx_dac.o
DBGMCU_APB1PeriphConfig                           output/bulid/platform/driver/src/stm32f4xx_dbgmcu.o
DBGMCU_APB2PeriphConfig                           output/bulid/platform/driver/src/stm32f4xx_dbgmcu.o
DBGMCU_Config                                     output/bulid/platform/driver/src/stm32f4xx_dbgmcu.o
DBGMCU_GetDEVID                                   output/bulid/platform/driver/src/stm32f4xx_dbgmcu.o
DBGMCU_GetREVID                                   output/bulid/platform/driver/src/stm32f4xx_dbgmcu.o
DCMI_CROPCmd                                      output/bulid/platform/driver/src/stm32f4xx_dcmi.o
DCMI_CROPConfig                                   output/bulid/platform/driver/src/stm32f4xx_dcmi.o
DCMI_CaptureCmd                                   output/bulid/platform/driver/src/stm32f4xx_dcmi.o
DCMI_ClearFlag                                    output/bulid/platform/driver/src/stm32f4xx_dcmi.o
DCMI_ClearITPendingBit                            output/bulid/platform/driver/src/stm32f4xx_dcmi.o
DCMI_Cmd                                          output/bulid/platform/driver/src/stm32f4xx_dcmi.o
DCMI_DeInit                                       output/bulid/platform/driver/src/stm32f4xx_dcmi.o
DCMI_GetFlagStatus                                output/bulid/platform/driver/src/stm32f4xx_dcmi.o
DCMI_GetITStatus                                  output/bulid/platform/driver/src/stm32f4xx_dcmi.o
DCMI_IRQHandler                                   output/bulid/platform/cmsis/device/startup_stm32f40_41xxx.o
DCMI_ITConfig                                     output/bulid/platform/driver/src/stm32f4xx_dcmi.o
DCMI_Init                                         output/bulid/platform/driver/src/stm32f4xx_dcmi.o
DCMI_JPEGCmd                                      output/bulid/platform/driver/src/stm32f4xx_dcmi.o
DCMI_ReadData                                     output/bulid/platform/driver/src/stm32f4xx_dcmi.o
DCMI_SetEmbeddedSynchroCodes                      output/bulid/platform/driver/src/stm32f4xx_dcmi.o
DCMI_StructInit                                   output/bulid/platform/driver/src/stm32f4xx_dcmi.o
DMA1_Stream0_IRQHandler                           output/bulid/platform/cmsis/device/startup_stm32f40_41xxx.o
DMA1_Stream1_IRQHandler                           output/bulid/platform/cmsis/device/startup_stm32f40_41xxx.o
DMA1_Stream2_IRQHandler                           output/bulid/platform/cmsis/device/startup_stm32f40_41xxx.o
DMA1_Stream3_IRQHandler                           output/bulid/platform/cmsis/device/startup_stm32f40_41xxx.o
DMA1_Stream4_IRQHandler                           output/bulid/platform/cmsis/device/startup_stm32f40_41xxx.o
DMA1_Stream5_IRQHandler                           output/bulid/platform/cmsis/device/startup_stm32f40_41xxx.o
DMA1_Stream6_IRQHandler                           output/bulid/platform/cmsis/device/startup_stm32f40_41xxx.o
DMA1_Stream7_IRQHandler                           output/bulid/platform/cmsis/device/startup_stm32f40_41xxx.o
DMA2D_AbortTransfer                               output/bulid/platform/driver/src/stm32f4xx_dma2d.o
DMA2D_BGConfig                                    output/bulid/platform/driver/src/stm32f4xx_dma2d.o
DMA2D_BGStart                                     output/bulid/platform/driver/src/stm32f4xx_dma2d.o
DMA2D_BG_StructInit                               output/bulid/platform/driver/src/stm32f4xx_dma2d.o
DMA2D_ClearFlag                                   output/bulid/platform/driver/src/stm32f4xx_dma2d.o
DMA2D_ClearITPendingBit                           output/bulid/platform/driver/src/stm32f4xx_dma2d.o
DMA2D_DeInit                                      output/bulid/platform/driver/src/stm32f4xx_dma2d.o
DMA2D_DeadTimeConfig                              output/bulid/platform/driver/src/stm32f4xx_dma2d.o
DMA2D_FGConfig                                    output/bulid/platform/driver/src/stm32f4xx_dma2d.o
DMA2D_FGStart                                     output/bulid/platform/driver/src/stm32f4xx_dma2d.o
DMA2D_FG_StructInit                               output/bulid/platform/driver/src/stm32f4xx_dma2d.o
DMA2D_GetFlagStatus                               output/bulid/platform/driver/src/stm32f4xx_dma2d.o
DMA2D_GetITStatus                                 output/bulid/platform/driver/src/stm32f4xx_dma2d.o
DMA2D_ITConfig                                    output/bulid/platform/driver/src/stm32f4xx_dma2d.o
DMA2D_Init                                        output/bulid/platform/driver/src/stm32f4xx_dma2d.o
DMA2D_LineWatermarkConfig                         output/bulid/platform/driver/src/stm32f4xx_dma2d.o
DMA2D_StartTransfer                               output/bulid/platform/driver/src/stm32f4xx_dma2d.o
DMA2D_StructInit                                  output/bulid/platform/driver/src/stm32f4xx_dma2d.o
DMA2D_Suspend                                     output/bulid/platform/driver/src/stm32f4xx_dma2d.o
DMA2_Stream0_IRQHandler                           output/bulid/platform/cmsis/device/startup_stm32f40_41xxx.o
DMA2_Stream1_IRQHandler                           output/bulid/platform/cmsis/device/startup_stm32f40_41xxx.o
DMA2_Stream2_IRQHandler                           output/bulid/platform/cmsis/device/startup_stm32f40_41xxx.o
DMA2_Stream3_IRQHandler                           output/bulid/platform/cmsis/device/startup_stm32f40_41xxx.o
DMA2_Stream4_IRQHandler                           output/bulid/platform/cmsis/device/startup_stm32f40_41xxx.o
DMA2_Stream5_IRQHandler                           output/bulid/platform/cmsis/device/startup_stm32f40_41xxx.o
DMA2_Stream6_IRQHandler                           output/bulid/platform/cmsis/device/startup_stm32f40_41xxx.o
DMA2_Stream7_IRQHandler                           output/bulid/platform/cmsis/device/startup_stm32f40_41xxx.o
DMA_ClearFlag                                     output/bulid/platform/driver/src/stm32f4xx_dma.o
DMA_ClearITPendingBit                             output/bulid/platform/driver/src/stm32f4xx_dma.o
DMA_Cmd                                           output/bulid/platform/driver/src/stm32f4xx_dma.o
DMA_DeInit                                        output/bulid/platform/driver/src/stm32f4xx_dma.o
DMA_DoubleBufferModeCmd                           output/bulid/platform/driver/src/stm32f4xx_dma.o
DMA_DoubleBufferModeConfig                        output/bulid/platform/driver/src/stm32f4xx_dma.o
DMA_FlowControllerConfig                          output/bulid/platform/driver/src/stm32f4xx_dma.o
DMA_GetCmdStatus                                  output/bulid/platform/driver/src/stm32f4xx_dma.o
DMA_GetCurrDataCounter                            output/bulid/platform/driver/src/stm32f4xx_dma.o
DMA_GetCurrentMemoryTarget                        output/bulid/platform/driver/src/stm32f4xx_dma.o
DMA_GetFIFOStatus                                 output/bulid/platform/driver/src/stm32f4xx_dma.o
DMA_GetFlagStatus                                 output/bulid/platform/driver/src/stm32f4xx_dma.o
DMA_GetITStatus                                   output/bulid/platform/driver/src/stm32f4xx_dma.o
DMA_ITConfig                                      output/bulid/platform/driver/src/stm32f4xx_dma.o
DMA_Init                                          output/bulid/platform/driver/src/stm32f4xx_dma.o
DMA_MemoryTargetConfig                            output/bulid/platform/driver/src/stm32f4xx_dma.o
DMA_PeriphIncOffsetSizeConfig                     output/bulid/platform/driver/src/stm32f4xx_dma.o
DMA_SetCurrDataCounter                            output/bulid/platform/driver/src/stm32f4xx_dma.o
DMA_StructInit                                    output/bulid/platform/driver/src/stm32f4xx_dma.o
DebugMon_Handler                                  output/bulid/platform/cmsis/device/startup_stm32f40_41xxx.o
Default_Handler                                   output/bulid/platform/cmsis/device/startup_stm32f40_41xxx.o
Delay_Init                                        output/bulid/driver/delay/delay.o
Delay_Ms                                          output/bulid/driver/delay/delay.o
                                                  output/bulid/driver/i2c/mpu6050.o
                                                  output/bulid/driver/LCD/lcd.o
Delay_Us                                          output/bulid/driver/delay/delay.o
                                                  output/bulid/driver/LCD/lcd.o
ETH_IRQHandler                                    output/bulid/platform/cmsis/device/startup_stm32f40_41xxx.o
ETH_WKUP_IRQHandler                               output/bulid/platform/cmsis/device/startup_stm32f40_41xxx.o
EXTI0_IRQHandler                                  output/bulid/platform/cmsis/device/startup_stm32f40_41xxx.o
EXTI15_10_IRQHandler                              output/bulid/platform/cmsis/device/startup_stm32f40_41xxx.o
EXTI1_IRQHandler                                  output/bulid/platform/cmsis/device/startup_stm32f40_41xxx.o
EXTI2_IRQHandler                                  output/bulid/platform/cmsis/device/startup_stm32f40_41xxx.o
EXTI3_IRQHandler                                  output/bulid/platform/cmsis/device/startup_stm32f40_41xxx.o
EXTI4_IRQHandler                                  output/bulid/platform/cmsis/device/startup_stm32f40_41xxx.o
EXTI9_5_IRQHandler                                output/bulid/platform/cmsis/device/startup_stm32f40_41xxx.o
EXTI_ClearFlag                                    output/bulid/platform/driver/src/stm32f4xx_exti.o
EXTI_ClearITPendingBit                            output/bulid/platform/driver/src/stm32f4xx_exti.o
EXTI_DeInit                                       output/bulid/platform/driver/src/stm32f4xx_exti.o
EXTI_GenerateSWInterrupt                          output/bulid/platform/driver/src/stm32f4xx_exti.o
EXTI_GetFlagStatus                                output/bulid/platform/driver/src/stm32f4xx_exti.o
EXTI_GetITStatus                                  output/bulid/platform/driver/src/stm32f4xx_exti.o
EXTI_Init                                         output/bulid/platform/driver/src/stm32f4xx_exti.o
EXTI_StructInit                                   output/bulid/platform/driver/src/stm32f4xx_exti.o
FLASH_ClearFlag                                   output/bulid/platform/driver/src/stm32f4xx_flash.o
FLASH_DataCacheCmd                                output/bulid/platform/driver/src/stm32f4xx_flash.o
FLASH_DataCacheReset                              output/bulid/platform/driver/src/stm32f4xx_flash.o
FLASH_EraseAllBank1Sectors                        output/bulid/platform/driver/src/stm32f4xx_flash.o
FLASH_EraseAllBank2Sectors                        output/bulid/platform/driver/src/stm32f4xx_flash.o
FLASH_EraseAllSectors                             output/bulid/platform/driver/src/stm32f4xx_flash.o
FLASH_EraseSector                                 output/bulid/platform/driver/src/stm32f4xx_flash.o
FLASH_FlashInterfaceCmd                           output/bulid/platform/driver/src/stm32f4xx_flash_ramfunc.o
FLASH_FlashSleepModeCmd                           output/bulid/platform/driver/src/stm32f4xx_flash_ramfunc.o
FLASH_GetFlagStatus                               output/bulid/platform/driver/src/stm32f4xx_flash.o
FLASH_GetStatus                                   output/bulid/platform/driver/src/stm32f4xx_flash.o
FLASH_IRQHandler                                  output/bulid/platform/cmsis/device/startup_stm32f40_41xxx.o
FLASH_ITConfig                                    output/bulid/platform/driver/src/stm32f4xx_flash.o
FLASH_InstructionCacheCmd                         output/bulid/platform/driver/src/stm32f4xx_flash.o
FLASH_InstructionCacheReset                       output/bulid/platform/driver/src/stm32f4xx_flash.o
FLASH_Lock                                        output/bulid/platform/driver/src/stm32f4xx_flash.o
FLASH_OB_BORConfig                                output/bulid/platform/driver/src/stm32f4xx_flash.o
FLASH_OB_BootConfig                               output/bulid/platform/driver/src/stm32f4xx_flash.o
FLASH_OB_GetBOR                                   output/bulid/platform/driver/src/stm32f4xx_flash.o
FLASH_OB_GetPCROP                                 output/bulid/platform/driver/src/stm32f4xx_flash.o
FLASH_OB_GetPCROP1                                output/bulid/platform/driver/src/stm32f4xx_flash.o
FLASH_OB_GetRDP                                   output/bulid/platform/driver/src/stm32f4xx_flash.o
FLASH_OB_GetUser                                  output/bulid/platform/driver/src/stm32f4xx_flash.o
FLASH_OB_GetWRP                                   output/bulid/platform/driver/src/stm32f4xx_flash.o
FLASH_OB_GetWRP1                                  output/bulid/platform/driver/src/stm32f4xx_flash.o
FLASH_OB_Launch                                   output/bulid/platform/driver/src/stm32f4xx_flash.o
FLASH_OB_Lock                                     output/bulid/platform/driver/src/stm32f4xx_flash.o
FLASH_OB_PCROP1Config                             output/bulid/platform/driver/src/stm32f4xx_flash.o
FLASH_OB_PCROPConfig                              output/bulid/platform/driver/src/stm32f4xx_flash.o
FLASH_OB_PCROPSelectionConfig                     output/bulid/platform/driver/src/stm32f4xx_flash.o
FLASH_OB_RDPConfig                                output/bulid/platform/driver/src/stm32f4xx_flash.o
FLASH_OB_Unlock                                   output/bulid/platform/driver/src/stm32f4xx_flash.o
FLASH_OB_UserConfig                               output/bulid/platform/driver/src/stm32f4xx_flash.o
FLASH_OB_WRP1Config                               output/bulid/platform/driver/src/stm32f4xx_flash.o
FLASH_OB_WRPConfig                                output/bulid/platform/driver/src/stm32f4xx_flash.o
FLASH_PrefetchBufferCmd                           output/bulid/platform/driver/src/stm32f4xx_flash.o
FLASH_ProgramByte                                 output/bulid/platform/driver/src/stm32f4xx_flash.o
FLASH_ProgramDoubleWord                           output/bulid/platform/driver/src/stm32f4xx_flash.o
FLASH_ProgramHalfWord                             output/bulid/platform/driver/src/stm32f4xx_flash.o
FLASH_ProgramWord                                 output/bulid/platform/driver/src/stm32f4xx_flash.o
FLASH_SetLatency                                  output/bulid/platform/driver/src/stm32f4xx_flash.o
FLASH_Unlock                                      output/bulid/platform/driver/src/stm32f4xx_flash.o
FLASH_WaitForLastOperation                        output/bulid/platform/driver/src/stm32f4xx_flash.o
FPU_IRQHandler                                    output/bulid/platform/cmsis/device/startup_stm32f40_41xxx.o
FSMC_ClearFlag                                    output/bulid/platform/driver/src/stm32f4xx_fsmc.o
FSMC_ClearITPendingBit                            output/bulid/platform/driver/src/stm32f4xx_fsmc.o
FSMC_DefaultTimingStruct                          output/bulid/platform/driver/src/stm32f4xx_fsmc.o
FSMC_GetECC                                       output/bulid/platform/driver/src/stm32f4xx_fsmc.o
FSMC_GetFlagStatus                                output/bulid/platform/driver/src/stm32f4xx_fsmc.o
FSMC_GetITStatus                                  output/bulid/platform/driver/src/stm32f4xx_fsmc.o
FSMC_IRQHandler                                   output/bulid/platform/cmsis/device/startup_stm32f40_41xxx.o
FSMC_ITConfig                                     output/bulid/platform/driver/src/stm32f4xx_fsmc.o
FSMC_NANDCmd                                      output/bulid/platform/driver/src/stm32f4xx_fsmc.o
FSMC_NANDDeInit                                   output/bulid/platform/driver/src/stm32f4xx_fsmc.o
FSMC_NANDECCCmd                                   output/bulid/platform/driver/src/stm32f4xx_fsmc.o
FSMC_NANDInit                                     output/bulid/platform/driver/src/stm32f4xx_fsmc.o
FSMC_NANDStructInit                               output/bulid/platform/driver/src/stm32f4xx_fsmc.o
FSMC_NORSRAMCmd                                   output/bulid/platform/driver/src/stm32f4xx_fsmc.o
                                                  output/bulid/driver/LCD/lcd.o
FSMC_NORSRAMDeInit                                output/bulid/platform/driver/src/stm32f4xx_fsmc.o
FSMC_NORSRAMInit                                  output/bulid/platform/driver/src/stm32f4xx_fsmc.o
                                                  output/bulid/driver/LCD/lcd.o
FSMC_NORSRAMStructInit                            output/bulid/platform/driver/src/stm32f4xx_fsmc.o
FSMC_PCCARDCmd                                    output/bulid/platform/driver/src/stm32f4xx_fsmc.o
FSMC_PCCARDDeInit                                 output/bulid/platform/driver/src/stm32f4xx_fsmc.o
FSMC_PCCARDInit                                   output/bulid/platform/driver/src/stm32f4xx_fsmc.o
FSMC_PCCARDStructInit                             output/bulid/platform/driver/src/stm32f4xx_fsmc.o
GPIO_DeInit                                       output/bulid/platform/driver/src/stm32f4xx_gpio.o
GPIO_Init                                         output/bulid/platform/driver/src/stm32f4xx_gpio.o
                                                  output/bulid/driver/led/led.o
                                                  output/bulid/driver/i2c/i2c.o
                                                  output/bulid/driver/LCD/lcd.o
GPIO_PinAFConfig                                  output/bulid/platform/driver/src/stm32f4xx_gpio.o
                                                  output/bulid/driver/i2c/i2c.o
                                                  output/bulid/driver/LCD/lcd.o
GPIO_PinLockConfig                                output/bulid/platform/driver/src/stm32f4xx_gpio.o
GPIO_ReadInputData                                output/bulid/platform/driver/src/stm32f4xx_gpio.o
GPIO_ReadInputDataBit                             output/bulid/platform/driver/src/stm32f4xx_gpio.o
GPIO_ReadOutputData                               output/bulid/platform/driver/src/stm32f4xx_gpio.o
GPIO_ReadOutputDataBit                            output/bulid/platform/driver/src/stm32f4xx_gpio.o
GPIO_ResetBits                                    output/bulid/platform/driver/src/stm32f4xx_gpio.o
                                                  output/bulid/driver/led/led.o
GPIO_SetBits                                      output/bulid/platform/driver/src/stm32f4xx_gpio.o
                                                  output/bulid/driver/led/led.o
                                                  output/bulid/driver/LCD/lcd.o
GPIO_StructInit                                   output/bulid/platform/driver/src/stm32f4xx_gpio.o
GPIO_ToggleBits                                   output/bulid/platform/driver/src/stm32f4xx_gpio.o
GPIO_Write                                        output/bulid/platform/driver/src/stm32f4xx_gpio.o
GPIO_WriteBit                                     output/bulid/platform/driver/src/stm32f4xx_gpio.o
HASH_AutoStartDigest                              output/bulid/platform/driver/src/stm32f4xx_hash.o
HASH_ClearFlag                                    output/bulid/platform/driver/src/stm32f4xx_hash.o
HASH_ClearITPendingBit                            output/bulid/platform/driver/src/stm32f4xx_hash.o
HASH_DMACmd                                       output/bulid/platform/driver/src/stm32f4xx_hash.o
HASH_DataIn                                       output/bulid/platform/driver/src/stm32f4xx_hash.o
                                                  output/bulid/platform/driver/src/stm32f4xx_hash_sha1.o
                                                  output/bulid/platform/driver/src/stm32f4xx_hash_md5.o
HASH_DeInit                                       output/bulid/platform/driver/src/stm32f4xx_hash.o
                                                  output/bulid/platform/driver/src/stm32f4xx_hash_sha1.o
                                                  output/bulid/platform/driver/src/stm32f4xx_hash_md5.o
HASH_GetDigest                                    output/bulid/platform/driver/src/stm32f4xx_hash.o
                                                  output/bulid/platform/driver/src/stm32f4xx_hash_sha1.o
                                                  output/bulid/platform/driver/src/stm32f4xx_hash_md5.o
HASH_GetFlagStatus                                output/bulid/platform/driver/src/stm32f4xx_hash.o
                                                  output/bulid/platform/driver/src/stm32f4xx_hash_sha1.o
                                                  output/bulid/platform/driver/src/stm32f4xx_hash_md5.o
HASH_GetITStatus                                  output/bulid/platform/driver/src/stm32f4xx_hash.o
HASH_GetInFIFOWordsNbr                            output/bulid/platform/driver/src/stm32f4xx_hash.o
HASH_ITConfig                                     output/bulid/platform/driver/src/stm32f4xx_hash.o
HASH_Init                                         output/bulid/platform/driver/src/stm32f4xx_hash.o
                                                  output/bulid/platform/driver/src/stm32f4xx_hash_sha1.o
                                                  output/bulid/platform/driver/src/stm32f4xx_hash_md5.o
HASH_MD5                                          output/bulid/platform/driver/src/stm32f4xx_hash_md5.o
HASH_RNG_IRQHandler                               output/bulid/platform/cmsis/device/startup_stm32f40_41xxx.o
HASH_Reset                                        output/bulid/platform/driver/src/stm32f4xx_hash.o
HASH_RestoreContext                               output/bulid/platform/driver/src/stm32f4xx_hash.o
HASH_SHA1                                         output/bulid/platform/driver/src/stm32f4xx_hash_sha1.o
HASH_SaveContext                                  output/bulid/platform/driver/src/stm32f4xx_hash.o
HASH_SetLastWordValidBitsNbr                      output/bulid/platform/driver/src/stm32f4xx_hash.o
                                                  output/bulid/platform/driver/src/stm32f4xx_hash_sha1.o
                                                  output/bulid/platform/driver/src/stm32f4xx_hash_md5.o
HASH_StartDigest                                  output/bulid/platform/driver/src/stm32f4xx_hash.o
                                                  output/bulid/platform/driver/src/stm32f4xx_hash_sha1.o
                                                  output/bulid/platform/driver/src/stm32f4xx_hash_md5.o
HASH_StructInit                                   output/bulid/platform/driver/src/stm32f4xx_hash.o
HMAC_MD5                                          output/bulid/platform/driver/src/stm32f4xx_hash_md5.o
HMAC_SHA1                                         output/bulid/platform/driver/src/stm32f4xx_hash_sha1.o
HardFault_Handler                                 output/bulid/platform/cmsis/device/startup_stm32f40_41xxx.o
I2C1_ER_IRQHandler                                output/bulid/platform/cmsis/device/startup_stm32f40_41xxx.o
I2C1_EV_IRQHandler                                output/bulid/platform/cmsis/device/startup_stm32f40_41xxx.o
I2C2_ER_IRQHandler                                output/bulid/platform/cmsis/device/startup_stm32f40_41xxx.o
I2C2_EV_IRQHandler                                output/bulid/platform/cmsis/device/startup_stm32f40_41xxx.o
I2C3_ER_IRQHandler                                output/bulid/platform/cmsis/device/startup_stm32f40_41xxx.o
I2C3_EV_IRQHandler                                output/bulid/platform/cmsis/device/startup_stm32f40_41xxx.o
I2C_ARPCmd                                        output/bulid/platform/driver/src/stm32f4xx_i2c.o
I2C_AcknowledgeConfig                             output/bulid/platform/driver/src/stm32f4xx_i2c.o
I2C_AnalogFilterCmd                               output/bulid/platform/driver/src/stm32f4xx_i2c.o
I2C_CalculatePEC                                  output/bulid/platform/driver/src/stm32f4xx_i2c.o
I2C_CheckEvent                                    output/bulid/platform/driver/src/stm32f4xx_i2c.o
I2C_ClearFlag                                     output/bulid/platform/driver/src/stm32f4xx_i2c.o
                                                  output/bulid/driver/i2c/i2c.o
I2C_ClearITPendingBit                             output/bulid/platform/driver/src/stm32f4xx_i2c.o
I2C_Cmd                                           output/bulid/platform/driver/src/stm32f4xx_i2c.o
I2C_DMACmd                                        output/bulid/platform/driver/src/stm32f4xx_i2c.o
I2C_DMALastTransferCmd                            output/bulid/platform/driver/src/stm32f4xx_i2c.o
I2C_DeInit                                        output/bulid/platform/driver/src/stm32f4xx_i2c.o
I2C_DigitalFilterConfig                           output/bulid/platform/driver/src/stm32f4xx_i2c.o
I2C_DualAddressCmd                                output/bulid/platform/driver/src/stm32f4xx_i2c.o
I2C_FastModeDutyCycleConfig                       output/bulid/platform/driver/src/stm32f4xx_i2c.o
I2C_GeneralCallCmd                                output/bulid/platform/driver/src/stm32f4xx_i2c.o
I2C_GenerateSTART                                 output/bulid/platform/driver/src/stm32f4xx_i2c.o
                                                  output/bulid/driver/i2c/i2c.o
I2C_GenerateSTOP                                  output/bulid/platform/driver/src/stm32f4xx_i2c.o
                                                  output/bulid/driver/i2c/i2c.o
I2C_GetFlagStatus                                 output/bulid/platform/driver/src/stm32f4xx_i2c.o
                                                  output/bulid/driver/i2c/i2c.o
I2C_GetITStatus                                   output/bulid/platform/driver/src/stm32f4xx_i2c.o
I2C_GetLastEvent                                  output/bulid/platform/driver/src/stm32f4xx_i2c.o
I2C_GetPEC                                        output/bulid/platform/driver/src/stm32f4xx_i2c.o
I2C_ITConfig                                      output/bulid/platform/driver/src/stm32f4xx_i2c.o
I2C_Init                                          output/bulid/platform/driver/src/stm32f4xx_i2c.o
                                                  output/bulid/driver/i2c/i2c.o
I2C_NACKPositionConfig                            output/bulid/platform/driver/src/stm32f4xx_i2c.o
I2C_OwnAddress2Config                             output/bulid/platform/driver/src/stm32f4xx_i2c.o
I2C_PECPositionConfig                             output/bulid/platform/driver/src/stm32f4xx_i2c.o
I2C_ReadRegister                                  output/bulid/platform/driver/src/stm32f4xx_i2c.o
I2C_ReceiveData                                   output/bulid/platform/driver/src/stm32f4xx_i2c.o
                                                  output/bulid/driver/i2c/i2c.o
I2C_SMBusAlertConfig                              output/bulid/platform/driver/src/stm32f4xx_i2c.o
I2C_Send7bitAddress                               output/bulid/platform/driver/src/stm32f4xx_i2c.o
                                                  output/bulid/driver/i2c/i2c.o
I2C_SendData                                      output/bulid/platform/driver/src/stm32f4xx_i2c.o
                                                  output/bulid/driver/i2c/i2c.o
I2C_SoftwareResetCmd                              output/bulid/platform/driver/src/stm32f4xx_i2c.o
I2C_StretchClockCmd                               output/bulid/platform/driver/src/stm32f4xx_i2c.o
I2C_StructInit                                    output/bulid/platform/driver/src/stm32f4xx_i2c.o
I2C_TransmitPEC                                   output/bulid/platform/driver/src/stm32f4xx_i2c.o
I2S_Cmd                                           output/bulid/platform/driver/src/stm32f4xx_spi.o
I2S_FullDuplexConfig                              output/bulid/platform/driver/src/stm32f4xx_spi.o
I2S_Init                                          output/bulid/platform/driver/src/stm32f4xx_spi.o
I2S_StructInit                                    output/bulid/platform/driver/src/stm32f4xx_spi.o
IWDG_Enable                                       output/bulid/platform/driver/src/stm32f4xx_iwdg.o
IWDG_GetFlagStatus                                output/bulid/platform/driver/src/stm32f4xx_iwdg.o
IWDG_ReloadCounter                                output/bulid/platform/driver/src/stm32f4xx_iwdg.o
IWDG_SetPrescaler                                 output/bulid/platform/driver/src/stm32f4xx_iwdg.o
IWDG_SetReload                                    output/bulid/platform/driver/src/stm32f4xx_iwdg.o
IWDG_WriteAccessCmd                               output/bulid/platform/driver/src/stm32f4xx_iwdg.o
LCD_BGR2RGB                                       output/bulid/driver/LCD/lcd.o
LCD_Clear                                         output/bulid/driver/LCD/lcd.o
                                                  output/bulid/boot/main.o
LCD_Color_Fill                                    output/bulid/driver/LCD/lcd.o
LCD_DisplayOff                                    output/bulid/driver/LCD/lcd.o
LCD_DisplayOn                                     output/bulid/driver/LCD/lcd.o
                                                  output/bulid/boot/main.o
LCD_Display_Dir                                   output/bulid/driver/LCD/lcd.o
LCD_DrawLine                                      output/bulid/driver/LCD/lcd.o
LCD_DrawPoint                                     output/bulid/driver/LCD/lcd.o
LCD_DrawRectangle                                 output/bulid/driver/LCD/lcd.o
LCD_Draw_Circle                                   output/bulid/driver/LCD/lcd.o
LCD_Fast_DrawPoint                                output/bulid/driver/LCD/lcd.o
LCD_Fill                                          output/bulid/driver/LCD/lcd.o
LCD_Init                                          output/bulid/driver/LCD/lcd.o
                                                  output/bulid/boot/main.o
LCD_Pow                                           output/bulid/driver/LCD/lcd.o
LCD_RD_DATA                                       output/bulid/driver/LCD/lcd.o
LCD_ReadPoint                                     output/bulid/driver/LCD/lcd.o
LCD_ReadReg                                       output/bulid/driver/LCD/lcd.o
LCD_Scan_Dir                                      output/bulid/driver/LCD/lcd.o
LCD_SetCursor                                     output/bulid/driver/LCD/lcd.o
LCD_Set_Window                                    output/bulid/driver/LCD/lcd.o
LCD_ShowChar                                      output/bulid/driver/LCD/lcd.o
LCD_ShowNum                                       output/bulid/driver/LCD/lcd.o
LCD_ShowString                                    output/bulid/driver/LCD/lcd.o
                                                  output/bulid/driver/i2c/mpu6050.o
                                                  output/bulid/boot/main.o
LCD_ShowxNum                                      output/bulid/driver/LCD/lcd.o
LCD_WR_DATA                                       output/bulid/driver/LCD/lcd.o
LCD_WR_REG                                        output/bulid/driver/LCD/lcd.o
LCD_WriteRAM                                      output/bulid/driver/LCD/lcd.o
LCD_WriteRAM_Prepare                              output/bulid/driver/LCD/lcd.o
LCD_WriteReg                                      output/bulid/driver/LCD/lcd.o
LED_Init                                          output/bulid/driver/led/led.o
LED_Off                                           output/bulid/driver/led/led.o
LED_On                                            output/bulid/driver/led/led.o
LTDC_CLUTCmd                                      output/bulid/platform/driver/src/stm32f4xx_ltdc.o
LTDC_CLUTInit                                     output/bulid/platform/driver/src/stm32f4xx_ltdc.o
LTDC_CLUTStructInit                               output/bulid/platform/driver/src/stm32f4xx_ltdc.o
LTDC_ClearFlag                                    output/bulid/platform/driver/src/stm32f4xx_ltdc.o
LTDC_ClearITPendingBit                            output/bulid/platform/driver/src/stm32f4xx_ltdc.o
LTDC_Cmd                                          output/bulid/platform/driver/src/stm32f4xx_ltdc.o
LTDC_ColorKeyingConfig                            output/bulid/platform/driver/src/stm32f4xx_ltdc.o
LTDC_ColorKeyingStructInit                        output/bulid/platform/driver/src/stm32f4xx_ltdc.o
LTDC_DeInit                                       output/bulid/platform/driver/src/stm32f4xx_ltdc.o
LTDC_DitherCmd                                    output/bulid/platform/driver/src/stm32f4xx_ltdc.o
LTDC_GetCDStatus                                  output/bulid/platform/driver/src/stm32f4xx_ltdc.o
LTDC_GetFlagStatus                                output/bulid/platform/driver/src/stm32f4xx_ltdc.o
LTDC_GetITStatus                                  output/bulid/platform/driver/src/stm32f4xx_ltdc.o
LTDC_GetPosStatus                                 output/bulid/platform/driver/src/stm32f4xx_ltdc.o
LTDC_GetRGBWidth                                  output/bulid/platform/driver/src/stm32f4xx_ltdc.o
LTDC_ITConfig                                     output/bulid/platform/driver/src/stm32f4xx_ltdc.o
LTDC_Init                                         output/bulid/platform/driver/src/stm32f4xx_ltdc.o
LTDC_LIPConfig                                    output/bulid/platform/driver/src/stm32f4xx_ltdc.o
LTDC_LayerAddress                                 output/bulid/platform/driver/src/stm32f4xx_ltdc.o
LTDC_LayerAlpha                                   output/bulid/platform/driver/src/stm32f4xx_ltdc.o
LTDC_LayerCmd                                     output/bulid/platform/driver/src/stm32f4xx_ltdc.o
LTDC_LayerInit                                    output/bulid/platform/driver/src/stm32f4xx_ltdc.o
LTDC_LayerPixelFormat                             output/bulid/platform/driver/src/stm32f4xx_ltdc.o
LTDC_LayerPosition                                output/bulid/platform/driver/src/stm32f4xx_ltdc.o
LTDC_LayerSize                                    output/bulid/platform/driver/src/stm32f4xx_ltdc.o
LTDC_LayerStructInit                              output/bulid/platform/driver/src/stm32f4xx_ltdc.o
LTDC_PosStructInit                                output/bulid/platform/driver/src/stm32f4xx_ltdc.o
LTDC_RGBStructInit                                output/bulid/platform/driver/src/stm32f4xx_ltdc.o
LTDC_ReloadConfig                                 output/bulid/platform/driver/src/stm32f4xx_ltdc.o
LTDC_StructInit                                   output/bulid/platform/driver/src/stm32f4xx_ltdc.o
MemManage_Handler                                 output/bulid/platform/cmsis/device/startup_stm32f40_41xxx.o
NMI_Handler                                       output/bulid/platform/cmsis/device/startup_stm32f40_41xxx.o
NVIC_Init                                         output/bulid/platform/driver/src/misc.o
NVIC_PriorityGroupConfig                          output/bulid/platform/driver/src/misc.o
NVIC_SetVectorTable                               output/bulid/platform/driver/src/misc.o
NVIC_SystemLPConfig                               output/bulid/platform/driver/src/misc.o
OTG_FS_IRQHandler                                 output/bulid/platform/cmsis/device/startup_stm32f40_41xxx.o
OTG_FS_WKUP_IRQHandler                            output/bulid/platform/cmsis/device/startup_stm32f40_41xxx.o
OTG_HS_EP1_IN_IRQHandler                          output/bulid/platform/cmsis/device/startup_stm32f40_41xxx.o
OTG_HS_EP1_OUT_IRQHandler                         output/bulid/platform/cmsis/device/startup_stm32f40_41xxx.o
OTG_HS_IRQHandler                                 output/bulid/platform/cmsis/device/startup_stm32f40_41xxx.o
OTG_HS_WKUP_IRQHandler                            output/bulid/platform/cmsis/device/startup_stm32f40_41xxx.o
POINT_COLOR                                       output/bulid/driver/LCD/lcd.o
PVD_IRQHandler                                    output/bulid/platform/cmsis/device/startup_stm32f40_41xxx.o
PWR_BackupAccessCmd                               output/bulid/platform/driver/src/stm32f4xx_pwr.o
PWR_BackupRegulatorCmd                            output/bulid/platform/driver/src/stm32f4xx_pwr.o
PWR_ClearFlag                                     output/bulid/platform/driver/src/stm32f4xx_pwr.o
PWR_DeInit                                        output/bulid/platform/driver/src/stm32f4xx_pwr.o
PWR_EnterSTANDBYMode                              output/bulid/platform/driver/src/stm32f4xx_pwr.o
PWR_EnterSTOPMode                                 output/bulid/platform/driver/src/stm32f4xx_pwr.o
PWR_EnterUnderDriveSTOPMode                       output/bulid/platform/driver/src/stm32f4xx_pwr.o
PWR_FlashPowerDownCmd                             output/bulid/platform/driver/src/stm32f4xx_pwr.o
PWR_GetFlagStatus                                 output/bulid/platform/driver/src/stm32f4xx_pwr.o
PWR_MainRegulatorModeConfig                       output/bulid/platform/driver/src/stm32f4xx_pwr.o
PWR_OverDriveCmd                                  output/bulid/platform/driver/src/stm32f4xx_pwr.o
PWR_OverDriveSWCmd                                output/bulid/platform/driver/src/stm32f4xx_pwr.o
PWR_PVDCmd                                        output/bulid/platform/driver/src/stm32f4xx_pwr.o
PWR_PVDLevelConfig                                output/bulid/platform/driver/src/stm32f4xx_pwr.o
PWR_UnderDriveCmd                                 output/bulid/platform/driver/src/stm32f4xx_pwr.o
PWR_WakeUpPinCmd                                  output/bulid/platform/driver/src/stm32f4xx_pwr.o
PendSV_Handler                                    output/bulid/platform/cmsis/device/startup_stm32f40_41xxx.o
RCC_AHB1PeriphClockCmd                            output/bulid/platform/driver/src/stm32f4xx_rcc.o
                                                  output/bulid/driver/led/led.o
                                                  output/bulid/driver/LCD/lcd.o
                                                  output/bulid/boot/main.o
RCC_AHB1PeriphClockLPModeCmd                      output/bulid/platform/driver/src/stm32f4xx_rcc.o
RCC_AHB1PeriphResetCmd                            output/bulid/platform/driver/src/stm32f4xx_rcc.o
                                                  output/bulid/platform/driver/src/stm32f4xx_gpio.o
                                                  output/bulid/platform/driver/src/stm32f4xx_dma2d.o
RCC_AHB2PeriphClockCmd                            output/bulid/platform/driver/src/stm32f4xx_rcc.o
RCC_AHB2PeriphClockLPModeCmd                      output/bulid/platform/driver/src/stm32f4xx_rcc.o
RCC_AHB2PeriphResetCmd                            output/bulid/platform/driver/src/stm32f4xx_rcc.o
                                                  output/bulid/platform/driver/src/stm32f4xx_rng.o
                                                  output/bulid/platform/driver/src/stm32f4xx_hash.o
                                                  output/bulid/platform/driver/src/stm32f4xx_cryp.o
RCC_AHB3PeriphClockCmd                            output/bulid/platform/driver/src/stm32f4xx_rcc.o
                                                  output/bulid/driver/LCD/lcd.o
RCC_AHB3PeriphClockLPModeCmd                      output/bulid/platform/driver/src/stm32f4xx_rcc.o
RCC_AHB3PeriphResetCmd                            output/bulid/platform/driver/src/stm32f4xx_rcc.o
RCC_APB1PeriphClockCmd                            output/bulid/platform/driver/src/stm32f4xx_rcc.o
                                                  output/bulid/driver/delay/delay.o
                                                  output/bulid/boot/main.o
RCC_APB1PeriphClockLPModeCmd                      output/bulid/platform/driver/src/stm32f4xx_rcc.o
RCC_APB1PeriphResetCmd                            output/bulid/platform/driver/src/stm32f4xx_rcc.o
                                                  output/bulid/platform/driver/src/stm32f4xx_wwdg.o
                                                  output/bulid/platform/driver/src/stm32f4xx_usart.o
                                                  output/bulid/platform/driver/src/stm32f4xx_tim.o
                                                  output/bulid/platform/driver/src/stm32f4xx_spi.o
                                                  output/bulid/platform/driver/src/stm32f4xx_pwr.o
                                                  output/bulid/platform/driver/src/stm32f4xx_i2c.o
                                                  output/bulid/platform/driver/src/stm32f4xx_dac.o
                                                  output/bulid/platform/driver/src/stm32f4xx_can.o
RCC_APB2PeriphClockCmd                            output/bulid/platform/driver/src/stm32f4xx_rcc.o
RCC_APB2PeriphClockLPModeCmd                      output/bulid/platform/driver/src/stm32f4xx_rcc.o
RCC_APB2PeriphResetCmd                            output/bulid/platform/driver/src/stm32f4xx_rcc.o
                                                  output/bulid/platform/driver/src/stm32f4xx_usart.o
                                                  output/bulid/platform/driver/src/stm32f4xx_tim.o
                                                  output/bulid/platform/driver/src/stm32f4xx_syscfg.o
                                                  output/bulid/platform/driver/src/stm32f4xx_spi.o
                                                  output/bulid/platform/driver/src/stm32f4xx_sdio.o
                                                  output/bulid/platform/driver/src/stm32f4xx_sai.o
                                                  output/bulid/platform/driver/src/stm32f4xx_ltdc.o
                                                  output/bulid/platform/driver/src/stm32f4xx_adc.o